Archive member included to satisfy reference by file (symbol)

c:/st/stm32cubeide_1.5.1/stm32cubeide/plugins/com.st.stm32cube.ide.mcu.externaltools.gnu-tools-for-stm32.7-2018-q2-update.win32_1.5.0.202011040924/tools/bin/../lib/gcc/arm-none-eabi/7.3.1/../../../../arm-none-eabi/lib/thumb/v7e-m/fpv4-sp/hard\libc_nano.a(lib_a-errno.o)
                              Core/Src/syscalls.o (__errno)
c:/st/stm32cubeide_1.5.1/stm32cubeide/plugins/com.st.stm32cube.ide.mcu.externaltools.gnu-tools-for-stm32.7-2018-q2-update.win32_1.5.0.202011040924/tools/bin/../lib/gcc/arm-none-eabi/7.3.1/../../../../arm-none-eabi/lib/thumb/v7e-m/fpv4-sp/hard\libc_nano.a(lib_a-exit.o)
                              c:/st/stm32cubeide_1.5.1/stm32cubeide/plugins/com.st.stm32cube.ide.mcu.externaltools.gnu-tools-for-stm32.7-2018-q2-update.win32_1.5.0.202011040924/tools/bin/../lib/gcc/arm-none-eabi/7.3.1/../../../../arm-none-eabi/lib/thumb/v7e-m/fpv4-sp/hard/crt0.o (exit)
c:/st/stm32cubeide_1.5.1/stm32cubeide/plugins/com.st.stm32cube.ide.mcu.externaltools.gnu-tools-for-stm32.7-2018-q2-update.win32_1.5.0.202011040924/tools/bin/../lib/gcc/arm-none-eabi/7.3.1/../../../../arm-none-eabi/lib/thumb/v7e-m/fpv4-sp/hard\libc_nano.a(lib_a-impure.o)
                              c:/st/stm32cubeide_1.5.1/stm32cubeide/plugins/com.st.stm32cube.ide.mcu.externaltools.gnu-tools-for-stm32.7-2018-q2-update.win32_1.5.0.202011040924/tools/bin/../lib/gcc/arm-none-eabi/7.3.1/../../../../arm-none-eabi/lib/thumb/v7e-m/fpv4-sp/hard\libc_nano.a(lib_a-exit.o) (_global_impure_ptr)
c:/st/stm32cubeide_1.5.1/stm32cubeide/plugins/com.st.stm32cube.ide.mcu.externaltools.gnu-tools-for-stm32.7-2018-q2-update.win32_1.5.0.202011040924/tools/bin/../lib/gcc/arm-none-eabi/7.3.1/../../../../arm-none-eabi/lib/thumb/v7e-m/fpv4-sp/hard\libc_nano.a(lib_a-init.o)
                              c:/st/stm32cubeide_1.5.1/stm32cubeide/plugins/com.st.stm32cube.ide.mcu.externaltools.gnu-tools-for-stm32.7-2018-q2-update.win32_1.5.0.202011040924/tools/bin/../lib/gcc/arm-none-eabi/7.3.1/../../../../arm-none-eabi/lib/thumb/v7e-m/fpv4-sp/hard/crt0.o (__libc_init_array)
c:/st/stm32cubeide_1.5.1/stm32cubeide/plugins/com.st.stm32cube.ide.mcu.externaltools.gnu-tools-for-stm32.7-2018-q2-update.win32_1.5.0.202011040924/tools/bin/../lib/gcc/arm-none-eabi/7.3.1/../../../../arm-none-eabi/lib/thumb/v7e-m/fpv4-sp/hard\libc_nano.a(lib_a-memcpy-stub.o)
                              Core/Src/main.o (memcpy)
c:/st/stm32cubeide_1.5.1/stm32cubeide/plugins/com.st.stm32cube.ide.mcu.externaltools.gnu-tools-for-stm32.7-2018-q2-update.win32_1.5.0.202011040924/tools/bin/../lib/gcc/arm-none-eabi/7.3.1/../../../../arm-none-eabi/lib/thumb/v7e-m/fpv4-sp/hard\libc_nano.a(lib_a-memset.o)
                              c:/st/stm32cubeide_1.5.1/stm32cubeide/plugins/com.st.stm32cube.ide.mcu.externaltools.gnu-tools-for-stm32.7-2018-q2-update.win32_1.5.0.202011040924/tools/bin/../lib/gcc/arm-none-eabi/7.3.1/../../../../arm-none-eabi/lib/thumb/v7e-m/fpv4-sp/hard/crt0.o (memset)
c:/st/stm32cubeide_1.5.1/stm32cubeide/plugins/com.st.stm32cube.ide.mcu.externaltools.gnu-tools-for-stm32.7-2018-q2-update.win32_1.5.0.202011040924/tools/bin/../lib/gcc/arm-none-eabi/7.3.1/../../../../arm-none-eabi/lib/thumb/v7e-m/fpv4-sp/hard\libc_nano.a(lib_a-sprintf.o)
                              Core/Src/main.o (sprintf)
c:/st/stm32cubeide_1.5.1/stm32cubeide/plugins/com.st.stm32cube.ide.mcu.externaltools.gnu-tools-for-stm32.7-2018-q2-update.win32_1.5.0.202011040924/tools/bin/../lib/gcc/arm-none-eabi/7.3.1/../../../../arm-none-eabi/lib/thumb/v7e-m/fpv4-sp/hard\libc_nano.a(lib_a-nano-svfprintf.o)
                              c:/st/stm32cubeide_1.5.1/stm32cubeide/plugins/com.st.stm32cube.ide.mcu.externaltools.gnu-tools-for-stm32.7-2018-q2-update.win32_1.5.0.202011040924/tools/bin/../lib/gcc/arm-none-eabi/7.3.1/../../../../arm-none-eabi/lib/thumb/v7e-m/fpv4-sp/hard\libc_nano.a(lib_a-sprintf.o) (_svfprintf_r)
c:/st/stm32cubeide_1.5.1/stm32cubeide/plugins/com.st.stm32cube.ide.mcu.externaltools.gnu-tools-for-stm32.7-2018-q2-update.win32_1.5.0.202011040924/tools/bin/../lib/gcc/arm-none-eabi/7.3.1/../../../../arm-none-eabi/lib/thumb/v7e-m/fpv4-sp/hard\libc_nano.a(lib_a-nano-vfprintf_i.o)
                              c:/st/stm32cubeide_1.5.1/stm32cubeide/plugins/com.st.stm32cube.ide.mcu.externaltools.gnu-tools-for-stm32.7-2018-q2-update.win32_1.5.0.202011040924/tools/bin/../lib/gcc/arm-none-eabi/7.3.1/../../../../arm-none-eabi/lib/thumb/v7e-m/fpv4-sp/hard\libc_nano.a(lib_a-nano-svfprintf.o) (_printf_i)
c:/st/stm32cubeide_1.5.1/stm32cubeide/plugins/com.st.stm32cube.ide.mcu.externaltools.gnu-tools-for-stm32.7-2018-q2-update.win32_1.5.0.202011040924/tools/bin/../lib/gcc/arm-none-eabi/7.3.1/../../../../arm-none-eabi/lib/thumb/v7e-m/fpv4-sp/hard\libc_nano.a(lib_a-memchr.o)
[...]
Memory Configuration

Name             Origin             Length             Attributes
RAM              0x0000000020000000 0x0000000000050000 xrw
FLASH            0x0000000008000000 0x0000000000100000 xr
*default*        0x0000000000000000 0xffffffffffffffff

Linker script and memory map

LOAD c:/st/stm32cubeide_1.5.1/stm32cubeide/plugins/com.st.stm32cube.ide.mcu.externaltools.gnu-tools-for-stm32.7-2018-q2-update.win32_1.5.0.202011040924/tools/bin/../lib/gcc/arm-none-eabi/7.3.1/thumb/v7e-m/fpv4-sp/hard/crti.o
LOAD c:/st/stm32cubeide_1.5.1/stm32cubeide/plugins/com.st.stm32cube.ide.mcu.externaltools.gnu-tools-for-stm32.7-2018-q2-update.win32_1.5.0.202011040924/tools/bin/../lib/gcc/arm-none-eabi/7.3.1/thumb/v7e-m/fpv4-sp/hard/crtbegin.o
LOAD c:/st/stm32cubeide_1.5.1/stm32cubeide/plugins/com.st.stm32cube.ide.mcu.externaltools.gnu-tools-for-stm32.7-2018-q2-update.win32_1.5.0.202011040924/tools/bin/../lib/gcc/arm-none-eabi/7.3.1/../../../../arm-none-eabi/lib/thumb/v7e-m/fpv4-sp/hard/crt0.o
LOAD Core/Src/freertos.o
LOAD Core/Src/ft5336.o
LOAD Core/Src/main.o
LOAD Core/Src/stm32746g_discovery.o
LOAD Core/Src/stm32746g_discovery_lcd.o
LOAD Core/Src/stm32746g_discovery_sdram.o
LOAD Core/Src/stm32746g_discovery_ts.o
LOAD Core/Src/stm32f7xx_hal_msp.o
LOAD Core/Src/stm32f7xx_hal_timebase_tim.o
LOAD Core/Src/stm32f7xx_it.o
LOAD Core/Src/syscalls.o
LOAD Core/Src/sysmem.o
LOAD Core/Src/system_stm32f7xx.o
LOAD Core/Startup/startup_stm32f746nghx.o
LOAD Drivers/STM32F7xx_HAL_Driver/Src/stm32f7xx_hal.o
LOAD Drivers/STM32F7xx_HAL_Driver/Src/stm32f7xx_hal_adc.o
LOAD Drivers/STM32F7xx_HAL_Driver/Src/stm32f7xx_hal_adc_ex.o
LOAD Drivers/STM32F7xx_HAL_Driver/Src/stm32f7xx_hal_cortex.o
LOAD Drivers/STM32F7xx_HAL_Driver/Src/stm32f7xx_hal_dac.o
LOAD Drivers/STM32F7xx_HAL_Driver/Src/stm32f7xx_hal_dac_ex.o
LOAD Drivers/STM32F7xx_HAL_Driver/Src/stm32f7xx_hal_dma.o
LOAD Drivers/STM32F7xx_HAL_Driver/Src/stm32f7xx_hal_dma2d.o
LOAD Drivers/STM32F7xx_HAL_Driver/Src/stm32f7xx_hal_dma_ex.o
LOAD Drivers/STM32F7xx_HAL_Driver/Src/stm32f7xx_hal_dsi.o
LOAD Drivers/STM32F7xx_HAL_Driver/Src/stm32f7xx_hal_exti.o
LOAD Drivers/STM32F7xx_HAL_Driver/Src/stm32f7xx_hal_flash.o
LOAD Drivers/STM32F7xx_HAL_Driver/Src/stm32f7xx_hal_flash_ex.o
LOAD Drivers/STM32F7xx_HAL_Driver/Src/stm32f7xx_hal_gpio.o
LOAD Drivers/STM32F7xx_HAL_Driver/Src/stm32f7xx_hal_i2c.o
LOAD Drivers/STM32F7xx_HAL_Driver/Src/stm32f7xx_hal_i2c_ex.o
LOAD Drivers/STM32F7xx_HAL_Driver/Src/stm32f7xx_hal_ltdc.o
LOAD Drivers/STM32F7xx_HAL_Driver/Src/stm32f7xx_hal_ltdc_ex.o
LOAD Drivers/STM32F7xx_HAL_Driver/Src/stm32f7xx_hal_pwr.o
LOAD Drivers/STM32F7xx_HAL_Driver/Src/stm32f7xx_hal_pwr_ex.o
LOAD Drivers/STM32F7xx_HAL_Driver/Src/stm32f7xx_hal_rcc.o
LOAD Drivers/STM32F7xx_HAL_Driver/Src/stm32f7xx_hal_rcc_ex.o
LOAD Drivers/STM32F7xx_HAL_Driver/Src/stm32f7xx_hal_rtc.o
LOAD Drivers/STM32F7xx_HAL_Driver/Src/stm32f7xx_hal_rtc_ex.o
LOAD Drivers/STM32F7xx_HAL_Driver/Src/stm32f7xx_hal_sdram.o
LOAD Drivers/STM32F7xx_HAL_Driver/Src/stm32f7xx_hal_spi.o
LOAD Drivers/STM32F7xx_HAL_Driver/Src/stm32f7xx_hal_spi_ex.o
LOAD Drivers/STM32F7xx_HAL_Driver/Src/stm32f7xx_hal_tim.o
LOAD Drivers/STM32F7xx_HAL_Driver/Src/stm32f7xx_hal_tim_ex.o
LOAD Drivers/STM32F7xx_HAL_Driver/Src/stm32f7xx_hal_uart.o
LOAD Drivers/STM32F7xx_HAL_Driver/Src/stm32f7xx_hal_uart_ex.o
LOAD Drivers/STM32F7xx_HAL_Driver/Src/stm32f7xx_ll_fmc.o
LOAD Middlewares/Third_Party/FreeRTOS/Source/CMSIS_RTOS/cmsis_os.o
LOAD Middlewares/Third_Party/FreeRTOS/Source/croutine.o
LOAD Middlewares/Third_Party/FreeRTOS/Source/event_groups.o
LOAD Middlewares/Third_Party/FreeRTOS/Source/list.o
LOAD Middlewares/Third_Party/FreeRTOS/Source/queue.o
LOAD Middlewares/Third_Party/FreeRTOS/Source/stream_buffer.o
LOAD Middlewares/Third_Party/FreeRTOS/Source/tasks.o
LOAD Middlewares/Third_Party/FreeRTOS/Source/timers.o
LOAD Middlewares/Third_Party/FreeRTOS/Source/portable/GCC/ARM_CM7/r0p1/port.o
LOAD Middlewares/Third_Party/FreeRTOS/Source/portable/MemMang/heap_4.o
START GROUP
LOAD c:/st/stm32cubeide_1.5.1/stm32cubeide/plugins/com.st.stm32cube.ide.mcu.externaltools.gnu-tools-for-stm32.7-2018-q2-update.win32_1.5.0.202011040924/tools/bin/../lib/gcc/arm-none-eabi/7.3.1/../../../../arm-none-eabi/lib/thumb/v7e-m/fpv4-sp/hard\libc_nano.a
LOAD c:/st/stm32cubeide_1.5.1/stm32cubeide/plugins/com.st.stm32cube.ide.mcu.externaltools.gnu-tools-for-stm32.7-2018-q2-update.win32_1.5.0.202011040924/tools/bin/../lib/gcc/arm-none-eabi/7.3.1/../../../../arm-none-eabi/lib/thumb/v7e-m/fpv4-sp/hard\libm.a
END GROUP
START GROUP
LOAD c:/st/stm32cubeide_1.5.1/stm32cubeide/plugins/com.st.stm32cube.ide.mcu.externaltools.gnu-tools-for-stm32.7-2018-q2-update.win32_1.5.0.202011040924/tools/bin/../lib/gcc/arm-none-eabi/7.3.1/thumb/v7e-m/fpv4-sp/hard\libgcc.a
LOAD c:/st/stm32cubeide_1.5.1/stm32cubeide/plugins/com.st.stm32cube.ide.mcu.externaltools.gnu-tools-for-stm32.7-2018-q2-update.win32_1.5.0.202011040924/tools/bin/../lib/gcc/arm-none-eabi/7.3.1/../../../../arm-none-eabi/lib/thumb/v7e-m/fpv4-sp/hard\libc_nano.a
END GROUP
START GROUP
LOAD c:/st/stm32cubeide_1.5.1/stm32cubeide/plugins/com.st.stm32cube.ide.mcu.externaltools.gnu-tools-for-stm32.7-2018-q2-update.win32_1.5.0.202011040924/tools/bin/../lib/gcc/arm-none-eabi/7.3.1/thumb/v7e-m/fpv4-sp/hard\libgcc.a
LOAD c:/st/stm32cubeide_1.5.1/stm32cubeide/plugins/com.st.stm32cube.ide.mcu.externaltools.gnu-tools-for-stm32.7-2018-q2-update.win32_1.5.0.202011040924/tools/bin/../lib/gcc/arm-none-eabi/7.3.1/../../../../arm-none-eabi/lib/thumb/v7e-m/fpv4-sp/hard\libc_nano.a
LOAD c:/st/stm32cubeide_1.5.1/stm32cubeide/plugins/com.st.stm32cube.ide.mcu.externaltools.gnu-tools-for-stm32.7-2018-q2-update.win32_1.5.0.202011040924/tools/bin/../lib/gcc/arm-none-eabi/7.3.1/../../../../arm-none-eabi/lib/thumb/v7e-m/fpv4-sp/hard\libnosys.a
END GROUP
START GROUP
LOAD c:/st/stm32cubeide_1.5.1/stm32cubeide/plugins/com.st.stm32cube.ide.mcu.externaltools.gnu-tools-for-stm32.7-2018-q2-update.win32_1.5.0.202011040924/tools/bin/../lib/gcc/arm-none-eabi/7.3.1/thumb/v7e-m/fpv4-sp/hard\libgcc.a
LOAD c:/st/stm32cubeide_1.5.1/stm32cubeide/plugins/com.st.stm32cube.ide.mcu.externaltools.gnu-tools-for-stm32.7-2018-q2-update.win32_1.5.0.202011040924/tools/bin/../lib/gcc/arm-none-eabi/7.3.1/../../../../arm-none-eabi/lib/thumb/v7e-m/fpv4-sp/hard\libc_nano.a
LOAD c:/st/stm32cubeide_1.5.1/stm32cubeide/plugins/com.st.stm32cube.ide.mcu.externaltools.gnu-tools-for-stm32.7-2018-q2-update.win32_1.5.0.202011040924/tools/bin/../lib/gcc/arm-none-eabi/7.3.1/../../../../arm-none-eabi/lib/thumb/v7e-m/fpv4-sp/hard\libnosys.a
END GROUP
LOAD c:/st/stm32cubeide_1.5.1/stm32cubeide/plugins/com.st.stm32cube.ide.mcu.externaltools.gnu-tools-for-stm32.7-2018-q2-update.win32_1.5.0.202011040924/tools/bin/../lib/gcc/arm-none-eabi/7.3.1/thumb/v7e-m/fpv4-sp/hard/crtend.o
LOAD c:/st/stm32cubeide_1.5.1/stm32cubeide/plugins/com.st.stm32cube.ide.mcu.externaltools.gnu-tools-for-stm32.7-2018-q2-update.win32_1.5.0.202011040924/tools/bin/../lib/gcc/arm-none-eabi/7.3.1/thumb/v7e-m/fpv4-sp/hard/crtn.o
                0x0000000020050000                _estack = (ORIGIN (RAM) + LENGTH (RAM))
                0x0000000000000200                _Min_Heap_Size = 0x200
                0x0000000000000400                _Min_Stack_Size = 0x400

.isr_vector     0x0000000008000000      0x1c8
                0x0000000008000000                . = ALIGN (0x4)
 *(.isr_vector)
 .isr_vector    0x0000000008000000      0x1c8 Core/Startup/startup_stm32f746nghx.o
                0x0000000008000000                g_pfnVectors
                0x00000000080001c8                . = ALIGN (0x4)

.text           0x00000000080001d0     0xe890
                0x00000000080001d0                . = ALIGN (0x4)
 *(.text)
 .text          0x00000000080001d0       0x40 c:/st/stm32cubeide_1.5.1/stm32cubeide/plugins/com.st.stm32cube.ide.mcu.externaltools.gnu-tools-for-stm32.7-2018-q2-update.win32_1.5.0.202011040924/tools/bin/../lib/gcc/arm-none-eabi/7.3.1/thumb/v7e-m/fpv4-sp/hard/crtbegin.o
 .text          0x0000000008000210       0xa0 c:/st/stm32cubeide_1.5.1/stm32cubeide/plugins/com.st.stm32cube.ide.mcu.externaltools.gnu-tools-for-stm32.7-2018-q2-update.win32_1.5.0.202011040924/tools/bin/../lib/gcc/arm-none-eabi/7.3.1/../../../../arm-none-eabi/lib/thumb/v7e-m/fpv4-sp/hard\libc_nano.a(lib_a-memchr.o)
                0x0000000008000210                memchr
 .text          0x00000000080002b0       0x30 c:/st/stm32cubeide_1.5.1/stm32cubeide/plugins/com.st.stm32cube.ide.mcu.externaltools.gnu-tools-for-stm32.7-2018-q2-update.win32_1.5.0.202011040924/tools/bin/../lib/gcc/arm-none-eabi/7.3.1/thumb/v7e-m/fpv4-sp/hard\libgcc.a(_aeabi_uldivmod.o)
                0x00000000080002b0                __aeabi_uldivmod
 .text          0x00000000080002e0      0x2cc c:/st/stm32cubeide_1.5.1/stm32cubeide/plugins/com.st.stm32cube.ide.mcu.externaltools.gnu-tools-for-stm32.7-2018-q2-update.win32_1.5.0.202011040924/tools/bin/../lib/gcc/arm-none-eabi/7.3.1/thumb/v7e-m/fpv4-sp/hard\libgcc.a(_udivmoddi4.o)
                0x00000000080002e0                __udivmoddi4
 .text          0x00000000080005ac        0x4 c:/st/stm32cubeide_1.5.1/stm32cubeide/plugins/com.st.stm32cube.ide.mcu.externaltools.gnu-tools-for-stm32.7-2018-q2-update.win32_1.5.0.202011040924/tools/bin/../lib/gcc/arm-none-eabi/7.3.1/thumb/v7e-m/fpv4-sp/hard\libgcc.a(_dvmd_tls.o)
                0x00000000080005ac                __aeabi_idiv0
                0x00000000080005ac                __aeabi_ldiv0
 *(.text*)
 .text.vApplicationIdleHook
                0x00000000080005b0        0xe Core/Src/freertos.o
                0x00000000080005b0                vApplicationIdleHook
 .text.vApplicationStackOverflowHook
                0x00000000080005be       0x16 Core/Src/freertos.o
                0x00000000080005be                vApplicationStackOverflowHook
 .text.vApplicationMallocFailedHook
                0x00000000080005d4        0xe Core/Src/freertos.o
                0x00000000080005d4                vApplicationMallocFailedHook
 *fill*         0x00000000080005e2        0x2 
 .text.vApplicationGetIdleTaskMemory
                0x00000000080005e4       0x34 Core/Src/freertos.o
                0x00000000080005e4                vApplicationGetIdleTaskMemory
 .text.ft5336_Init
                0x0000000008000618       0x1c Core/Src/ft5336.o
                0x0000000008000618                ft5336_Init
 .text.ft5336_Reset
                0x0000000008000634       0x16 Core/Src/ft5336.o
                0x0000000008000634                ft5336_Reset
 .text.ft5336_ReadID
                0x000000000800064a       0x5c Core/Src/ft5336.o
                0x000000000800064a                ft5336_ReadID
 .text.ft5336_TS_Start
                0x00000000080006a6       0x22 Core/Src/ft5336.o
                0x00000000080006a6                ft5336_TS_Start
 .text.ft5336_TS_DetectTouch
                0x00000000080006c8       0x54 Core/Src/ft5336.o
                0x00000000080006c8                ft5336_TS_DetectTouch
 .text.ft5336_TS_GetXY
                0x000000000800071c      0x1e0 Core/Src/ft5336.o
                0x000000000800071c                ft5336_TS_GetXY
 .text.ft5336_TS_EnableIT
                0x00000000080008fc       0x28 Core/Src/ft5336.o
                0x00000000080008fc                ft5336_TS_EnableIT
 .text.ft5336_TS_DisableIT
                0x0000000008000924       0x28 Core/Src/ft5336.o
                0x0000000008000924                ft5336_TS_DisableIT
 .text.ft5336_TS_ITStatus
                0x000000000800094c       0x18 Core/Src/ft5336.o
                0x000000000800094c                ft5336_TS_ITStatus
 .text.ft5336_TS_ClearIT
                0x0000000008000964       0x16 Core/Src/ft5336.o
                0x0000000008000964                ft5336_TS_ClearIT
 .text.ft5336_TS_GetGestureID
                0x000000000800097a       0x32 Core/Src/ft5336.o
                0x000000000800097a                ft5336_TS_GetGestureID
 .text.ft5336_TS_GetTouchInfo
                0x00000000080009ac      0x15c Core/Src/ft5336.o
                0x00000000080009ac                ft5336_TS_GetTouchInfo
 .text.ft5336_Get_I2C_InitializedStatus
                0x0000000008000b08       0x18 Core/Src/ft5336.o
 .text.ft5336_I2C_InitializeIfRequired
                0x0000000008000b20       0x20 Core/Src/ft5336.o
 .text.ft5336_TS_Configure
                0x0000000008000b40       0x1c Core/Src/ft5336.o
 .text.main     0x0000000008000b5c      0x3ac Core/Src/main.o
                0x0000000008000b5c                main
 .text.SystemClock_Config
                0x0000000008000f08      0x160 Core/Src/main.o
                0x0000000008000f08                SystemClock_Config
 .text.MX_ADC1_Init
                0x0000000008001068       0xa4 Core/Src/main.o
 .text.MX_ADC3_Init
                0x000000000800110c       0xa4 Core/Src/main.o
 .text.MX_DAC_Init
                0x00000000080011b0       0x54 Core/Src/main.o
 .text.MX_DMA2D_Init
                0x0000000008001204       0x64 Core/Src/main.o
 .text.MX_I2C1_Init
                0x0000000008001268       0x80 Core/Src/main.o
 .text.MX_I2C3_Init
                0x00000000080012e8       0x80 Core/Src/main.o
 .text.MX_LTDC_Init
                0x0000000008001368      0x104 Core/Src/main.o
 .text.MX_RTC_Init
                0x000000000800146c      0x14c Core/Src/main.o
 .text.MX_SPI2_Init
                0x00000000080015b8       0x7c Core/Src/main.o
 .text.MX_TIM1_Init
                0x0000000008001634       0xa8 Core/Src/main.o
 .text.MX_TIM2_Init
                0x00000000080016dc       0x9c Core/Src/main.o
 .text.MX_TIM3_Init
                0x0000000008001778      0x11c Core/Src/main.o
 .text.MX_TIM5_Init
                0x0000000008001894       0x9c Core/Src/main.o
 .text.MX_TIM8_Init
                0x0000000008001930      0x154 Core/Src/main.o
 .text.MX_UART7_Init
                0x0000000008001a84       0x60 Core/Src/main.o
 .text.MX_USART1_UART_Init
                0x0000000008001ae4       0x60 Core/Src/main.o
 .text.MX_USART6_UART_Init
                0x0000000008001b44       0x60 Core/Src/main.o
 .text.MX_FMC_Init
                0x0000000008001ba4       0x9c Core/Src/main.o
 .text.MX_GPIO_Init
                0x0000000008001c40      0x404 Core/Src/main.o
 .text.HAL_UART_RxCpltCallback
                0x0000000008002044       0x54 Core/Src/main.o
                0x0000000008002044                HAL_UART_RxCpltCallback
 .text.HAL_GPIO_EXTI_Callback
                0x0000000008002098       0x30 Core/Src/main.o
                0x0000000008002098                HAL_GPIO_EXTI_Callback
 .text.TestConditionBord
                0x00000000080020c8       0x52 Core/Src/main.o
                0x00000000080020c8                TestConditionBord
 *fill*         0x000000000800211a        0x2 
 .text.LCD_PAINTBRUSH
                0x000000000800211c       0x34 Core/Src/main.o
                0x000000000800211c                LCD_PAINTBRUSH
 .text.StartDefaultTask
                0x0000000008002150       0x10 Core/Src/main.o
                0x0000000008002150                StartDefaultTask
 .text.StartMode
                0x0000000008002160      0x448 Core/Src/main.o
                0x0000000008002160                StartMode
 .text.StartPeindre
                0x00000000080025a8       0x90 Core/Src/main.o
                0x00000000080025a8                StartPeindre
 .text.StartTaskEtat
                0x0000000008002638      0x1f4 Core/Src/main.o
                0x0000000008002638                StartTaskEtat
 .text.HAL_TIM_PeriodElapsedCallback
                0x000000000800282c       0x24 Core/Src/main.o
                0x000000000800282c                HAL_TIM_PeriodElapsedCallback
 .text.Error_Handler
                0x0000000008002850        0x8 Core/Src/main.o
                0x0000000008002850                Error_Handler
 .text.I2Cx_MspInit
                0x0000000008002858      0x160 Core/Src/stm32746g_discovery.o
 .text.I2Cx_Init
                0x00000000080029b8       0x78 Core/Src/stm32746g_discovery.o
 .text.I2Cx_ReadMultiple
                0x0000000008002a30       0x5a Core/Src/stm32746g_discovery.o
 .text.I2Cx_WriteMultiple
                0x0000000008002a8a       0x5a Core/Src/stm32746g_discovery.o
 .text.I2Cx_Error
                0x0000000008002ae4       0x20 Core/Src/stm32746g_discovery.o
 .text.TS_IO_Init
                0x0000000008002b04       0x14 Core/Src/stm32746g_discovery.o
                0x0000000008002b04                TS_IO_Init
 .text.TS_IO_Write
                0x0000000008002b18       0x34 Core/Src/stm32746g_discovery.o
                0x0000000008002b18                TS_IO_Write
 .text.TS_IO_Read
                0x0000000008002b4c       0x3c Core/Src/stm32746g_discovery.o
                0x0000000008002b4c                TS_IO_Read
 .text.TS_IO_Delay
                0x0000000008002b88       0x16 Core/Src/stm32746g_discovery.o
                0x0000000008002b88                TS_IO_Delay
 *fill*         0x0000000008002b9e        0x2 
 .text.BSP_LCD_Init
                0x0000000008002ba0       0xe0 Core/Src/stm32746g_discovery_lcd.o
                0x0000000008002ba0                BSP_LCD_Init
 .text.BSP_LCD_GetXSize
                0x0000000008002c80       0x28 Core/Src/stm32746g_discovery_lcd.o
                0x0000000008002c80                BSP_LCD_GetXSize
 .text.BSP_LCD_GetYSize
                0x0000000008002ca8       0x28 Core/Src/stm32746g_discovery_lcd.o
                0x0000000008002ca8                BSP_LCD_GetYSize
 .text.BSP_LCD_LayerDefaultInit
                0x0000000008002cd0       0xc0 Core/Src/stm32746g_discovery_lcd.o
                0x0000000008002cd0                BSP_LCD_LayerDefaultInit
 .text.BSP_LCD_SelectLayer
                0x0000000008002d90       0x20 Core/Src/stm32746g_discovery_lcd.o
                0x0000000008002d90                BSP_LCD_SelectLayer
 .text.BSP_LCD_SetTextColor
                0x0000000008002db0       0x30 Core/Src/stm32746g_discovery_lcd.o
                0x0000000008002db0                BSP_LCD_SetTextColor
 .text.BSP_LCD_SetBackColor
                0x0000000008002de0       0x34 Core/Src/stm32746g_discovery_lcd.o
                0x0000000008002de0                BSP_LCD_SetBackColor
 .text.BSP_LCD_SetFont
                0x0000000008002e14       0x34 Core/Src/stm32746g_discovery_lcd.o
                0x0000000008002e14                BSP_LCD_SetFont
 .text.BSP_LCD_GetFont
                0x0000000008002e48       0x2c Core/Src/stm32746g_discovery_lcd.o
                0x0000000008002e48                BSP_LCD_GetFont
 .text.BSP_LCD_Clear
                0x0000000008002e74       0x50 Core/Src/stm32746g_discovery_lcd.o
                0x0000000008002e74                BSP_LCD_Clear
 .text.BSP_LCD_DisplayChar
                0x0000000008002ec4       0x88 Core/Src/stm32746g_discovery_lcd.o
                0x0000000008002ec4                BSP_LCD_DisplayChar
 .text.BSP_LCD_DisplayStringAt
                0x0000000008002f4c      0x188 Core/Src/stm32746g_discovery_lcd.o
                0x0000000008002f4c                BSP_LCD_DisplayStringAt
 .text.BSP_LCD_DisplayStringAtLine
                0x00000000080030d4       0x2e Core/Src/stm32746g_discovery_lcd.o
                0x00000000080030d4                BSP_LCD_DisplayStringAtLine
 *fill*         0x0000000008003102        0x2 
 .text.BSP_LCD_DrawHLine
                0x0000000008003104       0xbc Core/Src/stm32746g_discovery_lcd.o
                0x0000000008003104                BSP_LCD_DrawHLine
 .text.BSP_LCD_DrawCircle
                0x00000000080031c0      0x1e0 Core/Src/stm32746g_discovery_lcd.o
                0x00000000080031c0                BSP_LCD_DrawCircle
 .text.BSP_LCD_DrawPixel
                0x00000000080033a0       0x90 Core/Src/stm32746g_discovery_lcd.o
                0x00000000080033a0                BSP_LCD_DrawPixel
 .text.BSP_LCD_FillRect
                0x0000000008003430       0xf4 Core/Src/stm32746g_discovery_lcd.o
                0x0000000008003430                BSP_LCD_FillRect
 .text.BSP_LCD_FillCircle
                0x0000000008003524      0x140 Core/Src/stm32746g_discovery_lcd.o
                0x0000000008003524                BSP_LCD_FillCircle
 .text.BSP_LCD_DisplayOn
                0x0000000008003664       0x3c Core/Src/stm32746g_discovery_lcd.o
                0x0000000008003664                BSP_LCD_DisplayOn
 .text.BSP_LCD_MspInit
                0x00000000080036a0      0x1b4 Core/Src/stm32746g_discovery_lcd.o
                0x00000000080036a0                BSP_LCD_MspInit
 .text.BSP_LCD_ClockConfig
                0x0000000008003854       0x38 Core/Src/stm32746g_discovery_lcd.o
                0x0000000008003854                BSP_LCD_ClockConfig
 .text.DrawChar
                0x000000000800388c      0x170 Core/Src/stm32746g_discovery_lcd.o
 .text.LL_FillBuffer
                0x00000000080039fc       0x98 Core/Src/stm32746g_discovery_lcd.o
 .text.BSP_SDRAM_Init
                0x0000000008003a94       0xbc Core/Src/stm32746g_discovery_sdram.o
                0x0000000008003a94                BSP_SDRAM_Init
 .text.BSP_SDRAM_Initialization_sequence
                0x0000000008003b50       0xc0 Core/Src/stm32746g_discovery_sdram.o
                0x0000000008003b50                BSP_SDRAM_Initialization_sequence
 .text.BSP_SDRAM_MspInit
                0x0000000008003c10      0x1f0 Core/Src/stm32746g_discovery_sdram.o
                0x0000000008003c10                BSP_SDRAM_MspInit
 .text.BSP_TS_Init
                0x0000000008003e00       0x80 Core/Src/stm32746g_discovery_ts.o
                0x0000000008003e00                BSP_TS_Init
 .text.BSP_TS_GetState
                0x0000000008003e80      0x3ac Core/Src/stm32746g_discovery_ts.o
                0x0000000008003e80                BSP_TS_GetState
 .text.BSP_TS_Get_GestureId
                0x000000000800422c       0x94 Core/Src/stm32746g_discovery_ts.o
                0x000000000800422c                BSP_TS_Get_GestureId
 .text.HAL_MspInit
                0x00000000080042c0       0x50 Core/Src/stm32f7xx_hal_msp.o
                0x00000000080042c0                HAL_MspInit
 .text.HAL_ADC_MspInit
                0x0000000008004310       0xdc Core/Src/stm32f7xx_hal_msp.o
                0x0000000008004310                HAL_ADC_MspInit
 .text.HAL_DAC_MspInit
                0x00000000080043ec       0x90 Core/Src/stm32f7xx_hal_msp.o
                0x00000000080043ec                HAL_DAC_MspInit
 .text.HAL_DMA2D_MspInit
                0x000000000800447c       0x40 Core/Src/stm32f7xx_hal_msp.o
                0x000000000800447c                HAL_DMA2D_MspInit
 .text.HAL_I2C_MspInit
                0x00000000080044bc       0xf0 Core/Src/stm32f7xx_hal_msp.o
                0x00000000080044bc                HAL_I2C_MspInit
 .text.HAL_I2C_MspDeInit
                0x00000000080045ac       0x78 Core/Src/stm32f7xx_hal_msp.o
                0x00000000080045ac                HAL_I2C_MspDeInit
 .text.HAL_LTDC_MspInit
                0x0000000008004624      0x190 Core/Src/stm32f7xx_hal_msp.o
                0x0000000008004624                HAL_LTDC_MspInit
 .text.HAL_RTC_MspInit
                0x00000000080047b4       0x34 Core/Src/stm32f7xx_hal_msp.o
                0x00000000080047b4                HAL_RTC_MspInit
 .text.HAL_SPI_MspInit
                0x00000000080047e8       0xe4 Core/Src/stm32f7xx_hal_msp.o
                0x00000000080047e8                HAL_SPI_MspInit
 .text.HAL_TIM_Base_MspInit
                0x00000000080048cc       0xdc Core/Src/stm32f7xx_hal_msp.o
                0x00000000080048cc                HAL_TIM_Base_MspInit
 .text.HAL_TIM_MspPostInit
                0x00000000080049a8       0xbc Core/Src/stm32f7xx_hal_msp.o
                0x00000000080049a8                HAL_TIM_MspPostInit
 .text.HAL_UART_MspInit
                0x0000000008004a64      0x19c Core/Src/stm32f7xx_hal_msp.o
                0x0000000008004a64                HAL_UART_MspInit
 .text.HAL_FMC_MspInit
                0x0000000008004c00      0x120 Core/Src/stm32f7xx_hal_msp.o
 .text.HAL_SDRAM_MspInit
                0x0000000008004d20       0x14 Core/Src/stm32f7xx_hal_msp.o
                0x0000000008004d20                HAL_SDRAM_MspInit
 .text.HAL_InitTick
                0x0000000008004d34       0xb0 Core/Src/stm32f7xx_hal_timebase_tim.o
                0x0000000008004d34                HAL_InitTick
 .text.NMI_Handler
                0x0000000008004de4        0x6 Core/Src/stm32f7xx_it.o
                0x0000000008004de4                NMI_Handler
 .text.HardFault_Handler
                0x0000000008004dea        0x6 Core/Src/stm32f7xx_it.o
                0x0000000008004dea                HardFault_Handler
 .text.MemManage_Handler
                0x0000000008004df0        0x6 Core/Src/stm32f7xx_it.o
                0x0000000008004df0                MemManage_Handler
 .text.BusFault_Handler
                0x0000000008004df6        0x6 Core/Src/stm32f7xx_it.o
                0x0000000008004df6                BusFault_Handler
 .text.UsageFault_Handler
                0x0000000008004dfc        0x6 Core/Src/stm32f7xx_it.o
                0x0000000008004dfc                UsageFault_Handler
 .text.DebugMon_Handler
                0x0000000008004e02        0xe Core/Src/stm32f7xx_it.o
                0x0000000008004e02                DebugMon_Handler
 .text.EXTI9_5_IRQHandler
                0x0000000008004e10        0xe Core/Src/stm32f7xx_it.o
                0x0000000008004e10                EXTI9_5_IRQHandler
 *fill*         0x0000000008004e1e        0x2 
 .text.USART1_IRQHandler
                0x0000000008004e20       0x14 Core/Src/stm32f7xx_it.o
                0x0000000008004e20                USART1_IRQHandler
 .text.TIM6_DAC_IRQHandler
                0x0000000008004e34       0x1c Core/Src/stm32f7xx_it.o
                0x0000000008004e34                TIM6_DAC_IRQHandler
 .text.LTDC_IRQHandler
                0x0000000008004e50       0x14 Core/Src/stm32f7xx_it.o
                0x0000000008004e50                LTDC_IRQHandler
 .text._sbrk    0x0000000008004e64       0x6c Core/Src/sysmem.o
                0x0000000008004e64                _sbrk
 .text.SystemInit
                0x0000000008004ed0       0x2c Core/Src/system_stm32f7xx.o
                0x0000000008004ed0                SystemInit
 .text.Reset_Handler
                0x0000000008004efc       0x50 Core/Startup/startup_stm32f746nghx.o
                0x0000000008004efc                Reset_Handler
 .text.Default_Handler
                0x0000000008004f4c        0x2 Core/Startup/startup_stm32f746nghx.o
                0x0000000008004f4c                RTC_Alarm_IRQHandler
                0x0000000008004f4c                EXTI2_IRQHandler
                0x0000000008004f4c                TIM8_CC_IRQHandler
                0x0000000008004f4c                UART8_IRQHandler
                0x0000000008004f4c                SPI4_IRQHandler
                0x0000000008004f4c                TIM1_CC_IRQHandler
                0x0000000008004f4c                DMA2_Stream5_IRQHandler
                0x0000000008004f4c                DMA1_Stream5_IRQHandler
                0x0000000008004f4c                PVD_IRQHandler
                0x0000000008004f4c                TAMP_STAMP_IRQHandler
                0x0000000008004f4c                CAN2_RX1_IRQHandler
                0x0000000008004f4c                EXTI3_IRQHandler
                0x0000000008004f4c                TIM8_TRG_COM_TIM14_IRQHandler
                0x0000000008004f4c                TIM1_UP_TIM10_IRQHandler
                0x0000000008004f4c                TIM8_UP_TIM13_IRQHandler
                0x0000000008004f4c                I2C3_ER_IRQHandler
                0x0000000008004f4c                EXTI0_IRQHandler
                0x0000000008004f4c                I2C2_EV_IRQHandler
                0x0000000008004f4c                DMA1_Stream2_IRQHandler
                0x0000000008004f4c                CAN1_RX0_IRQHandler
                0x0000000008004f4c                FPU_IRQHandler
                0x0000000008004f4c                OTG_HS_WKUP_IRQHandler
                0x0000000008004f4c                LTDC_ER_IRQHandler
                0x0000000008004f4c                CAN2_SCE_IRQHandler
                0x0000000008004f4c                DMA2_Stream2_IRQHandler
                0x0000000008004f4c                SPI1_IRQHandler
                0x0000000008004f4c                TIM1_BRK_TIM9_IRQHandler
                0x0000000008004f4c                DCMI_IRQHandler
                0x0000000008004f4c                CAN2_RX0_IRQHandler
                0x0000000008004f4c                DMA2_Stream3_IRQHandler
                0x0000000008004f4c                SAI2_IRQHandler
                0x0000000008004f4c                USART6_IRQHandler
                0x0000000008004f4c                USART3_IRQHandler
                0x0000000008004f4c                CAN1_RX1_IRQHandler
                0x0000000008004f4c                UART5_IRQHandler
                0x0000000008004f4c                DMA2_Stream0_IRQHandler
                0x0000000008004f4c                TIM4_IRQHandler
                0x0000000008004f4c                QUADSPI_IRQHandler
                0x0000000008004f4c                I2C1_EV_IRQHandler
                0x0000000008004f4c                DMA1_Stream6_IRQHandler
                0x0000000008004f4c                DMA1_Stream1_IRQHandler
                0x0000000008004f4c                UART4_IRQHandler
                0x0000000008004f4c                TIM3_IRQHandler
                0x0000000008004f4c                RCC_IRQHandler
                0x0000000008004f4c                TIM8_BRK_TIM12_IRQHandler
                0x0000000008004f4c                Default_Handler
                0x0000000008004f4c                CEC_IRQHandler
                0x0000000008004f4c                EXTI15_10_IRQHandler
                0x0000000008004f4c                ADC_IRQHandler
                0x0000000008004f4c                DMA1_Stream7_IRQHandler
                0x0000000008004f4c                SPI5_IRQHandler
                0x0000000008004f4c                TIM7_IRQHandler
                0x0000000008004f4c                SDMMC1_IRQHandler
                0x0000000008004f4c                CAN2_TX_IRQHandler
                0x0000000008004f4c                TIM5_IRQHandler
                0x0000000008004f4c                DMA2_Stream7_IRQHandler
                0x0000000008004f4c                I2C3_EV_IRQHandler
                0x0000000008004f4c                RTC_WKUP_IRQHandler
                0x0000000008004f4c                ETH_WKUP_IRQHandler
                0x0000000008004f4c                SPDIF_RX_IRQHandler
                0x0000000008004f4c                SPI2_IRQHandler
                0x0000000008004f4c                OTG_HS_EP1_IN_IRQHandler
                0x0000000008004f4c                DMA1_Stream0_IRQHandler
                0x0000000008004f4c                CAN1_TX_IRQHandler
                0x0000000008004f4c                EXTI4_IRQHandler
                0x0000000008004f4c                RNG_IRQHandler
                0x0000000008004f4c                ETH_IRQHandler
                0x0000000008004f4c                OTG_HS_EP1_OUT_IRQHandler
                0x0000000008004f4c                WWDG_IRQHandler
                0x0000000008004f4c                SPI6_IRQHandler
                0x0000000008004f4c                I2C4_EV_IRQHandler
                0x0000000008004f4c                TIM2_IRQHandler
                0x0000000008004f4c                OTG_FS_WKUP_IRQHandler
                0x0000000008004f4c                TIM1_TRG_COM_TIM11_IRQHandler
                0x0000000008004f4c                OTG_HS_IRQHandler
                0x0000000008004f4c                DMA2D_IRQHandler
                0x0000000008004f4c                EXTI1_IRQHandler
                0x0000000008004f4c                UART7_IRQHandler
                0x0000000008004f4c                USART2_IRQHandler
                0x0000000008004f4c                I2C2_ER_IRQHandler
                0x0000000008004f4c                DMA2_Stream1_IRQHandler
                0x0000000008004f4c                CAN1_SCE_IRQHandler
                0x0000000008004f4c                FLASH_IRQHandler
                0x0000000008004f4c                DMA2_Stream4_IRQHandler
                0x0000000008004f4c                OTG_FS_IRQHandler
                0x0000000008004f4c                SPI3_IRQHandler
                0x0000000008004f4c                DMA1_Stream4_IRQHandler
                0x0000000008004f4c                I2C1_ER_IRQHandler
                0x0000000008004f4c                FMC_IRQHandler
                0x0000000008004f4c                LPTIM1_IRQHandler
                0x0000000008004f4c                I2C4_ER_IRQHandler
                0x0000000008004f4c                DMA2_Stream6_IRQHandler
                0x0000000008004f4c                SAI1_IRQHandler
                0x0000000008004f4c                DMA1_Stream3_IRQHandler
 .text.HAL_Init
                0x0000000008004f4e       0x1a Drivers/STM32F7xx_HAL_Driver/Src/stm32f7xx_hal.o
                0x0000000008004f4e                HAL_Init
 .text.HAL_IncTick
                0x0000000008004f68       0x28 Drivers/STM32F7xx_HAL_Driver/Src/stm32f7xx_hal.o
                0x0000000008004f68                HAL_IncTick
 .text.HAL_GetTick
                0x0000000008004f90       0x18 Drivers/STM32F7xx_HAL_Driver/Src/stm32f7xx_hal.o
                0x0000000008004f90                HAL_GetTick
 .text.HAL_Delay
                0x0000000008004fa8       0x44 Drivers/STM32F7xx_HAL_Driver/Src/stm32f7xx_hal.o
                0x0000000008004fa8                HAL_Delay
 .text.HAL_ADC_Init
                0x0000000008004fec       0x88 Drivers/STM32F7xx_HAL_Driver/Src/stm32f7xx_hal_adc.o
                0x0000000008004fec                HAL_ADC_Init
 .text.HAL_ADC_Start
                0x0000000008005074      0x180 Drivers/STM32F7xx_HAL_Driver/Src/stm32f7xx_hal_adc.o
                0x0000000008005074                HAL_ADC_Start
 .text.HAL_ADC_PollForConversion
                0x00000000080051f4      0x108 Drivers/STM32F7xx_HAL_Driver/Src/stm32f7xx_hal_adc.o
                0x00000000080051f4                HAL_ADC_PollForConversion
 .text.HAL_ADC_GetValue
                0x00000000080052fc       0x1a Drivers/STM32F7xx_HAL_Driver/Src/stm32f7xx_hal_adc.o
                0x00000000080052fc                HAL_ADC_GetValue
 *fill*         0x0000000008005316        0x2 
 .text.HAL_ADC_ConfigChannel
                0x0000000008005318      0x294 Drivers/STM32F7xx_HAL_Driver/Src/stm32f7xx_hal_adc.o
                0x0000000008005318                HAL_ADC_ConfigChannel
 .text.ADC_Init
                0x00000000080055ac      0x1f4 Drivers/STM32F7xx_HAL_Driver/Src/stm32f7xx_hal_adc.o
 .text.__NVIC_SetPriorityGrouping
                0x00000000080057a0       0x48 Drivers/STM32F7xx_HAL_Driver/Src/stm32f7xx_hal_cortex.o
 .text.__NVIC_GetPriorityGrouping
                0x00000000080057e8       0x1c Drivers/STM32F7xx_HAL_Driver/Src/stm32f7xx_hal_cortex.o
 .text.__NVIC_EnableIRQ
                0x0000000008005804       0x3c Drivers/STM32F7xx_HAL_Driver/Src/stm32f7xx_hal_cortex.o
 .text.__NVIC_SetPriority
                0x0000000008005840       0x54 Drivers/STM32F7xx_HAL_Driver/Src/stm32f7xx_hal_cortex.o
 .text.NVIC_EncodePriority
                0x0000000008005894       0x66 Drivers/STM32F7xx_HAL_Driver/Src/stm32f7xx_hal_cortex.o
 .text.HAL_NVIC_SetPriorityGrouping
                0x00000000080058fa       0x16 Drivers/STM32F7xx_HAL_Driver/Src/stm32f7xx_hal_cortex.o
                0x00000000080058fa                HAL_NVIC_SetPriorityGrouping
 .text.HAL_NVIC_SetPriority
                0x0000000008005910       0x38 Drivers/STM32F7xx_HAL_Driver/Src/stm32f7xx_hal_cortex.o
                0x0000000008005910                HAL_NVIC_SetPriority
 .text.HAL_NVIC_EnableIRQ
                0x0000000008005948       0x1c Drivers/STM32F7xx_HAL_Driver/Src/stm32f7xx_hal_cortex.o
                0x0000000008005948                HAL_NVIC_EnableIRQ
 .text.HAL_DAC_Init
                0x0000000008005964       0x44 Drivers/STM32F7xx_HAL_Driver/Src/stm32f7xx_hal_dac.o
                0x0000000008005964                HAL_DAC_Init
 .text.HAL_DAC_IRQHandler
                0x00000000080059a8       0x94 Drivers/STM32F7xx_HAL_Driver/Src/stm32f7xx_hal_dac.o
                0x00000000080059a8                HAL_DAC_IRQHandler
 .text.HAL_DAC_DMAUnderrunCallbackCh1
                0x0000000008005a3c       0x14 Drivers/STM32F7xx_HAL_Driver/Src/stm32f7xx_hal_dac.o
                0x0000000008005a3c                HAL_DAC_DMAUnderrunCallbackCh1
 .text.HAL_DAC_ConfigChannel
                0x0000000008005a50       0x9a Drivers/STM32F7xx_HAL_Driver/Src/stm32f7xx_hal_dac.o
                0x0000000008005a50                HAL_DAC_ConfigChannel
 .text.HAL_DACEx_DMAUnderrunCallbackCh2
                0x0000000008005aea       0x14 Drivers/STM32F7xx_HAL_Driver/Src/stm32f7xx_hal_dac_ex.o
                0x0000000008005aea                HAL_DACEx_DMAUnderrunCallbackCh2
 *fill*         0x0000000008005afe        0x2 
 .text.HAL_DMA_Init
                0x0000000008005b00      0x15c Drivers/STM32F7xx_HAL_Driver/Src/stm32f7xx_hal_dma.o
                0x0000000008005b00                HAL_DMA_Init
 .text.HAL_DMA_DeInit
                0x0000000008005c5c       0xbc Drivers/STM32F7xx_HAL_Driver/Src/stm32f7xx_hal_dma.o
                0x0000000008005c5c                HAL_DMA_DeInit
 .text.HAL_DMA_Abort_IT
                0x0000000008005d18       0x44 Drivers/STM32F7xx_HAL_Driver/Src/stm32f7xx_hal_dma.o
                0x0000000008005d18                HAL_DMA_Abort_IT
 .text.DMA_CalcBaseAndBitshift
                0x0000000008005d5c       0x6c Drivers/STM32F7xx_HAL_Driver/Src/stm32f7xx_hal_dma.o
 .text.DMA_CheckFifoParam
                0x0000000008005dc8       0xf4 Drivers/STM32F7xx_HAL_Driver/Src/stm32f7xx_hal_dma.o
 .text.HAL_DMA2D_Init
                0x0000000008005ebc       0x94 Drivers/STM32F7xx_HAL_Driver/Src/stm32f7xx_hal_dma2d.o
                0x0000000008005ebc                HAL_DMA2D_Init
 .text.HAL_DMA2D_Start
                0x0000000008005f50       0x56 Drivers/STM32F7xx_HAL_Driver/Src/stm32f7xx_hal_dma2d.o
                0x0000000008005f50                HAL_DMA2D_Start
 .text.HAL_DMA2D_PollForTransfer
                0x0000000008005fa6      0x1d2 Drivers/STM32F7xx_HAL_Driver/Src/stm32f7xx_hal_dma2d.o
                0x0000000008005fa6                HAL_DMA2D_PollForTransfer
 .text.HAL_DMA2D_ConfigLayer
                0x0000000008006178      0x124 Drivers/STM32F7xx_HAL_Driver/Src/stm32f7xx_hal_dma2d.o
                0x0000000008006178                HAL_DMA2D_ConfigLayer
 .text.DMA2D_SetConfig
                0x000000000800629c      0x138 Drivers/STM32F7xx_HAL_Driver/Src/stm32f7xx_hal_dma2d.o
 .text.HAL_GPIO_Init
                0x00000000080063d4      0x354 Drivers/STM32F7xx_HAL_Driver/Src/stm32f7xx_hal_gpio.o
                0x00000000080063d4                HAL_GPIO_Init
 .text.HAL_GPIO_DeInit
                0x0000000008006728      0x214 Drivers/STM32F7xx_HAL_Driver/Src/stm32f7xx_hal_gpio.o
                0x0000000008006728                HAL_GPIO_DeInit
 .text.HAL_GPIO_ReadPin
                0x000000000800693c       0x30 Drivers/STM32F7xx_HAL_Driver/Src/stm32f7xx_hal_gpio.o
                0x000000000800693c                HAL_GPIO_ReadPin
 .text.HAL_GPIO_WritePin
                0x000000000800696c       0x32 Drivers/STM32F7xx_HAL_Driver/Src/stm32f7xx_hal_gpio.o
                0x000000000800696c                HAL_GPIO_WritePin
 *fill*         0x000000000800699e        0x2 
 .text.HAL_GPIO_EXTI_IRQHandler
                0x00000000080069a0       0x30 Drivers/STM32F7xx_HAL_Driver/Src/stm32f7xx_hal_gpio.o
                0x00000000080069a0                HAL_GPIO_EXTI_IRQHandler
 .text.HAL_I2C_Init
                0x00000000080069d0      0x120 Drivers/STM32F7xx_HAL_Driver/Src/stm32f7xx_hal_i2c.o
                0x00000000080069d0                HAL_I2C_Init
 .text.HAL_I2C_DeInit
                0x0000000008006af0       0x5e Drivers/STM32F7xx_HAL_Driver/Src/stm32f7xx_hal_i2c.o
                0x0000000008006af0                HAL_I2C_DeInit
 *fill*         0x0000000008006b4e        0x2 
 .text.HAL_I2C_Mem_Write
                0x0000000008006b50      0x228 Drivers/STM32F7xx_HAL_Driver/Src/stm32f7xx_hal_i2c.o
                0x0000000008006b50                HAL_I2C_Mem_Write
 .text.HAL_I2C_Mem_Read
                0x0000000008006d78      0x234 Drivers/STM32F7xx_HAL_Driver/Src/stm32f7xx_hal_i2c.o
                0x0000000008006d78                HAL_I2C_Mem_Read
 .text.HAL_I2C_GetState
                0x0000000008006fac       0x1c Drivers/STM32F7xx_HAL_Driver/Src/stm32f7xx_hal_i2c.o
                0x0000000008006fac                HAL_I2C_GetState
 .text.I2C_RequestMemoryWrite
                0x0000000008006fc8       0xa8 Drivers/STM32F7xx_HAL_Driver/Src/stm32f7xx_hal_i2c.o
 .text.I2C_RequestMemoryRead
                0x0000000008007070       0xa8 Drivers/STM32F7xx_HAL_Driver/Src/stm32f7xx_hal_i2c.o
 .text.I2C_Flush_TXDR
                0x0000000008007118       0x48 Drivers/STM32F7xx_HAL_Driver/Src/stm32f7xx_hal_i2c.o
 .text.I2C_WaitOnFlagUntilTimeout
                0x0000000008007160       0x80 Drivers/STM32F7xx_HAL_Driver/Src/stm32f7xx_hal_i2c.o
 .text.I2C_WaitOnTXISFlagUntilTimeout
                0x00000000080071e0       0x80 Drivers/STM32F7xx_HAL_Driver/Src/stm32f7xx_hal_i2c.o
 .text.I2C_WaitOnSTOPFlagUntilTimeout
                0x0000000008007260       0x78 Drivers/STM32F7xx_HAL_Driver/Src/stm32f7xx_hal_i2c.o
 .text.I2C_IsAcknowledgeFailed
                0x00000000080072d8       0xcc Drivers/STM32F7xx_HAL_Driver/Src/stm32f7xx_hal_i2c.o
 .text.I2C_TransferConfig
                0x00000000080073a4       0x5c Drivers/STM32F7xx_HAL_Driver/Src/stm32f7xx_hal_i2c.o
 .text.HAL_I2CEx_ConfigAnalogFilter
                0x0000000008007400       0x96 Drivers/STM32F7xx_HAL_Driver/Src/stm32f7xx_hal_i2c_ex.o
                0x0000000008007400                HAL_I2CEx_ConfigAnalogFilter
 .text.HAL_I2CEx_ConfigDigitalFilter
                0x0000000008007496       0x98 Drivers/STM32F7xx_HAL_Driver/Src/stm32f7xx_hal_i2c_ex.o
                0x0000000008007496                HAL_I2CEx_ConfigDigitalFilter
 *fill*         0x000000000800752e        0x2 
 .text.HAL_LTDC_Init
                0x0000000008007530      0x1a0 Drivers/STM32F7xx_HAL_Driver/Src/stm32f7xx_hal_ltdc.o
                0x0000000008007530                HAL_LTDC_Init
 .text.HAL_LTDC_IRQHandler
                0x00000000080076d0      0x148 Drivers/STM32F7xx_HAL_Driver/Src/stm32f7xx_hal_ltdc.o
                0x00000000080076d0                HAL_LTDC_IRQHandler
 .text.HAL_LTDC_ErrorCallback
                0x0000000008007818       0x14 Drivers/STM32F7xx_HAL_Driver/Src/stm32f7xx_hal_ltdc.o
                0x0000000008007818                HAL_LTDC_ErrorCallback
 .text.HAL_LTDC_LineEventCallback
                0x000000000800782c       0x14 Drivers/STM32F7xx_HAL_Driver/Src/stm32f7xx_hal_ltdc.o
                0x000000000800782c                HAL_LTDC_LineEventCallback
 .text.HAL_LTDC_ReloadEventCallback
                0x0000000008007840       0x14 Drivers/STM32F7xx_HAL_Driver/Src/stm32f7xx_hal_ltdc.o
                0x0000000008007840                HAL_LTDC_ReloadEventCallback
 .text.HAL_LTDC_ConfigLayer
                0x0000000008007854       0x7c Drivers/STM32F7xx_HAL_Driver/Src/stm32f7xx_hal_ltdc.o
                0x0000000008007854                HAL_LTDC_ConfigLayer
 .text.HAL_LTDC_GetState
                0x00000000080078d0       0x1c Drivers/STM32F7xx_HAL_Driver/Src/stm32f7xx_hal_ltdc.o
                0x00000000080078d0                HAL_LTDC_GetState
 .text.LTDC_SetConfig
                0x00000000080078ec      0x334 Drivers/STM32F7xx_HAL_Driver/Src/stm32f7xx_hal_ltdc.o
 .text.HAL_PWR_EnableBkUpAccess
                0x0000000008007c20       0x20 Drivers/STM32F7xx_HAL_Driver/Src/stm32f7xx_hal_pwr.o
                0x0000000008007c20                HAL_PWR_EnableBkUpAccess
 .text.HAL_PWREx_EnableOverDrive
                0x0000000008007c40       0xa0 Drivers/STM32F7xx_HAL_Driver/Src/stm32f7xx_hal_pwr_ex.o
                0x0000000008007c40                HAL_PWREx_EnableOverDrive
 .text.HAL_RCC_OscConfig
                0x0000000008007ce0      0x548 Drivers/STM32F7xx_HAL_Driver/Src/stm32f7xx_hal_rcc.o
                0x0000000008007ce0                HAL_RCC_OscConfig
 .text.HAL_RCC_ClockConfig
                0x0000000008008228      0x1d8 Drivers/STM32F7xx_HAL_Driver/Src/stm32f7xx_hal_rcc.o
                0x0000000008008228                HAL_RCC_ClockConfig
 .text.HAL_RCC_GetSysClockFreq
                0x0000000008008400      0x164 Drivers/STM32F7xx_HAL_Driver/Src/stm32f7xx_hal_rcc.o
                0x0000000008008400                HAL_RCC_GetSysClockFreq
 .text.HAL_RCC_GetHCLKFreq
                0x0000000008008564       0x18 Drivers/STM32F7xx_HAL_Driver/Src/stm32f7xx_hal_rcc.o
                0x0000000008008564                HAL_RCC_GetHCLKFreq
 .text.HAL_RCC_GetPCLK1Freq
                0x000000000800857c       0x28 Drivers/STM32F7xx_HAL_Driver/Src/stm32f7xx_hal_rcc.o
                0x000000000800857c                HAL_RCC_GetPCLK1Freq
 .text.HAL_RCC_GetPCLK2Freq
                0x00000000080085a4       0x28 Drivers/STM32F7xx_HAL_Driver/Src/stm32f7xx_hal_rcc.o
                0x00000000080085a4                HAL_RCC_GetPCLK2Freq
 .text.HAL_RCC_GetClockConfig
                0x00000000080085cc       0x64 Drivers/STM32F7xx_HAL_Driver/Src/stm32f7xx_hal_rcc.o
                0x00000000080085cc                HAL_RCC_GetClockConfig
 .text.HAL_RCCEx_PeriphCLKConfig
                0x0000000008008630      0x7dc Drivers/STM32F7xx_HAL_Driver/Src/stm32f7xx_hal_rcc_ex.o
                0x0000000008008630                HAL_RCCEx_PeriphCLKConfig
 .text.HAL_RTC_Init
                0x0000000008008e0c       0xf8 Drivers/STM32F7xx_HAL_Driver/Src/stm32f7xx_hal_rtc.o
                0x0000000008008e0c                HAL_RTC_Init
 .text.HAL_RTC_SetTime
                0x0000000008008f04      0x17c Drivers/STM32F7xx_HAL_Driver/Src/stm32f7xx_hal_rtc.o
                0x0000000008008f04                HAL_RTC_SetTime
 .text.HAL_RTC_SetDate
                0x0000000008009080      0x150 Drivers/STM32F7xx_HAL_Driver/Src/stm32f7xx_hal_rtc.o
                0x0000000008009080                HAL_RTC_SetDate
 .text.HAL_RTC_SetAlarm
                0x00000000080091d0      0x230 Drivers/STM32F7xx_HAL_Driver/Src/stm32f7xx_hal_rtc.o
                0x00000000080091d0                HAL_RTC_SetAlarm
 .text.HAL_RTC_WaitForSynchro
                0x0000000008009400       0x50 Drivers/STM32F7xx_HAL_Driver/Src/stm32f7xx_hal_rtc.o
                0x0000000008009400                HAL_RTC_WaitForSynchro
 .text.RTC_EnterInitMode
                0x0000000008009450       0x58 Drivers/STM32F7xx_HAL_Driver/Src/stm32f7xx_hal_rtc.o
                0x0000000008009450                RTC_EnterInitMode
 .text.RTC_ByteToBcd2
                0x00000000080094a8       0x3c Drivers/STM32F7xx_HAL_Driver/Src/stm32f7xx_hal_rtc.o
                0x00000000080094a8                RTC_ByteToBcd2
 .text.HAL_RTCEx_SetTimeStamp
                0x00000000080094e4       0xac Drivers/STM32F7xx_HAL_Driver/Src/stm32f7xx_hal_rtc_ex.o
                0x00000000080094e4                HAL_RTCEx_SetTimeStamp
 .text.HAL_SDRAM_Init
                0x0000000008009590       0x68 Drivers/STM32F7xx_HAL_Driver/Src/stm32f7xx_hal_sdram.o
                0x0000000008009590                HAL_SDRAM_Init
 .text.HAL_SDRAM_SendCommand
                0x00000000080095f8       0x56 Drivers/STM32F7xx_HAL_Driver/Src/stm32f7xx_hal_sdram.o
                0x00000000080095f8                HAL_SDRAM_SendCommand
 .text.HAL_SDRAM_ProgramRefreshRate
                0x000000000800964e       0x40 Drivers/STM32F7xx_HAL_Driver/Src/stm32f7xx_hal_sdram.o
                0x000000000800964e                HAL_SDRAM_ProgramRefreshRate
 .text.HAL_SPI_Init
                0x000000000800968e      0x124 Drivers/STM32F7xx_HAL_Driver/Src/stm32f7xx_hal_spi.o
                0x000000000800968e                HAL_SPI_Init
 .text.HAL_TIM_Base_Init
                0x00000000080097b2       0x56 Drivers/STM32F7xx_HAL_Driver/Src/stm32f7xx_hal_tim.o
                0x00000000080097b2                HAL_TIM_Base_Init
 .text.HAL_TIM_Base_Start_IT
                0x0000000008009808       0x54 Drivers/STM32F7xx_HAL_Driver/Src/stm32f7xx_hal_tim.o
                0x0000000008009808                HAL_TIM_Base_Start_IT
 .text.HAL_TIM_PWM_Init
                0x000000000800985c       0x56 Drivers/STM32F7xx_HAL_Driver/Src/stm32f7xx_hal_tim.o
                0x000000000800985c                HAL_TIM_PWM_Init
 .text.HAL_TIM_PWM_MspInit
                0x00000000080098b2       0x14 Drivers/STM32F7xx_HAL_Driver/Src/stm32f7xx_hal_tim.o
                0x00000000080098b2                HAL_TIM_PWM_MspInit
 .text.HAL_TIM_IRQHandler
                0x00000000080098c6      0x23e Drivers/STM32F7xx_HAL_Driver/Src/stm32f7xx_hal_tim.o
                0x00000000080098c6                HAL_TIM_IRQHandler
 .text.HAL_TIM_PWM_ConfigChannel
                0x0000000008009b04      0x230 Drivers/STM32F7xx_HAL_Driver/Src/stm32f7xx_hal_tim.o
                0x0000000008009b04                HAL_TIM_PWM_ConfigChannel
 .text.HAL_TIM_ConfigClockSource
                0x0000000008009d34      0x174 Drivers/STM32F7xx_HAL_Driver/Src/stm32f7xx_hal_tim.o
                0x0000000008009d34                HAL_TIM_ConfigClockSource
 .text.HAL_TIM_SlaveConfigSynchro
                0x0000000008009ea8       0x84 Drivers/STM32F7xx_HAL_Driver/Src/stm32f7xx_hal_tim.o
                0x0000000008009ea8                HAL_TIM_SlaveConfigSynchro
 .text.HAL_TIM_OC_DelayElapsedCallback
                0x0000000008009f2c       0x14 Drivers/STM32F7xx_HAL_Driver/Src/stm32f7xx_hal_tim.o
                0x0000000008009f2c                HAL_TIM_OC_DelayElapsedCallback
 .text.HAL_TIM_IC_CaptureCallback
                0x0000000008009f40       0x14 Drivers/STM32F7xx_HAL_Driver/Src/stm32f7xx_hal_tim.o
                0x0000000008009f40                HAL_TIM_IC_CaptureCallback
 .text.HAL_TIM_PWM_PulseFinishedCallback
                0x0000000008009f54       0x14 Drivers/STM32F7xx_HAL_Driver/Src/stm32f7xx_hal_tim.o
                0x0000000008009f54                HAL_TIM_PWM_PulseFinishedCallback
 .text.HAL_TIM_TriggerCallback
                0x0000000008009f68       0x14 Drivers/STM32F7xx_HAL_Driver/Src/stm32f7xx_hal_tim.o
                0x0000000008009f68                HAL_TIM_TriggerCallback
 .text.TIM_Base_SetConfig
                0x0000000008009f7c      0x140 Drivers/STM32F7xx_HAL_Driver/Src/stm32f7xx_hal_tim.o
                0x0000000008009f7c                TIM_Base_SetConfig
 .text.TIM_OC1_SetConfig
                0x000000000800a0bc       0xe4 Drivers/STM32F7xx_HAL_Driver/Src/stm32f7xx_hal_tim.o
 .text.TIM_OC2_SetConfig
                0x000000000800a1a0       0xf0 Drivers/STM32F7xx_HAL_Driver/Src/stm32f7xx_hal_tim.o
                0x000000000800a1a0                TIM_OC2_SetConfig
 .text.TIM_OC3_SetConfig
                0x000000000800a290       0xec Drivers/STM32F7xx_HAL_Driver/Src/stm32f7xx_hal_tim.o
 .text.TIM_OC4_SetConfig
                0x000000000800a37c       0xb0 Drivers/STM32F7xx_HAL_Driver/Src/stm32f7xx_hal_tim.o
 .text.TIM_OC5_SetConfig
                0x000000000800a42c       0xa4 Drivers/STM32F7xx_HAL_Driver/Src/stm32f7xx_hal_tim.o
 .text.TIM_OC6_SetConfig
                0x000000000800a4d0       0xa8 Drivers/STM32F7xx_HAL_Driver/Src/stm32f7xx_hal_tim.o
 .text.TIM_SlaveTimer_SetConfig
                0x000000000800a578      0x110 Drivers/STM32F7xx_HAL_Driver/Src/stm32f7xx_hal_tim.o
 .text.TIM_TI1_ConfigInputStage
                0x000000000800a688       0x5e Drivers/STM32F7xx_HAL_Driver/Src/stm32f7xx_hal_tim.o
 .text.TIM_TI2_ConfigInputStage
                0x000000000800a6e6       0x60 Drivers/STM32F7xx_HAL_Driver/Src/stm32f7xx_hal_tim.o
 .text.TIM_ITRx_SetConfig
                0x000000000800a746       0x36 Drivers/STM32F7xx_HAL_Driver/Src/stm32f7xx_hal_tim.o
 .text.TIM_ETR_SetConfig
                0x000000000800a77c       0x40 Drivers/STM32F7xx_HAL_Driver/Src/stm32f7xx_hal_tim.o
                0x000000000800a77c                TIM_ETR_SetConfig
 .text.HAL_TIMEx_MasterConfigSynchronization
                0x000000000800a7bc      0x11c Drivers/STM32F7xx_HAL_Driver/Src/stm32f7xx_hal_tim_ex.o
                0x000000000800a7bc                HAL_TIMEx_MasterConfigSynchronization
 .text.HAL_TIMEx_ConfigBreakDeadTime
                0x000000000800a8d8       0xfc Drivers/STM32F7xx_HAL_Driver/Src/stm32f7xx_hal_tim_ex.o
                0x000000000800a8d8                HAL_TIMEx_ConfigBreakDeadTime
 .text.HAL_TIMEx_CommutCallback
                0x000000000800a9d4       0x14 Drivers/STM32F7xx_HAL_Driver/Src/stm32f7xx_hal_tim_ex.o
                0x000000000800a9d4                HAL_TIMEx_CommutCallback
 .text.HAL_TIMEx_BreakCallback
                0x000000000800a9e8       0x14 Drivers/STM32F7xx_HAL_Driver/Src/stm32f7xx_hal_tim_ex.o
                0x000000000800a9e8                HAL_TIMEx_BreakCallback
 .text.HAL_TIMEx_Break2Callback
                0x000000000800a9fc       0x14 Drivers/STM32F7xx_HAL_Driver/Src/stm32f7xx_hal_tim_ex.o
                0x000000000800a9fc                HAL_TIMEx_Break2Callback
 .text.HAL_UART_Init
                0x000000000800aa10       0x9c Drivers/STM32F7xx_HAL_Driver/Src/stm32f7xx_hal_uart.o
                0x000000000800aa10                HAL_UART_Init
 .text.HAL_UART_Receive_IT
                0x000000000800aaac      0x144 Drivers/STM32F7xx_HAL_Driver/Src/stm32f7xx_hal_uart.o
                0x000000000800aaac                HAL_UART_Receive_IT
 .text.HAL_UART_IRQHandler
                0x000000000800abf0      0x264 Drivers/STM32F7xx_HAL_Driver/Src/stm32f7xx_hal_uart.o
                0x000000000800abf0                HAL_UART_IRQHandler
 .text.HAL_UART_TxCpltCallback
                0x000000000800ae54       0x14 Drivers/STM32F7xx_HAL_Driver/Src/stm32f7xx_hal_uart.o
                0x000000000800ae54                HAL_UART_TxCpltCallback
 .text.HAL_UART_ErrorCallback
                0x000000000800ae68       0x14 Drivers/STM32F7xx_HAL_Driver/Src/stm32f7xx_hal_uart.o
                0x000000000800ae68                HAL_UART_ErrorCallback
 .text.UART_SetConfig
                0x000000000800ae7c      0x554 Drivers/STM32F7xx_HAL_Driver/Src/stm32f7xx_hal_uart.o
                0x000000000800ae7c                UART_SetConfig
 .text.UART_AdvFeatureConfig
                0x000000000800b3d0      0x144 Drivers/STM32F7xx_HAL_Driver/Src/stm32f7xx_hal_uart.o
                0x000000000800b3d0                UART_AdvFeatureConfig
 .text.UART_CheckIdleState
                0x000000000800b514       0x5e Drivers/STM32F7xx_HAL_Driver/Src/stm32f7xx_hal_uart.o
                0x000000000800b514                UART_CheckIdleState
 .text.UART_WaitOnFlagUntilTimeout
                0x000000000800b572       0xf6 Drivers/STM32F7xx_HAL_Driver/Src/stm32f7xx_hal_uart.o
                0x000000000800b572                UART_WaitOnFlagUntilTimeout
 .text.UART_EndRxTransfer
                0x000000000800b668       0x40 Drivers/STM32F7xx_HAL_Driver/Src/stm32f7xx_hal_uart.o
 .text.UART_DMAAbortOnError
                0x000000000800b6a8       0x2c Drivers/STM32F7xx_HAL_Driver/Src/stm32f7xx_hal_uart.o
 .text.UART_EndTransmit_IT
                0x000000000800b6d4       0x32 Drivers/STM32F7xx_HAL_Driver/Src/stm32f7xx_hal_uart.o
 .text.UART_RxISR_8BIT
                0x000000000800b706       0xa6 Drivers/STM32F7xx_HAL_Driver/Src/stm32f7xx_hal_uart.o
 .text.UART_RxISR_16BIT
                0x000000000800b7ac       0xa6 Drivers/STM32F7xx_HAL_Driver/Src/stm32f7xx_hal_uart.o
 *fill*         0x000000000800b852        0x2 
 .text.FMC_SDRAM_Init
                0x000000000800b854       0xe4 Drivers/STM32F7xx_HAL_Driver/Src/stm32f7xx_ll_fmc.o
                0x000000000800b854                FMC_SDRAM_Init
 .text.FMC_SDRAM_Timing_Init
                0x000000000800b938      0x100 Drivers/STM32F7xx_HAL_Driver/Src/stm32f7xx_ll_fmc.o
                0x000000000800b938                FMC_SDRAM_Timing_Init
 .text.FMC_SDRAM_SendCommand
                0x000000000800ba38       0x42 Drivers/STM32F7xx_HAL_Driver/Src/stm32f7xx_ll_fmc.o
                0x000000000800ba38                FMC_SDRAM_SendCommand
 .text.FMC_SDRAM_ProgramRefreshRate
                0x000000000800ba7a       0x26 Drivers/STM32F7xx_HAL_Driver/Src/stm32f7xx_ll_fmc.o
                0x000000000800ba7a                FMC_SDRAM_ProgramRefreshRate
 .text.makeFreeRtosPriority
                0x000000000800baa0       0x30 Middlewares/Third_Party/FreeRTOS/Source/CMSIS_RTOS/cmsis_os.o
 .text.osKernelStart
                0x000000000800bad0        0xe Middlewares/Third_Party/FreeRTOS/Source/CMSIS_RTOS/cmsis_os.o
                0x000000000800bad0                osKernelStart
 .text.osThreadCreate
                0x000000000800bade       0x98 Middlewares/Third_Party/FreeRTOS/Source/CMSIS_RTOS/cmsis_os.o
                0x000000000800bade                osThreadCreate
 .text.osDelay  0x000000000800bb76       0x28 Middlewares/Third_Party/FreeRTOS/Source/CMSIS_RTOS/cmsis_os.o
                0x000000000800bb76                osDelay
 .text.osMutexCreate
                0x000000000800bb9e       0x30 Middlewares/Third_Party/FreeRTOS/Source/CMSIS_RTOS/cmsis_os.o
                0x000000000800bb9e                osMutexCreate
 .text.osMessageCreate
                0x000000000800bbce       0x52 Middlewares/Third_Party/FreeRTOS/Source/CMSIS_RTOS/cmsis_os.o
                0x000000000800bbce                osMessageCreate
 .text.vListInitialise
                0x000000000800bc20       0x40 Middlewares/Third_Party/FreeRTOS/Source/list.o
                0x000000000800bc20                vListInitialise
 .text.vListInitialiseItem
                0x000000000800bc60       0x1a Middlewares/Third_Party/FreeRTOS/Source/list.o
                0x000000000800bc60                vListInitialiseItem
 .text.vListInsertEnd
                0x000000000800bc7a       0x48 Middlewares/Third_Party/FreeRTOS/Source/list.o
                0x000000000800bc7a                vListInsertEnd
 .text.vListInsert
                0x000000000800bcc2       0x72 Middlewares/Third_Party/FreeRTOS/Source/list.o
                0x000000000800bcc2                vListInsert
 .text.uxListRemove
                0x000000000800bd34       0x54 Middlewares/Third_Party/FreeRTOS/Source/list.o
                0x000000000800bd34                uxListRemove
 .text.xQueueGenericReset
                0x000000000800bd88       0xd4 Middlewares/Third_Party/FreeRTOS/Source/queue.o
                0x000000000800bd88                xQueueGenericReset
 .text.xQueueGenericCreateStatic
                0x000000000800be5c       0xfa Middlewares/Third_Party/FreeRTOS/Source/queue.o
                0x000000000800be5c                xQueueGenericCreateStatic
 .text.xQueueGenericCreate
                0x000000000800bf56       0x82 Middlewares/Third_Party/FreeRTOS/Source/queue.o
                0x000000000800bf56                xQueueGenericCreate
 .text.prvInitialiseNewQueue
                0x000000000800bfd8       0x3e Middlewares/Third_Party/FreeRTOS/Source/queue.o
 .text.prvInitialiseMutex
                0x000000000800c016       0x34 Middlewares/Third_Party/FreeRTOS/Source/queue.o
 .text.xQueueCreateMutex
                0x000000000800c04a       0x30 Middlewares/Third_Party/FreeRTOS/Source/queue.o
                0x000000000800c04a                xQueueCreateMutex
 .text.xQueueCreateMutexStatic
                0x000000000800c07a       0x36 Middlewares/Third_Party/FreeRTOS/Source/queue.o
                0x000000000800c07a                xQueueCreateMutexStatic
 .text.xQueueGenericSend
                0x000000000800c0b0      0x204 Middlewares/Third_Party/FreeRTOS/Source/queue.o
                0x000000000800c0b0                xQueueGenericSend
 .text.xQueueGenericSendFromISR
                0x000000000800c2b4      0x138 Middlewares/Third_Party/FreeRTOS/Source/queue.o
                0x000000000800c2b4                xQueueGenericSendFromISR
 .text.xQueueSemaphoreTake
                0x000000000800c3ec      0x220 Middlewares/Third_Party/FreeRTOS/Source/queue.o
                0x000000000800c3ec                xQueueSemaphoreTake
 .text.prvGetDisinheritPriorityAfterTimeout
                0x000000000800c60c       0x30 Middlewares/Third_Party/FreeRTOS/Source/queue.o
 .text.prvCopyDataToQueue
                0x000000000800c63c       0xd4 Middlewares/Third_Party/FreeRTOS/Source/queue.o
 .text.prvUnlockQueue
                0x000000000800c710       0xa4 Middlewares/Third_Party/FreeRTOS/Source/queue.o
 .text.prvIsQueueEmpty
                0x000000000800c7b4       0x2c Middlewares/Third_Party/FreeRTOS/Source/queue.o
 .text.prvIsQueueFull
                0x000000000800c7e0       0x30 Middlewares/Third_Party/FreeRTOS/Source/queue.o
 .text.xTaskCreateStatic
                0x000000000800c810       0xc0 Middlewares/Third_Party/FreeRTOS/Source/tasks.o
                0x000000000800c810                xTaskCreateStatic
 .text.xTaskCreate
                0x000000000800c8d0       0x8a Middlewares/Third_Party/FreeRTOS/Source/tasks.o
                0x000000000800c8d0                xTaskCreate
 .text.prvInitialiseNewTask
                0x000000000800c95a      0x126 Middlewares/Third_Party/FreeRTOS/Source/tasks.o
 .text.prvAddNewTaskToReadyList
                0x000000000800ca80       0xd4 Middlewares/Third_Party/FreeRTOS/Source/tasks.o
 .text.vTaskDelayUntil
                0x000000000800cb54      0x100 Middlewares/Third_Party/FreeRTOS/Source/tasks.o
                0x000000000800cb54                vTaskDelayUntil
 .text.vTaskDelay
                0x000000000800cc54       0x6c Middlewares/Third_Party/FreeRTOS/Source/tasks.o
                0x000000000800cc54                vTaskDelay
 .text.vTaskStartScheduler
                0x000000000800ccc0       0xc4 Middlewares/Third_Party/FreeRTOS/Source/tasks.o
                0x000000000800ccc0                vTaskStartScheduler
 .text.vTaskSuspendAll
                0x000000000800cd84       0x1c Middlewares/Third_Party/FreeRTOS/Source/tasks.o
                0x000000000800cd84                vTaskSuspendAll
 .text.xTaskResumeAll
                0x000000000800cda0      0x13c Middlewares/Third_Party/FreeRTOS/Source/tasks.o
                0x000000000800cda0                xTaskResumeAll
 .text.xTaskGetTickCount
                0x000000000800cedc       0x20 Middlewares/Third_Party/FreeRTOS/Source/tasks.o
                0x000000000800cedc                xTaskGetTickCount
 .text.xTaskIncrementTick
                0x000000000800cefc      0x174 Middlewares/Third_Party/FreeRTOS/Source/tasks.o
                0x000000000800cefc                xTaskIncrementTick
 .text.vTaskSwitchContext
                0x000000000800d070      0x104 Middlewares/Third_Party/FreeRTOS/Source/tasks.o
                0x000000000800d070                vTaskSwitchContext
 .text.vTaskPlaceOnEventList
                0x000000000800d174       0x4c Middlewares/Third_Party/FreeRTOS/Source/tasks.o
                0x000000000800d174                vTaskPlaceOnEventList
 .text.xTaskRemoveFromEventList
                0x000000000800d1c0       0xc8 Middlewares/Third_Party/FreeRTOS/Source/tasks.o
                0x000000000800d1c0                xTaskRemoveFromEventList
 .text.vTaskInternalSetTimeOutState
                0x000000000800d288       0x2c Middlewares/Third_Party/FreeRTOS/Source/tasks.o
                0x000000000800d288                vTaskInternalSetTimeOutState
 .text.xTaskCheckForTimeOut
                0x000000000800d2b4       0xc8 Middlewares/Third_Party/FreeRTOS/Source/tasks.o
                0x000000000800d2b4                xTaskCheckForTimeOut
 .text.vTaskMissedYield
                0x000000000800d37c       0x18 Middlewares/Third_Party/FreeRTOS/Source/tasks.o
                0x000000000800d37c                vTaskMissedYield
 .text.prvIdleTask
                0x000000000800d394       0x34 Middlewares/Third_Party/FreeRTOS/Source/tasks.o
 .text.prvInitialiseTaskLists
                0x000000000800d3c8       0x80 Middlewares/Third_Party/FreeRTOS/Source/tasks.o
 .text.prvCheckTasksWaitingTermination
                0x000000000800d448       0x58 Middlewares/Third_Party/FreeRTOS/Source/tasks.o
 .text.prvDeleteTCB
                0x000000000800d4a0       0x60 Middlewares/Third_Party/FreeRTOS/Source/tasks.o
 .text.prvResetNextTaskUnblockTime
                0x000000000800d500       0x40 Middlewares/Third_Party/FreeRTOS/Source/tasks.o
 .text.xTaskGetSchedulerState
                0x000000000800d540       0x3c Middlewares/Third_Party/FreeRTOS/Source/tasks.o
                0x000000000800d540                xTaskGetSchedulerState
 .text.xTaskPriorityInherit
                0x000000000800d57c      0x100 Middlewares/Third_Party/FreeRTOS/Source/tasks.o
                0x000000000800d57c                xTaskPriorityInherit
 .text.xTaskPriorityDisinherit
                0x000000000800d67c      0x110 Middlewares/Third_Party/FreeRTOS/Source/tasks.o
                0x000000000800d67c                xTaskPriorityDisinherit
 .text.vTaskPriorityDisinheritAfterTimeout
                0x000000000800d78c      0x138 Middlewares/Third_Party/FreeRTOS/Source/tasks.o
                0x000000000800d78c                vTaskPriorityDisinheritAfterTimeout
 .text.pvTaskIncrementMutexHeldCount
                0x000000000800d8c4       0x28 Middlewares/Third_Party/FreeRTOS/Source/tasks.o
                0x000000000800d8c4                pvTaskIncrementMutexHeldCount
 .text.prvAddCurrentTaskToDelayedList
                0x000000000800d8ec       0xcc Middlewares/Third_Party/FreeRTOS/Source/tasks.o
 .text.pxPortInitialiseStack
                0x000000000800d9b8       0x68 Middlewares/Third_Party/FreeRTOS/Source/portable/GCC/ARM_CM7/r0p1/port.o
                0x000000000800d9b8                pxPortInitialiseStack
 .text.prvTaskExitError
                0x000000000800da20       0x5c Middlewares/Third_Party/FreeRTOS/Source/portable/GCC/ARM_CM7/r0p1/port.o
 *fill*         0x000000000800da7c        0x4 
 .text.SVC_Handler
                0x000000000800da80       0x28 Middlewares/Third_Party/FreeRTOS/Source/portable/GCC/ARM_CM7/r0p1/port.o
                0x000000000800da80                SVC_Handler
 .text.prvPortStartFirstTask
                0x000000000800daa8       0x28 Middlewares/Third_Party/FreeRTOS/Source/portable/GCC/ARM_CM7/r0p1/port.o
 .text.xPortStartScheduler
                0x000000000800dad0       0xf8 Middlewares/Third_Party/FreeRTOS/Source/portable/GCC/ARM_CM7/r0p1/port.o
                0x000000000800dad0                xPortStartScheduler
 .text.vPortEnterCritical
                0x000000000800dbc8       0x64 Middlewares/Third_Party/FreeRTOS/Source/portable/GCC/ARM_CM7/r0p1/port.o
                0x000000000800dbc8                vPortEnterCritical
 .text.vPortExitCritical
                0x000000000800dc2c       0x54 Middlewares/Third_Party/FreeRTOS/Source/portable/GCC/ARM_CM7/r0p1/port.o
                0x000000000800dc2c                vPortExitCritical
 .text.PendSV_Handler
                0x000000000800dc80       0x68 Middlewares/Third_Party/FreeRTOS/Source/portable/GCC/ARM_CM7/r0p1/port.o
                0x000000000800dc80                PendSV_Handler
 .text.SysTick_Handler
                0x000000000800dce8       0x44 Middlewares/Third_Party/FreeRTOS/Source/portable/GCC/ARM_CM7/r0p1/port.o
                0x000000000800dce8                SysTick_Handler
 .text.vPortSetupTimerInterrupt
                0x000000000800dd2c       0x48 Middlewares/Third_Party/FreeRTOS/Source/portable/GCC/ARM_CM7/r0p1/port.o
                0x000000000800dd2c                vPortSetupTimerInterrupt
 .text.vPortEnableVFP
                0x000000000800dd74       0x14 Middlewares/Third_Party/FreeRTOS/Source/portable/GCC/ARM_CM7/r0p1/port.o
 .text.vPortValidateInterruptPriority
                0x000000000800dd88       0x84 Middlewares/Third_Party/FreeRTOS/Source/portable/GCC/ARM_CM7/r0p1/port.o
                0x000000000800dd88                vPortValidateInterruptPriority
 .text.pvPortMalloc
                0x000000000800de0c      0x198 Middlewares/Third_Party/FreeRTOS/Source/portable/MemMang/heap_4.o
                0x000000000800de0c                pvPortMalloc
 .text.vPortFree
                0x000000000800dfa4       0xb8 Middlewares/Third_Party/FreeRTOS/Source/portable/MemMang/heap_4.o
                0x000000000800dfa4                vPortFree
 .text.prvHeapInit
                0x000000000800e05c       0xc4 Middlewares/Third_Party/FreeRTOS/Source/portable/MemMang/heap_4.o
 .text.prvInsertBlockIntoFreeList
                0x000000000800e120       0xb4 Middlewares/Third_Party/FreeRTOS/Source/portable/MemMang/heap_4.o
 .text.__errno  0x000000000800e1d4        0xc c:/st/stm32cubeide_1.5.1/stm32cubeide/plugins/com.st.stm32cube.ide.mcu.externaltools.gnu-tools-for-stm32.7-2018-q2-update.win32_1.5.0.202011040924/tools/bin/../lib/gcc/arm-none-eabi/7.3.1/../../../../arm-none-eabi/lib/thumb/v7e-m/fpv4-sp/hard\libc_nano.a(lib_a-errno.o)
                0x000000000800e1d4                __errno
 .text.__libc_init_array
                0x000000000800e1e0       0x48 c:/st/stm32cubeide_1.5.1/stm32cubeide/plugins/com.st.stm32cube.ide.mcu.externaltools.gnu-tools-for-stm32.7-2018-q2-update.win32_1.5.0.202011040924/tools/bin/../lib/gcc/arm-none-eabi/7.3.1/../../../../arm-none-eabi/lib/thumb/v7e-m/fpv4-sp/hard\libc_nano.a(lib_a-init.o)
                0x000000000800e1e0                __libc_init_array
 .text.memcpy   0x000000000800e228       0x16 c:/st/stm32cubeide_1.5.1/stm32cubeide/plugins/com.st.stm32cube.ide.mcu.externaltools.gnu-tools-for-stm32.7-2018-q2-update.win32_1.5.0.202011040924/tools/bin/../lib/gcc/arm-none-eabi/7.3.1/../../../../arm-none-eabi/lib/thumb/v7e-m/fpv4-sp/hard\libc_nano.a(lib_a-memcpy-stub.o)
                0x000000000800e228                memcpy
 .text.memset   0x000000000800e23e       0x10 c:/st/stm32cubeide_1.5.1/stm32cubeide/plugins/com.st.stm32cube.ide.mcu.externaltools.gnu-tools-for-stm32.7-2018-q2-update.win32_1.5.0.202011040924/tools/bin/../lib/gcc/arm-none-eabi/7.3.1/../../../../arm-none-eabi/lib/thumb/v7e-m/fpv4-sp/hard\libc_nano.a(lib_a-memset.o)
                0x000000000800e23e                memset
 *fill*         0x000000000800e24e        0x2 
 .text.sprintf  0x000000000800e250       0x40 c:/st/stm32cubeide_1.5.1/stm32cubeide/plugins/com.st.stm32cube.ide.mcu.externaltools.gnu-tools-for-stm32.7-2018-q2-update.win32_1.5.0.202011040924/tools/bin/../lib/gcc/arm-none-eabi/7.3.1/../../../../arm-none-eabi/lib/thumb/v7e-m/fpv4-sp/hard\libc_nano.a(lib_a-sprintf.o)
                0x000000000800e250                siprintf
                0x000000000800e250                sprintf
 .text.__ssputs_r
                0x000000000800e290       0xb4 c:/st/stm32cubeide_1.5.1/stm32cubeide/plugins/com.st.stm32cube.ide.mcu.externaltools.gnu-tools-for-stm32.7-2018-q2-update.win32_1.5.0.202011040924/tools/bin/../lib/gcc/arm-none-eabi/7.3.1/../../../../arm-none-eabi/lib/thumb/v7e-m/fpv4-sp/hard\libc_nano.a(lib_a-nano-svfprintf.o)
                0x000000000800e290                __ssputs_r
 .text._svfprintf_r
                0x000000000800e344      0x1f0 c:/st/stm32cubeide_1.5.1/stm32cubeide/plugins/com.st.stm32cube.ide.mcu.externaltools.gnu-tools-for-stm32.7-2018-q2-update.win32_1.5.0.202011040924/tools/bin/../lib/gcc/arm-none-eabi/7.3.1/../../../../arm-none-eabi/lib/thumb/v7e-m/fpv4-sp/hard\libc_nano.a(lib_a-nano-svfprintf.o)
                0x000000000800e344                _svfiprintf_r
                0x000000000800e344                _svfprintf_r
 .text._printf_common
                0x000000000800e534       0xea c:/st/stm32cubeide_1.5.1/stm32cubeide/plugins/com.st.stm32cube.ide.mcu.externaltools.gnu-tools-for-stm32.7-2018-q2-update.win32_1.5.0.202011040924/tools/bin/../lib/gcc/arm-none-eabi/7.3.1/../../../../arm-none-eabi/lib/thumb/v7e-m/fpv4-sp/hard\libc_nano.a(lib_a-nano-vfprintf_i.o)
                0x000000000800e534                _printf_common
 *fill*         0x000000000800e61e        0x2 
 .text._printf_i
                0x000000000800e620      0x224 c:/st/stm32cubeide_1.5.1/stm32cubeide/plugins/com.st.stm32cube.ide.mcu.externaltools.gnu-tools-for-stm32.7-2018-q2-update.win32_1.5.0.202011040924/tools/bin/../lib/gcc/arm-none-eabi/7.3.1/../../../../arm-none-eabi/lib/thumb/v7e-m/fpv4-sp/hard\libc_nano.a(lib_a-nano-vfprintf_i.o)
                0x000000000800e620                _printf_i
 .text.memmove  0x000000000800e844       0x32 c:/st/stm32cubeide_1.5.1/stm32cubeide/plugins/com.st.stm32cube.ide.mcu.externaltools.gnu-tools-for-stm32.7-2018-q2-update.win32_1.5.0.202011040924/tools/bin/../lib/gcc/arm-none-eabi/7.3.1/../../../../arm-none-eabi/lib/thumb/v7e-m/fpv4-sp/hard\libc_nano.a(lib_a-memmove.o)
                0x000000000800e844                memmove
 *fill*         0x000000000800e876        0x2 
 .text._free_r  0x000000000800e878       0x9c c:/st/stm32cubeide_1.5.1/stm32cubeide/plugins/com.st.stm32cube.ide.mcu.externaltools.gnu-tools-for-stm32.7-2018-q2-update.win32_1.5.0.202011040924/tools/bin/../lib/gcc/arm-none-eabi/7.3.1/../../../../arm-none-eabi/lib/thumb/v7e-m/fpv4-sp/hard\libc_nano.a(lib_a-nano-freer.o)
                0x000000000800e878                _free_r
 .text._malloc_r
                0x000000000800e914       0xb4 c:/st/stm32cubeide_1.5.1/stm32cubeide/plugins/com.st.stm32cube.ide.mcu.externaltools.gnu-tools-for-stm32.7-2018-q2-update.win32_1.5.0.202011040924/tools/bin/../lib/gcc/arm-none-eabi/7.3.1/../../../../arm-none-eabi/lib/thumb/v7e-m/fpv4-sp/hard\libc_nano.a(lib_a-nano-mallocr.o)
                0x000000000800e914                _malloc_r
 .text._realloc_r
                0x000000000800e9c8       0x4c c:/st/stm32cubeide_1.5.1/stm32cubeide/plugins/com.st.stm32cube.ide.mcu.externaltools.gnu-tools-for-stm32.7-2018-q2-update.win32_1.5.0.202011040924/tools/bin/../lib/gcc/arm-none-eabi/7.3.1/../../../../arm-none-eabi/lib/thumb/v7e-m/fpv4-sp/hard\libc_nano.a(lib_a-nano-reallocr.o)
                0x000000000800e9c8                _realloc_r
 .text._sbrk_r  0x000000000800ea14       0x20 c:/st/stm32cubeide_1.5.1/stm32cubeide/plugins/com.st.stm32cube.ide.mcu.externaltools.gnu-tools-for-stm32.7-2018-q2-update.win32_1.5.0.202011040924/tools/bin/../lib/gcc/arm-none-eabi/7.3.1/../../../../arm-none-eabi/lib/thumb/v7e-m/fpv4-sp/hard\libc_nano.a(lib_a-sbrkr.o)
                0x000000000800ea14                _sbrk_r
 .text.__malloc_lock
                0x000000000800ea34        0x2 c:/st/stm32cubeide_1.5.1/stm32cubeide/plugins/com.st.stm32cube.ide.mcu.externaltools.gnu-tools-for-stm32.7-2018-q2-update.win32_1.5.0.202011040924/tools/bin/../lib/gcc/arm-none-eabi/7.3.1/../../../../arm-none-eabi/lib/thumb/v7e-m/fpv4-sp/hard\libc_nano.a(lib_a-mlock.o)
                0x000000000800ea34                __malloc_lock
 .text.__malloc_unlock
                0x000000000800ea36        0x2 c:/st/stm32cubeide_1.5.1/stm32cubeide/plugins/com.st.stm32cube.ide.mcu.externaltools.gnu-tools-for-stm32.7-2018-q2-update.win32_1.5.0.202011040924/tools/bin/../lib/gcc/arm-none-eabi/7.3.1/../../../../arm-none-eabi/lib/thumb/v7e-m/fpv4-sp/hard\libc_nano.a(lib_a-mlock.o)
                0x000000000800ea36                __malloc_unlock
 .text._malloc_usable_size_r
                0x000000000800ea38       0x10 c:/st/stm32cubeide_1.5.1/stm32cubeide/plugins/com.st.stm32cube.ide.mcu.externaltools.gnu-tools-for-stm32.7-2018-q2-update.win32_1.5.0.202011040924/tools/bin/../lib/gcc/arm-none-eabi/7.3.1/../../../../arm-none-eabi/lib/thumb/v7e-m/fpv4-sp/hard\libc_nano.a(lib_a-nano-msizer.o)
                0x000000000800ea38                _malloc_usable_size_r
 *(.glue_7)
 .glue_7        0x000000000800ea48        0x0 linker stubs
 *(.glue_7t)
 .glue_7t       0x000000000800ea48        0x0 linker stubs
 *(.eh_frame)
 .eh_frame      0x000000000800ea48        0x0 c:/st/stm32cubeide_1.5.1/stm32cubeide/plugins/com.st.stm32cube.ide.mcu.externaltools.gnu-tools-for-stm32.7-2018-q2-update.win32_1.5.0.202011040924/tools/bin/../lib/gcc/arm-none-eabi/7.3.1/thumb/v7e-m/fpv4-sp/hard/crtbegin.o
 *(.init)
 .init          0x000000000800ea48        0x4 c:/st/stm32cubeide_1.5.1/stm32cubeide/plugins/com.st.stm32cube.ide.mcu.externaltools.gnu-tools-for-stm32.7-2018-q2-update.win32_1.5.0.202011040924/tools/bin/../lib/gcc/arm-none-eabi/7.3.1/thumb/v7e-m/fpv4-sp/hard/crti.o
                0x000000000800ea48                _init
 .init          0x000000000800ea4c        0x8 c:/st/stm32cubeide_1.5.1/stm32cubeide/plugins/com.st.stm32cube.ide.mcu.externaltools.gnu-tools-for-stm32.7-2018-q2-update.win32_1.5.0.202011040924/tools/bin/../lib/gcc/arm-none-eabi/7.3.1/thumb/v7e-m/fpv4-sp/hard/crtn.o
 *(.fini)
 .fini          0x000000000800ea54        0x4 c:/st/stm32cubeide_1.5.1/stm32cubeide/plugins/com.st.stm32cube.ide.mcu.externaltools.gnu-tools-for-stm32.7-2018-q2-update.win32_1.5.0.202011040924/tools/bin/../lib/gcc/arm-none-eabi/7.3.1/thumb/v7e-m/fpv4-sp/hard/crti.o
                0x000000000800ea54                _fini
 .fini          0x000000000800ea58        0x8 c:/st/stm32cubeide_1.5.1/stm32cubeide/plugins/com.st.stm32cube.ide.mcu.externaltools.gnu-tools-for-stm32.7-2018-q2-update.win32_1.5.0.202011040924/tools/bin/../lib/gcc/arm-none-eabi/7.3.1/thumb/v7e-m/fpv4-sp/hard/crtn.o
                0x000000000800ea60                . = ALIGN (0x4)
                0x000000000800ea60                _etext = .

.vfp11_veneer   0x000000000800ea60        0x0
 .vfp11_veneer  0x000000000800ea60        0x0 linker stubs

.v4_bx          0x000000000800ea60        0x0
 .v4_bx         0x000000000800ea60        0x0 linker stubs

.iplt           0x000000000800ea60        0x0
 .iplt          0x000000000800ea60        0x0 c:/st/stm32cubeide_1.5.1/stm32cubeide/plugins/com.st.stm32cube.ide.mcu.externaltools.gnu-tools-for-stm32.7-2018-q2-update.win32_1.5.0.202011040924/tools/bin/../lib/gcc/arm-none-eabi/7.3.1/thumb/v7e-m/fpv4-sp/hard/crtbegin.o

.rodata         0x000000000800ea60     0x20f4
                0x000000000800ea60                . = ALIGN (0x4)
 *(.rodata)
 .rodata        0x000000000800ea60      0x16b Core/Src/main.o
 *fill*         0x000000000800ebcb        0x1 
 .rodata        0x000000000800ebcc        0x5 Middlewares/Third_Party/FreeRTOS/Source/tasks.o
 *(.rodata*)
 *fill*         0x000000000800ebd1        0x3 
 .rodata.Font24_Table
                0x000000000800ebd4     0x1ab8 Core/Src/stm32746g_discovery_lcd.o
                0x000000000800ebd4                Font24_Table
 .rodata.Font12_Table
                0x000000000801068c      0x474 Core/Src/stm32746g_discovery_lcd.o
                0x000000000801068c                Font12_Table
 .rodata.AHBPrescTable
                0x0000000008010b00       0x10 Core/Src/system_stm32f7xx.o
                0x0000000008010b00                AHBPrescTable
 .rodata.APBPrescTable
                0x0000000008010b10        0x8 Core/Src/system_stm32f7xx.o
                0x0000000008010b10                APBPrescTable
 .rodata.flagBitshiftOffset.9876
                0x0000000008010b18        0x8 Drivers/STM32F7xx_HAL_Driver/Src/stm32f7xx_hal_dma.o
 .rodata._svfprintf_r.str1.1
                0x0000000008010b20       0x11 c:/st/stm32cubeide_1.5.1/stm32cubeide/plugins/com.st.stm32cube.ide.mcu.externaltools.gnu-tools-for-stm32.7-2018-q2-update.win32_1.5.0.202011040924/tools/bin/../lib/gcc/arm-none-eabi/7.3.1/../../../../arm-none-eabi/lib/thumb/v7e-m/fpv4-sp/hard\libc_nano.a(lib_a-nano-svfprintf.o)
 .rodata._printf_i.str1.1
                0x0000000008010b31       0x22 c:/st/stm32cubeide_1.5.1/stm32cubeide/plugins/com.st.stm32cube.ide.mcu.externaltools.gnu-tools-for-stm32.7-2018-q2-update.win32_1.5.0.202011040924/tools/bin/../lib/gcc/arm-none-eabi/7.3.1/../../../../arm-none-eabi/lib/thumb/v7e-m/fpv4-sp/hard\libc_nano.a(lib_a-nano-vfprintf_i.o)
                0x0000000008010b54                . = ALIGN (0x4)
 *fill*         0x0000000008010b53        0x1 

.ARM.extab      0x0000000008010b54        0x0
                0x0000000008010b54                . = ALIGN (0x4)
 *(.ARM.extab* .gnu.linkonce.armextab.*)
                0x0000000008010b54                . = ALIGN (0x4)

.ARM            0x0000000008010b54        0x8
                0x0000000008010b54                . = ALIGN (0x4)
                0x0000000008010b54                __exidx_start = .
 *(.ARM.exidx*)
 .ARM.exidx     0x0000000008010b54        0x8 c:/st/stm32cubeide_1.5.1/stm32cubeide/plugins/com.st.stm32cube.ide.mcu.externaltools.gnu-tools-for-stm32.7-2018-q2-update.win32_1.5.0.202011040924/tools/bin/../lib/gcc/arm-none-eabi/7.3.1/thumb/v7e-m/fpv4-sp/hard\libgcc.a(_udivmoddi4.o)
                0x0000000008010b5c                __exidx_end = .
                0x0000000008010b5c                . = ALIGN (0x4)

.rel.dyn        0x0000000008010b5c        0x0
 .rel.iplt      0x0000000008010b5c        0x0 c:/st/stm32cubeide_1.5.1/stm32cubeide/plugins/com.st.stm32cube.ide.mcu.externaltools.gnu-tools-for-stm32.7-2018-q2-update.win32_1.5.0.202011040924/tools/bin/../lib/gcc/arm-none-eabi/7.3.1/thumb/v7e-m/fpv4-sp/hard/crtbegin.o

.preinit_array  0x0000000008010b5c        0x0
                0x0000000008010b5c                . = ALIGN (0x4)
                0x0000000008010b5c                PROVIDE (__preinit_array_start = .)
 *(.preinit_array*)
                0x0000000008010b5c                PROVIDE (__preinit_array_end = .)
                0x0000000008010b5c                . = ALIGN (0x4)

.init_array     0x0000000008010b5c        0x4
                0x0000000008010b5c                . = ALIGN (0x4)
                0x0000000008010b5c                PROVIDE (__init_array_start = .)
 *(SORT_BY_NAME(.init_array.*))
 *(.init_array*)
 .init_array    0x0000000008010b5c        0x4 c:/st/stm32cubeide_1.5.1/stm32cubeide/plugins/com.st.stm32cube.ide.mcu.externaltools.gnu-tools-for-stm32.7-2018-q2-update.win32_1.5.0.202011040924/tools/bin/../lib/gcc/arm-none-eabi/7.3.1/thumb/v7e-m/fpv4-sp/hard/crtbegin.o
                0x0000000008010b60                PROVIDE (__init_array_end = .)
                0x0000000008010b60                . = ALIGN (0x4)

.fini_array     0x0000000008010b60        0x4
                0x0000000008010b60                . = ALIGN (0x4)
                [!provide]                        PROVIDE (__fini_array_start = .)
 *(SORT_BY_NAME(.fini_array.*))
 *(.fini_array*)
 .fini_array    0x0000000008010b60        0x4 c:/st/stm32cubeide_1.5.1/stm32cubeide/plugins/com.st.stm32cube.ide.mcu.externaltools.gnu-tools-for-stm32.7-2018-q2-update.win32_1.5.0.202011040924/tools/bin/../lib/gcc/arm-none-eabi/7.3.1/thumb/v7e-m/fpv4-sp/hard/crtbegin.o
                [!provide]                        PROVIDE (__fini_array_end = .)
                0x0000000008010b64                . = ALIGN (0x4)
                0x0000000008010b64                _sidata = LOADADDR (.data)

.data           0x0000000020000000       0xb8 load address 0x0000000008010b64
                0x0000000020000000                . = ALIGN (0x4)
                0x0000000020000000                _sdata = .
 *(.data)
 *(.data*)
 .data.ft5336_ts_drv
                0x0000000020000000       0x28 Core/Src/ft5336.o
                0x0000000020000000                ft5336_ts_drv
 .data.radius   0x0000000020000028        0x1 Core/Src/main.o
                0x0000000020000028                radius
 .data.etat     0x0000000020000029        0x1 Core/Src/main.o
                0x0000000020000029                etat
 .data.etat_int
                0x000000002000002a        0x1 Core/Src/main.o
                0x000000002000002a                etat_int
 *fill*         0x000000002000002b        0x1 
 .data.couleur  0x000000002000002c        0x4 Core/Src/main.o
                0x000000002000002c                couleur
 .data.Font24   0x0000000020000030        0x8 Core/Src/stm32746g_discovery_lcd.o
                0x0000000020000030                Font24
 .data.Font12   0x0000000020000038        0x8 Core/Src/stm32746g_discovery_lcd.o
                0x0000000020000038                Font12
 .data.sdramstatus.9792
                0x0000000020000040        0x1 Core/Src/stm32746g_discovery_sdram.o
 *fill*         0x0000000020000041        0x3 
 .data.SystemCoreClock
                0x0000000020000044        0x4 Core/Src/system_stm32f7xx.o
                0x0000000020000044                SystemCoreClock
 .data.uwTickPrio
                0x0000000020000048        0x4 Drivers/STM32F7xx_HAL_Driver/Src/stm32f7xx_hal.o
                0x0000000020000048                uwTickPrio
 .data.uwTickFreq
                0x000000002000004c        0x1 Drivers/STM32F7xx_HAL_Driver/Src/stm32f7xx_hal.o
                0x000000002000004c                uwTickFreq
 *fill*         0x000000002000004d        0x3 
 .data.uxCriticalNesting
                0x0000000020000050        0x4 Middlewares/Third_Party/FreeRTOS/Source/portable/GCC/ARM_CM7/r0p1/port.o
 .data._impure_ptr
                0x0000000020000054        0x4 c:/st/stm32cubeide_1.5.1/stm32cubeide/plugins/com.st.stm32cube.ide.mcu.externaltools.gnu-tools-for-stm32.7-2018-q2-update.win32_1.5.0.202011040924/tools/bin/../lib/gcc/arm-none-eabi/7.3.1/../../../../arm-none-eabi/lib/thumb/v7e-m/fpv4-sp/hard\libc_nano.a(lib_a-impure.o)
                0x0000000020000054                _impure_ptr
 .data.impure_data
                0x0000000020000058       0x60 c:/st/stm32cubeide_1.5.1/stm32cubeide/plugins/com.st.stm32cube.ide.mcu.externaltools.gnu-tools-for-stm32.7-2018-q2-update.win32_1.5.0.202011040924/tools/bin/../lib/gcc/arm-none-eabi/7.3.1/../../../../arm-none-eabi/lib/thumb/v7e-m/fpv4-sp/hard\libc_nano.a(lib_a-impure.o)
 *(.RamFunc)
 *(.RamFunc*)
                0x00000000200000b8                . = ALIGN (0x4)
                0x00000000200000b8                _edata = .

.igot.plt       0x00000000200000b8        0x0 load address 0x0000000008010c1c
 .igot.plt      0x00000000200000b8        0x0 c:/st/stm32cubeide_1.5.1/stm32cubeide/plugins/com.st.stm32cube.ide.mcu.externaltools.gnu-tools-for-stm32.7-2018-q2-update.win32_1.5.0.202011040924/tools/bin/../lib/gcc/arm-none-eabi/7.3.1/thumb/v7e-m/fpv4-sp/hard/crtbegin.o
                0x00000000200000b8                . = ALIGN (0x4)

.bss            0x00000000200000b8     0x8d2c load address 0x0000000008010c1c
                0x00000000200000b8                _sbss = .
                0x00000000200000b8                __bss_start__ = _sbss
 *(.bss)
 .bss           0x00000000200000b8       0x1c c:/st/stm32cubeide_1.5.1/stm32cubeide/plugins/com.st.stm32cube.ide.mcu.externaltools.gnu-tools-for-stm32.7-2018-q2-update.win32_1.5.0.202011040924/tools/bin/../lib/gcc/arm-none-eabi/7.3.1/thumb/v7e-m/fpv4-sp/hard/crtbegin.o
 *(.bss*)
 .bss.xIdleTaskTCBBuffer
                0x00000000200000d4       0x58 Core/Src/freertos.o
 .bss.xIdleStack
                0x000000002000012c      0x200 Core/Src/freertos.o
 .bss.ft5336_handle
                0x000000002000032c        0x3 Core/Src/ft5336.o
 *fill*         0x000000002000032f        0x1 
 .bss.coord.5529
                0x0000000020000330        0x2 Core/Src/ft5336.o
 .bss.brush     0x0000000020000332        0x1 Core/Src/main.o
                0x0000000020000332                brush
 *fill*         0x0000000020000333        0x1 
 .bss.TS_State.12470
                0x0000000020000334       0x2c Core/Src/main.o
 .bss.TS_State.12620
                0x0000000020000360       0x2c Core/Src/main.o
 .bss.TS_State.12649
                0x000000002000038c       0x2c Core/Src/main.o
 .bss.hI2cAudioHandler
                0x00000000200003b8       0x4c Core/Src/stm32746g_discovery.o
 .bss.hDma2dHandler
                0x0000000020000404       0x40 Core/Src/stm32746g_discovery_lcd.o
 .bss.ActiveLayer
                0x0000000020000444        0x4 Core/Src/stm32746g_discovery_lcd.o
 .bss.DrawProp  0x0000000020000448       0x18 Core/Src/stm32746g_discovery_lcd.o
 .bss.periph_clk_init_struct.10379
                0x0000000020000460       0x84 Core/Src/stm32746g_discovery_lcd.o
 .bss.Timing    0x00000000200004e4       0x1c Core/Src/stm32746g_discovery_sdram.o
 .bss.Command   0x0000000020000500       0x10 Core/Src/stm32746g_discovery_sdram.o
 .bss.dma_handle.9828
                0x0000000020000510       0x60 Core/Src/stm32746g_discovery_sdram.o
 .bss.tsDriver  0x0000000020000570        0x4 Core/Src/stm32746g_discovery_ts.o
 .bss.tsXBoundary
                0x0000000020000574        0x2 Core/Src/stm32746g_discovery_ts.o
 .bss.tsYBoundary
                0x0000000020000576        0x2 Core/Src/stm32746g_discovery_ts.o
 .bss.tsOrientation
                0x0000000020000578        0x1 Core/Src/stm32746g_discovery_ts.o
 .bss.I2cAddress
                0x0000000020000579        0x1 Core/Src/stm32746g_discovery_ts.o
 *fill*         0x000000002000057a        0x2 
 .bss._x.9944   0x000000002000057c       0x14 Core/Src/stm32746g_discovery_ts.o
 .bss._y.9945   0x0000000020000590       0x14 Core/Src/stm32746g_discovery_ts.o
 .bss.FMC_Initialized
                0x00000000200005a4        0x4 Core/Src/stm32f7xx_hal_msp.o
 .bss.__sbrk_heap_end
                0x00000000200005a8        0x4 Core/Src/sysmem.o
 .bss.pxCurrentTCB
                0x00000000200005ac        0x4 Middlewares/Third_Party/FreeRTOS/Source/tasks.o
                0x00000000200005ac                pxCurrentTCB
 .bss.pxReadyTasksLists
                0x00000000200005b0       0x8c Middlewares/Third_Party/FreeRTOS/Source/tasks.o
 .bss.xDelayedTaskList1
                0x000000002000063c       0x14 Middlewares/Third_Party/FreeRTOS/Source/tasks.o
 .bss.xDelayedTaskList2
                0x0000000020000650       0x14 Middlewares/Third_Party/FreeRTOS/Source/tasks.o
 .bss.pxDelayedTaskList
                0x0000000020000664        0x4 Middlewares/Third_Party/FreeRTOS/Source/tasks.o
 .bss.pxOverflowDelayedTaskList
                0x0000000020000668        0x4 Middlewares/Third_Party/FreeRTOS/Source/tasks.o
 .bss.xPendingReadyList
                0x000000002000066c       0x14 Middlewares/Third_Party/FreeRTOS/Source/tasks.o
 .bss.xTasksWaitingTermination
                0x0000000020000680       0x14 Middlewares/Third_Party/FreeRTOS/Source/tasks.o
 .bss.uxDeletedTasksWaitingCleanUp
                0x0000000020000694        0x4 Middlewares/Third_Party/FreeRTOS/Source/tasks.o
 .bss.xSuspendedTaskList
                0x0000000020000698       0x14 Middlewares/Third_Party/FreeRTOS/Source/tasks.o
 .bss.uxCurrentNumberOfTasks
                0x00000000200006ac        0x4 Middlewares/Third_Party/FreeRTOS/Source/tasks.o
 .bss.xTickCount
                0x00000000200006b0        0x4 Middlewares/Third_Party/FreeRTOS/Source/tasks.o
 .bss.uxTopReadyPriority
                0x00000000200006b4        0x4 Middlewares/Third_Party/FreeRTOS/Source/tasks.o
 .bss.xSchedulerRunning
                0x00000000200006b8        0x4 Middlewares/Third_Party/FreeRTOS/Source/tasks.o
 .bss.uxPendedTicks
                0x00000000200006bc        0x4 Middlewares/Third_Party/FreeRTOS/Source/tasks.o
 .bss.xYieldPending
                0x00000000200006c0        0x4 Middlewares/Third_Party/FreeRTOS/Source/tasks.o
 .bss.xNumOfOverflows
                0x00000000200006c4        0x4 Middlewares/Third_Party/FreeRTOS/Source/tasks.o
 .bss.uxTaskNumber
                0x00000000200006c8        0x4 Middlewares/Third_Party/FreeRTOS/Source/tasks.o
 .bss.xNextTaskUnblockTime
                0x00000000200006cc        0x4 Middlewares/Third_Party/FreeRTOS/Source/tasks.o
 .bss.xIdleTaskHandle
                0x00000000200006d0        0x4 Middlewares/Third_Party/FreeRTOS/Source/tasks.o
 .bss.uxSchedulerSuspended
                0x00000000200006d4        0x4 Middlewares/Third_Party/FreeRTOS/Source/tasks.o
 .bss.ucMaxSysCallPriority
                0x00000000200006d8        0x1 Middlewares/Third_Party/FreeRTOS/Source/portable/GCC/ARM_CM7/r0p1/port.o
 *fill*         0x00000000200006d9        0x3 
 .bss.ulMaxPRIGROUPValue
                0x00000000200006dc        0x4 Middlewares/Third_Party/FreeRTOS/Source/portable/GCC/ARM_CM7/r0p1/port.o
 .bss.ucHeap    0x00000000200006e0     0x8000 Middlewares/Third_Party/FreeRTOS/Source/portable/MemMang/heap_4.o
 .bss.xStart    0x00000000200086e0        0x8 Middlewares/Third_Party/FreeRTOS/Source/portable/MemMang/heap_4.o
 .bss.pxEnd     0x00000000200086e8        0x4 Middlewares/Third_Party/FreeRTOS/Source/portable/MemMang/heap_4.o
 .bss.xFreeBytesRemaining
                0x00000000200086ec        0x4 Middlewares/Third_Party/FreeRTOS/Source/portable/MemMang/heap_4.o
 .bss.xMinimumEverFreeBytesRemaining
                0x00000000200086f0        0x4 Middlewares/Third_Party/FreeRTOS/Source/portable/MemMang/heap_4.o
 .bss.xBlockAllocatedBit
                0x00000000200086f4        0x4 Middlewares/Third_Party/FreeRTOS/Source/portable/MemMang/heap_4.o
 .bss.__malloc_free_list
                0x00000000200086f8        0x4 c:/st/stm32cubeide_1.5.1/stm32cubeide/plugins/com.st.stm32cube.ide.mcu.externaltools.gnu-tools-for-stm32.7-2018-q2-update.win32_1.5.0.202011040924/tools/bin/../lib/gcc/arm-none-eabi/7.3.1/../../../../arm-none-eabi/lib/thumb/v7e-m/fpv4-sp/hard\libc_nano.a(lib_a-nano-mallocr.o)
                0x00000000200086f8                __malloc_free_list
 .bss.__malloc_sbrk_start
                0x00000000200086fc        0x4 c:/st/stm32cubeide_1.5.1/stm32cubeide/plugins/com.st.stm32cube.ide.mcu.externaltools.gnu-tools-for-stm32.7-2018-q2-update.win32_1.5.0.202011040924/tools/bin/../lib/gcc/arm-none-eabi/7.3.1/../../../../arm-none-eabi/lib/thumb/v7e-m/fpv4-sp/hard\libc_nano.a(lib_a-nano-mallocr.o)
                0x00000000200086fc                __malloc_sbrk_start
 *(COMMON)
 COMMON         0x0000000020008700      0x5be Core/Src/main.o
                0x0000000020008700                defaultTaskHandle
                0x0000000020008704                hi2c3
                0x0000000020008750                hspi2
                0x00000000200087b4                huart7
                0x0000000020008834                PeindreHandle
                0x0000000020008838                htim8
                0x0000000020008878                hi2c1
                0x00000000200088c4                myMutexLCDHandle
                0x00000000200088c8                htim5
                0x0000000020008908                htim3
                0x0000000020008948                myQueueUARTHandle
                0x000000002000894c                hltdc