Archive member included to satisfy reference by file (symbol)

c:/st/stm32cubeide_1.5.1/stm32cubeide/plugins/com.st.stm32cube.ide.mcu.externaltools.gnu-tools-for-stm32.7-2018-q2-update.win32_1.5.0.202011040924/tools/bin/../lib/gcc/arm-none-eabi/7.3.1/../../../../arm-none-eabi/lib/thumb/v7e-m/fpv4-sp/hard\libc_nano.a(lib_a-errno.o)
                              Core/Src/syscalls.o (__errno)
c:/st/stm32cubeide_1.5.1/stm32cubeide/plugins/com.st.stm32cube.ide.mcu.externaltools.gnu-tools-for-stm32.7-2018-q2-update.win32_1.5.0.202011040924/tools/bin/../lib/gcc/arm-none-eabi/7.3.1/../../../../arm-none-eabi/lib/thumb/v7e-m/fpv4-sp/hard\libc_nano.a(lib_a-exit.o)
                              c:/st/stm32cubeide_1.5.1/stm32cubeide/plugins/com.st.stm32cube.ide.mcu.externaltools.gnu-tools-for-stm32.7-2018-q2-update.win32_1.5.0.202011040924/tools/bin/../lib/gcc/arm-none-eabi/7.3.1/../../../../arm-none-eabi/lib/thumb/v7e-m/fpv4-sp/hard/crt0.o (exit)
c:/st/stm32cubeide_1.5.1/stm32cubeide/plugins/com.st.stm32cube.ide.mcu.externaltools.gnu-tools-for-stm32.7-2018-q2-update.win32_1.5.0.202011040924/tools/bin/../lib/gcc/arm-none-eabi/7.3.1/../../../../arm-none-eabi/lib/thumb/v7e-m/fpv4-sp/hard\libc_nano.a(lib_a-impure.o)
                              c:/st/stm32cubeide_1.5.1/stm32cubeide/plugins/com.st.stm32cube.ide.mcu.externaltools.gnu-tools-for-stm32.7-2018-q2-update.win32_1.5.0.202011040924/tools/bin/../lib/gcc/arm-none-eabi/7.3.1/../../../../arm-none-eabi/lib/thumb/v7e-m/fpv4-sp/hard\libc_nano.a(lib_a-exit.o) (_global_impure_ptr)
c:/st/stm32cubeide_1.5.1/stm32cubeide/plugins/com.st.stm32cube.ide.mcu.externaltools.gnu-tools-for-stm32.7-2018-q2-update.win32_1.5.0.202011040924/tools/bin/../lib/gcc/arm-none-eabi/7.3.1/../../../../arm-none-eabi/lib/thumb/v7e-m/fpv4-sp/hard\libc_nano.a(lib_a-init.o)
                              c:/st/stm32cubeide_1.5.1/stm32cubeide/plugins/com.st.stm32cube.ide.mcu.externaltools.gnu-tools-for-stm32.7-2018-q2-update.win32_1.5.0.202011040924/tools/bin/../lib/gcc/arm-none-eabi/7.3.1/../../../../arm-none-eabi/lib/thumb/v7e-m/fpv4-sp/hard/crt0.o (__libc_init_array)
c:/st/stm32cubeide_1.5.1/stm32cubeide/plugins/com.st.stm32cube.ide.mcu.externaltools.gnu-tools-for-stm32.7-2018-q2-update.win32_1.5.0.202011040924/tools/bin/../lib/gcc/arm-none-eabi/7.3.1/../../../../arm-none-eabi/lib/thumb/v7e-m/fpv4-sp/hard\libc_nano.a(lib_a-memcpy-stub.o)
                              Middlewares/Third_Party/FreeRTOS/Source/queue.o (memcpy)
c:/st/stm32cubeide_1.5.1/stm32cubeide/plugins/com.st.stm32cube.ide.mcu.externaltools.gnu-tools-for-stm32.7-2018-q2-update.win32_1.5.0.202011040924/tools/bin/../lib/gcc/arm-none-eabi/7.3.1/../../../../arm-none-eabi/lib/thumb/v7e-m/fpv4-sp/hard\libc_nano.a(lib_a-memset.o)
                              c:/st/stm32cubeide_1.5.1/stm32cubeide/plugins/com.st.stm32cube.ide.mcu.externaltools.gnu-tools-for-stm32.7-2018-q2-update.win32_1.5.0.202011040924/tools/bin/../lib/gcc/arm-none-eabi/7.3.1/../../../../arm-none-eabi/lib/thumb/v7e-m/fpv4-sp/hard/crt0.o (memset)
c:/st/stm32cubeide_1.5.1/stm32cubeide/plugins/com.st.stm32cube.ide.mcu.externaltools.gnu-tools-for-stm32.7-2018-q2-update.win32_1.5.0.202011040924/tools/bin/../lib/gcc/arm-none-eabi/7.3.1/../../../../arm-none-eabi/lib/thumb/v7e-m/fpv4-sp/hard\libc_nano.a(lib_a-sprintf.o)
                              Core/Src/main.o (sprintf)
c:/st/stm32cubeide_1.5.1/stm32cubeide/plugins/com.st.stm32cube.ide.mcu.externaltools.gnu-tools-for-stm32.7-2018-q2-update.win32_1.5.0.202011040924/tools/bin/../lib/gcc/arm-none-eabi/7.3.1/../../../../arm-none-eabi/lib/thumb/v7e-m/fpv4-sp/hard\libc_nano.a(lib_a-nano-svfprintf.o)
                              c:/st/stm32cubeide_1.5.1/stm32cubeide/plugins/com.st.stm32cube.ide.mcu.externaltools.gnu-tools-for-stm32.7-2018-q2-update.win32_1.5.0.202011040924/tools/bin/../lib/gcc/arm-none-eabi/7.3.1/../../../../arm-none-eabi/lib/thumb/v7e-m/fpv4-sp/hard\libc_nano.a(lib_a-sprintf.o) (_svfprintf_r)
c:/st/stm32cubeide_1.5.1/stm32cubeide/plugins/com.st.stm32cube.ide.mcu.externaltools.gnu-tools-for-stm32.7-2018-q2-update.win32_1.5.0.202011040924/tools/bin/../lib/gcc/arm-none-eabi/7.3.1/../../../../arm-none-eabi/lib/thumb/v7e-m/fpv4-sp/hard\libc_nano.a(lib_a-nano-vfprintf_i.o)
                              c:/st/stm32cubeide_1.5.1/stm32cubeide/plugins/com.st.stm32cube.ide.mcu.externaltools.gnu-tools-for-stm32.7-2018-q2-update.win32_1.5.0.202011040924/tools/bin/../lib/gcc/arm-none-eabi/7.3.1/../../../../arm-none-eabi/lib/thumb/v7e-m/fpv4-sp/hard\libc_nano.a(lib_a-nano-svfprintf.o) (_printf_i)
c:/st/stm32cubeide_1.5.1/stm32cubeide/plugins/com.st.stm32cube.ide.mcu.externaltools.gnu-tools-for-stm32.7-2018-q2-update.win32_1.5.0.202011040924/tools/bin/../lib/gcc/arm-none-eabi/7.3.1/../../../../arm-none-eabi/lib/thumb/v7e-m/fpv4-sp/hard\libc_nano.a(lib_a-memchr.o)
[...]
Memory Configuration

Name             Origin             Length             Attributes
RAM              0x0000000020000000 0x0000000000050000 xrw
FLASH            0x0000000008000000 0x0000000000100000 xr
*default*        0x0000000000000000 0xffffffffffffffff

Linker script and memory map

LOAD c:/st/stm32cubeide_1.5.1/stm32cubeide/plugins/com.st.stm32cube.ide.mcu.externaltools.gnu-tools-for-stm32.7-2018-q2-update.win32_1.5.0.202011040924/tools/bin/../lib/gcc/arm-none-eabi/7.3.1/thumb/v7e-m/fpv4-sp/hard/crti.o
LOAD c:/st/stm32cubeide_1.5.1/stm32cubeide/plugins/com.st.stm32cube.ide.mcu.externaltools.gnu-tools-for-stm32.7-2018-q2-update.win32_1.5.0.202011040924/tools/bin/../lib/gcc/arm-none-eabi/7.3.1/thumb/v7e-m/fpv4-sp/hard/crtbegin.o
LOAD c:/st/stm32cubeide_1.5.1/stm32cubeide/plugins/com.st.stm32cube.ide.mcu.externaltools.gnu-tools-for-stm32.7-2018-q2-update.win32_1.5.0.202011040924/tools/bin/../lib/gcc/arm-none-eabi/7.3.1/../../../../arm-none-eabi/lib/thumb/v7e-m/fpv4-sp/hard/crt0.o
LOAD Core/Src/freertos.o
LOAD Core/Src/ft5336.o
LOAD Core/Src/main.o
LOAD Core/Src/stm32746g_discovery.o
LOAD Core/Src/stm32746g_discovery_lcd.o
LOAD Core/Src/stm32746g_discovery_sdram.o
LOAD Core/Src/stm32746g_discovery_ts.o
LOAD Core/Src/stm32f7xx_hal_msp.o
LOAD Core/Src/stm32f7xx_hal_timebase_tim.o
LOAD Core/Src/stm32f7xx_it.o
LOAD Core/Src/syscalls.o
LOAD Core/Src/sysmem.o
LOAD Core/Src/system_stm32f7xx.o
LOAD Core/Startup/startup_stm32f746nghx.o
LOAD Drivers/STM32F7xx_HAL_Driver/Src/stm32f7xx_hal.o
LOAD Drivers/STM32F7xx_HAL_Driver/Src/stm32f7xx_hal_adc.o
LOAD Drivers/STM32F7xx_HAL_Driver/Src/stm32f7xx_hal_adc_ex.o
LOAD Drivers/STM32F7xx_HAL_Driver/Src/stm32f7xx_hal_cortex.o
LOAD Drivers/STM32F7xx_HAL_Driver/Src/stm32f7xx_hal_dac.o
LOAD Drivers/STM32F7xx_HAL_Driver/Src/stm32f7xx_hal_dac_ex.o
LOAD Drivers/STM32F7xx_HAL_Driver/Src/stm32f7xx_hal_dma.o
LOAD Drivers/STM32F7xx_HAL_Driver/Src/stm32f7xx_hal_dma2d.o
LOAD Drivers/STM32F7xx_HAL_Driver/Src/stm32f7xx_hal_dma_ex.o
LOAD Drivers/STM32F7xx_HAL_Driver/Src/stm32f7xx_hal_dsi.o
LOAD Drivers/STM32F7xx_HAL_Driver/Src/stm32f7xx_hal_exti.o
LOAD Drivers/STM32F7xx_HAL_Driver/Src/stm32f7xx_hal_flash.o
LOAD Drivers/STM32F7xx_HAL_Driver/Src/stm32f7xx_hal_flash_ex.o
LOAD Drivers/STM32F7xx_HAL_Driver/Src/stm32f7xx_hal_gpio.o
LOAD Drivers/STM32F7xx_HAL_Driver/Src/stm32f7xx_hal_i2c.o
LOAD Drivers/STM32F7xx_HAL_Driver/Src/stm32f7xx_hal_i2c_ex.o
LOAD Drivers/STM32F7xx_HAL_Driver/Src/stm32f7xx_hal_ltdc.o
LOAD Drivers/STM32F7xx_HAL_Driver/Src/stm32f7xx_hal_ltdc_ex.o
LOAD Drivers/STM32F7xx_HAL_Driver/Src/stm32f7xx_hal_pwr.o
LOAD Drivers/STM32F7xx_HAL_Driver/Src/stm32f7xx_hal_pwr_ex.o
LOAD Drivers/STM32F7xx_HAL_Driver/Src/stm32f7xx_hal_rcc.o
LOAD Drivers/STM32F7xx_HAL_Driver/Src/stm32f7xx_hal_rcc_ex.o
LOAD Drivers/STM32F7xx_HAL_Driver/Src/stm32f7xx_hal_rtc.o
LOAD Drivers/STM32F7xx_HAL_Driver/Src/stm32f7xx_hal_rtc_ex.o
LOAD Drivers/STM32F7xx_HAL_Driver/Src/stm32f7xx_hal_sdram.o
LOAD Drivers/STM32F7xx_HAL_Driver/Src/stm32f7xx_hal_spi.o
LOAD Drivers/STM32F7xx_HAL_Driver/Src/stm32f7xx_hal_spi_ex.o
LOAD Drivers/STM32F7xx_HAL_Driver/Src/stm32f7xx_hal_tim.o
LOAD Drivers/STM32F7xx_HAL_Driver/Src/stm32f7xx_hal_tim_ex.o
LOAD Drivers/STM32F7xx_HAL_Driver/Src/stm32f7xx_hal_uart.o
LOAD Drivers/STM32F7xx_HAL_Driver/Src/stm32f7xx_hal_uart_ex.o
LOAD Drivers/STM32F7xx_HAL_Driver/Src/stm32f7xx_ll_fmc.o
LOAD Middlewares/Third_Party/FreeRTOS/Source/CMSIS_RTOS/cmsis_os.o
LOAD Middlewares/Third_Party/FreeRTOS/Source/croutine.o
LOAD Middlewares/Third_Party/FreeRTOS/Source/event_groups.o
LOAD Middlewares/Third_Party/FreeRTOS/Source/list.o
LOAD Middlewares/Third_Party/FreeRTOS/Source/queue.o
LOAD Middlewares/Third_Party/FreeRTOS/Source/stream_buffer.o
LOAD Middlewares/Third_Party/FreeRTOS/Source/tasks.o
LOAD Middlewares/Third_Party/FreeRTOS/Source/timers.o
LOAD Middlewares/Third_Party/FreeRTOS/Source/portable/GCC/ARM_CM7/r0p1/port.o
LOAD Middlewares/Third_Party/FreeRTOS/Source/portable/MemMang/heap_4.o
START GROUP
LOAD c:/st/stm32cubeide_1.5.1/stm32cubeide/plugins/com.st.stm32cube.ide.mcu.externaltools.gnu-tools-for-stm32.7-2018-q2-update.win32_1.5.0.202011040924/tools/bin/../lib/gcc/arm-none-eabi/7.3.1/../../../../arm-none-eabi/lib/thumb/v7e-m/fpv4-sp/hard\libc_nano.a
LOAD c:/st/stm32cubeide_1.5.1/stm32cubeide/plugins/com.st.stm32cube.ide.mcu.externaltools.gnu-tools-for-stm32.7-2018-q2-update.win32_1.5.0.202011040924/tools/bin/../lib/gcc/arm-none-eabi/7.3.1/../../../../arm-none-eabi/lib/thumb/v7e-m/fpv4-sp/hard\libm.a
END GROUP
START GROUP
LOAD c:/st/stm32cubeide_1.5.1/stm32cubeide/plugins/com.st.stm32cube.ide.mcu.externaltools.gnu-tools-for-stm32.7-2018-q2-update.win32_1.5.0.202011040924/tools/bin/../lib/gcc/arm-none-eabi/7.3.1/thumb/v7e-m/fpv4-sp/hard\libgcc.a
LOAD c:/st/stm32cubeide_1.5.1/stm32cubeide/plugins/com.st.stm32cube.ide.mcu.externaltools.gnu-tools-for-stm32.7-2018-q2-update.win32_1.5.0.202011040924/tools/bin/../lib/gcc/arm-none-eabi/7.3.1/../../../../arm-none-eabi/lib/thumb/v7e-m/fpv4-sp/hard\libc_nano.a
END GROUP
START GROUP
LOAD c:/st/stm32cubeide_1.5.1/stm32cubeide/plugins/com.st.stm32cube.ide.mcu.externaltools.gnu-tools-for-stm32.7-2018-q2-update.win32_1.5.0.202011040924/tools/bin/../lib/gcc/arm-none-eabi/7.3.1/thumb/v7e-m/fpv4-sp/hard\libgcc.a
LOAD c:/st/stm32cubeide_1.5.1/stm32cubeide/plugins/com.st.stm32cube.ide.mcu.externaltools.gnu-tools-for-stm32.7-2018-q2-update.win32_1.5.0.202011040924/tools/bin/../lib/gcc/arm-none-eabi/7.3.1/../../../../arm-none-eabi/lib/thumb/v7e-m/fpv4-sp/hard\libc_nano.a
LOAD c:/st/stm32cubeide_1.5.1/stm32cubeide/plugins/com.st.stm32cube.ide.mcu.externaltools.gnu-tools-for-stm32.7-2018-q2-update.win32_1.5.0.202011040924/tools/bin/../lib/gcc/arm-none-eabi/7.3.1/../../../../arm-none-eabi/lib/thumb/v7e-m/fpv4-sp/hard\libnosys.a
END GROUP
START GROUP
LOAD c:/st/stm32cubeide_1.5.1/stm32cubeide/plugins/com.st.stm32cube.ide.mcu.externaltools.gnu-tools-for-stm32.7-2018-q2-update.win32_1.5.0.202011040924/tools/bin/../lib/gcc/arm-none-eabi/7.3.1/thumb/v7e-m/fpv4-sp/hard\libgcc.a
LOAD c:/st/stm32cubeide_1.5.1/stm32cubeide/plugins/com.st.stm32cube.ide.mcu.externaltools.gnu-tools-for-stm32.7-2018-q2-update.win32_1.5.0.202011040924/tools/bin/../lib/gcc/arm-none-eabi/7.3.1/../../../../arm-none-eabi/lib/thumb/v7e-m/fpv4-sp/hard\libc_nano.a
LOAD c:/st/stm32cubeide_1.5.1/stm32cubeide/plugins/com.st.stm32cube.ide.mcu.externaltools.gnu-tools-for-stm32.7-2018-q2-update.win32_1.5.0.202011040924/tools/bin/../lib/gcc/arm-none-eabi/7.3.1/../../../../arm-none-eabi/lib/thumb/v7e-m/fpv4-sp/hard\libnosys.a
END GROUP
LOAD c:/st/stm32cubeide_1.5.1/stm32cubeide/plugins/com.st.stm32cube.ide.mcu.externaltools.gnu-tools-for-stm32.7-2018-q2-update.win32_1.5.0.202011040924/tools/bin/../lib/gcc/arm-none-eabi/7.3.1/thumb/v7e-m/fpv4-sp/hard/crtend.o
LOAD c:/st/stm32cubeide_1.5.1/stm32cubeide/plugins/com.st.stm32cube.ide.mcu.externaltools.gnu-tools-for-stm32.7-2018-q2-update.win32_1.5.0.202011040924/tools/bin/../lib/gcc/arm-none-eabi/7.3.1/thumb/v7e-m/fpv4-sp/hard/crtn.o
                0x0000000020050000                _estack = (ORIGIN (RAM) + LENGTH (RAM))
                0x0000000000000200                _Min_Heap_Size = 0x200
                0x0000000000000400                _Min_Stack_Size = 0x400

.isr_vector     0x0000000008000000      0x1c8
                0x0000000008000000                . = ALIGN (0x4)
 *(.isr_vector)
 .isr_vector    0x0000000008000000      0x1c8 Core/Startup/startup_stm32f746nghx.o
                0x0000000008000000                g_pfnVectors
                0x00000000080001c8                . = ALIGN (0x4)

.text           0x00000000080001d0     0xe5d0
                0x00000000080001d0                . = ALIGN (0x4)
 *(.text)
 .text          0x00000000080001d0       0x40 c:/st/stm32cubeide_1.5.1/stm32cubeide/plugins/com.st.stm32cube.ide.mcu.externaltools.gnu-tools-for-stm32.7-2018-q2-update.win32_1.5.0.202011040924/tools/bin/../lib/gcc/arm-none-eabi/7.3.1/thumb/v7e-m/fpv4-sp/hard/crtbegin.o
 .text          0x0000000008000210       0xa0 c:/st/stm32cubeide_1.5.1/stm32cubeide/plugins/com.st.stm32cube.ide.mcu.externaltools.gnu-tools-for-stm32.7-2018-q2-update.win32_1.5.0.202011040924/tools/bin/../lib/gcc/arm-none-eabi/7.3.1/../../../../arm-none-eabi/lib/thumb/v7e-m/fpv4-sp/hard\libc_nano.a(lib_a-memchr.o)
                0x0000000008000210                memchr
 .text          0x00000000080002b0       0x30 c:/st/stm32cubeide_1.5.1/stm32cubeide/plugins/com.st.stm32cube.ide.mcu.externaltools.gnu-tools-for-stm32.7-2018-q2-update.win32_1.5.0.202011040924/tools/bin/../lib/gcc/arm-none-eabi/7.3.1/thumb/v7e-m/fpv4-sp/hard\libgcc.a(_aeabi_uldivmod.o)
                0x00000000080002b0                __aeabi_uldivmod
 .text          0x00000000080002e0      0x2cc c:/st/stm32cubeide_1.5.1/stm32cubeide/plugins/com.st.stm32cube.ide.mcu.externaltools.gnu-tools-for-stm32.7-2018-q2-update.win32_1.5.0.202011040924/tools/bin/../lib/gcc/arm-none-eabi/7.3.1/thumb/v7e-m/fpv4-sp/hard\libgcc.a(_udivmoddi4.o)
                0x00000000080002e0                __udivmoddi4
 .text          0x00000000080005ac        0x4 c:/st/stm32cubeide_1.5.1/stm32cubeide/plugins/com.st.stm32cube.ide.mcu.externaltools.gnu-tools-for-stm32.7-2018-q2-update.win32_1.5.0.202011040924/tools/bin/../lib/gcc/arm-none-eabi/7.3.1/thumb/v7e-m/fpv4-sp/hard\libgcc.a(_dvmd_tls.o)
                0x00000000080005ac                __aeabi_idiv0
                0x00000000080005ac                __aeabi_ldiv0
 *(.text*)
 .text.vApplicationIdleHook
                0x00000000080005b0        0xe Core/Src/freertos.o
                0x00000000080005b0                vApplicationIdleHook
 .text.vApplicationStackOverflowHook
                0x00000000080005be       0x16 Core/Src/freertos.o
                0x00000000080005be                vApplicationStackOverflowHook
 .text.vApplicationMallocFailedHook
                0x00000000080005d4        0xe Core/Src/freertos.o
                0x00000000080005d4                vApplicationMallocFailedHook
 *fill*         0x00000000080005e2        0x2 
 .text.vApplicationGetIdleTaskMemory
                0x00000000080005e4       0x34 Core/Src/freertos.o
                0x00000000080005e4                vApplicationGetIdleTaskMemory
 .text.ft5336_Init
                0x0000000008000618       0x1c Core/Src/ft5336.o
                0x0000000008000618                ft5336_Init
 .text.ft5336_Reset
                0x0000000008000634       0x16 Core/Src/ft5336.o
                0x0000000008000634                ft5336_Reset
 .text.ft5336_ReadID
                0x000000000800064a       0x5c Core/Src/ft5336.o
                0x000000000800064a                ft5336_ReadID
 .text.ft5336_TS_Start
                0x00000000080006a6       0x22 Core/Src/ft5336.o
                0x00000000080006a6                ft5336_TS_Start
 .text.ft5336_TS_DetectTouch
                0x00000000080006c8       0x54 Core/Src/ft5336.o
                0x00000000080006c8                ft5336_TS_DetectTouch
 .text.ft5336_TS_GetXY
                0x000000000800071c      0x1e0 Core/Src/ft5336.o
                0x000000000800071c                ft5336_TS_GetXY
 .text.ft5336_TS_EnableIT
                0x00000000080008fc       0x28 Core/Src/ft5336.o
                0x00000000080008fc                ft5336_TS_EnableIT
 .text.ft5336_TS_DisableIT
                0x0000000008000924       0x28 Core/Src/ft5336.o
                0x0000000008000924                ft5336_TS_DisableIT
 .text.ft5336_TS_ITStatus
                0x000000000800094c       0x18 Core/Src/ft5336.o
                0x000000000800094c                ft5336_TS_ITStatus
 .text.ft5336_TS_ClearIT
                0x0000000008000964       0x16 Core/Src/ft5336.o
                0x0000000008000964                ft5336_TS_ClearIT
 .text.ft5336_TS_GetGestureID
                0x000000000800097a       0x32 Core/Src/ft5336.o
                0x000000000800097a                ft5336_TS_GetGestureID
 .text.ft5336_TS_GetTouchInfo
                0x00000000080009ac      0x15c Core/Src/ft5336.o
                0x00000000080009ac                ft5336_TS_GetTouchInfo
 .text.ft5336_Get_I2C_InitializedStatus
                0x0000000008000b08       0x18 Core/Src/ft5336.o
 .text.ft5336_I2C_InitializeIfRequired
                0x0000000008000b20       0x20 Core/Src/ft5336.o
 .text.ft5336_TS_Configure
                0x0000000008000b40       0x1c Core/Src/ft5336.o
 .text.main     0x0000000008000b5c      0x370 Core/Src/main.o
                0x0000000008000b5c                main
 .text.SystemClock_Config
                0x0000000008000ecc      0x160 Core/Src/main.o
                0x0000000008000ecc                SystemClock_Config
 .text.MX_ADC1_Init
                0x000000000800102c       0xa4 Core/Src/main.o
 .text.MX_ADC3_Init
                0x00000000080010d0       0xa4 Core/Src/main.o
 .text.MX_DAC_Init
                0x0000000008001174       0x54 Core/Src/main.o
 .text.MX_DMA2D_Init
                0x00000000080011c8       0x64 Core/Src/main.o
 .text.MX_I2C1_Init
                0x000000000800122c       0x80 Core/Src/main.o
 .text.MX_I2C3_Init
                0x00000000080012ac       0x80 Core/Src/main.o
 .text.MX_LTDC_Init
                0x000000000800132c      0x104 Core/Src/main.o
 .text.MX_RTC_Init
                0x0000000008001430      0x14c Core/Src/main.o
 .text.MX_SPI2_Init
                0x000000000800157c       0x7c Core/Src/main.o
 .text.MX_TIM1_Init
                0x00000000080015f8       0xa8 Core/Src/main.o
 .text.MX_TIM2_Init
                0x00000000080016a0       0x9c Core/Src/main.o
 .text.MX_TIM3_Init
                0x000000000800173c      0x11c Core/Src/main.o
 .text.MX_TIM5_Init
                0x0000000008001858       0x9c Core/Src/main.o
 .text.MX_TIM8_Init
                0x00000000080018f4      0x154 Core/Src/main.o
 .text.MX_UART7_Init
                0x0000000008001a48       0x60 Core/Src/main.o
 .text.MX_USART1_UART_Init
                0x0000000008001aa8       0x60 Core/Src/main.o
 .text.MX_USART6_UART_Init
                0x0000000008001b08       0x60 Core/Src/main.o
 .text.MX_FMC_Init
                0x0000000008001b68       0x9c Core/Src/main.o
 .text.MX_GPIO_Init
                0x0000000008001c04      0x3d8 Core/Src/main.o
 .text.HAL_UART_RxCpltCallback
                0x0000000008001fdc       0x54 Core/Src/main.o
                0x0000000008001fdc                HAL_UART_RxCpltCallback
 .text.TestConditionBord
                0x0000000008002030       0x52 Core/Src/main.o
                0x0000000008002030                TestConditionBord
 .text.StartDefaultTask
                0x0000000008002082       0x10 Core/Src/main.o
                0x0000000008002082                StartDefaultTask
 *fill*         0x0000000008002092        0x2 
 .text.StartMode
                0x0000000008002094      0x154 Core/Src/main.o
                0x0000000008002094                StartMode
 .text.StartPeindre
                0x00000000080021e8       0x90 Core/Src/main.o
                0x00000000080021e8                StartPeindre
 .text.HAL_TIM_PeriodElapsedCallback
                0x0000000008002278       0x24 Core/Src/main.o
                0x0000000008002278                HAL_TIM_PeriodElapsedCallback
 .text.Error_Handler
                0x000000000800229c        0x8 Core/Src/main.o
                0x000000000800229c                Error_Handler
 .text.I2Cx_MspInit
                0x00000000080022a4      0x160 Core/Src/stm32746g_discovery.o
 .text.I2Cx_Init
                0x0000000008002404       0x78 Core/Src/stm32746g_discovery.o
 .text.I2Cx_ReadMultiple
                0x000000000800247c       0x5a Core/Src/stm32746g_discovery.o
 .text.I2Cx_WriteMultiple
                0x00000000080024d6       0x5a Core/Src/stm32746g_discovery.o
 .text.I2Cx_Error
                0x0000000008002530       0x20 Core/Src/stm32746g_discovery.o
 .text.TS_IO_Init
                0x0000000008002550       0x14 Core/Src/stm32746g_discovery.o
                0x0000000008002550                TS_IO_Init
 .text.TS_IO_Write
                0x0000000008002564       0x34 Core/Src/stm32746g_discovery.o
                0x0000000008002564                TS_IO_Write
 .text.TS_IO_Read
                0x0000000008002598       0x3c Core/Src/stm32746g_discovery.o
                0x0000000008002598                TS_IO_Read
 .text.TS_IO_Delay
                0x00000000080025d4       0x16 Core/Src/stm32746g_discovery.o
                0x00000000080025d4                TS_IO_Delay
 *fill*         0x00000000080025ea        0x2 
 .text.BSP_LCD_Init
                0x00000000080025ec       0xe0 Core/Src/stm32746g_discovery_lcd.o
                0x00000000080025ec                BSP_LCD_Init
 .text.BSP_LCD_GetXSize
                0x00000000080026cc       0x28 Core/Src/stm32746g_discovery_lcd.o
                0x00000000080026cc                BSP_LCD_GetXSize
 .text.BSP_LCD_GetYSize
                0x00000000080026f4       0x28 Core/Src/stm32746g_discovery_lcd.o
                0x00000000080026f4                BSP_LCD_GetYSize
 .text.BSP_LCD_LayerDefaultInit
                0x000000000800271c       0xc0 Core/Src/stm32746g_discovery_lcd.o
                0x000000000800271c                BSP_LCD_LayerDefaultInit
 .text.BSP_LCD_SelectLayer
                0x00000000080027dc       0x20 Core/Src/stm32746g_discovery_lcd.o
                0x00000000080027dc                BSP_LCD_SelectLayer
 .text.BSP_LCD_SetTextColor
                0x00000000080027fc       0x30 Core/Src/stm32746g_discovery_lcd.o
                0x00000000080027fc                BSP_LCD_SetTextColor
 .text.BSP_LCD_SetBackColor
                0x000000000800282c       0x34 Core/Src/stm32746g_discovery_lcd.o
                0x000000000800282c                BSP_LCD_SetBackColor
 .text.BSP_LCD_SetFont
                0x0000000008002860       0x34 Core/Src/stm32746g_discovery_lcd.o
                0x0000000008002860                BSP_LCD_SetFont
 .text.BSP_LCD_GetFont
                0x0000000008002894       0x2c Core/Src/stm32746g_discovery_lcd.o
                0x0000000008002894                BSP_LCD_GetFont
 .text.BSP_LCD_Clear
                0x00000000080028c0       0x50 Core/Src/stm32746g_discovery_lcd.o
                0x00000000080028c0                BSP_LCD_Clear
 .text.BSP_LCD_DisplayChar
                0x0000000008002910       0x88 Core/Src/stm32746g_discovery_lcd.o
                0x0000000008002910                BSP_LCD_DisplayChar
 .text.BSP_LCD_DisplayStringAt
                0x0000000008002998      0x188 Core/Src/stm32746g_discovery_lcd.o
                0x0000000008002998                BSP_LCD_DisplayStringAt
 .text.BSP_LCD_DisplayStringAtLine
                0x0000000008002b20       0x2e Core/Src/stm32746g_discovery_lcd.o
                0x0000000008002b20                BSP_LCD_DisplayStringAtLine
 *fill*         0x0000000008002b4e        0x2 
 .text.BSP_LCD_DrawHLine
                0x0000000008002b50       0xbc Core/Src/stm32746g_discovery_lcd.o
                0x0000000008002b50                BSP_LCD_DrawHLine
 .text.BSP_LCD_DrawCircle
                0x0000000008002c0c      0x1e0 Core/Src/stm32746g_discovery_lcd.o
                0x0000000008002c0c                BSP_LCD_DrawCircle
 .text.BSP_LCD_DrawPixel
                0x0000000008002dec       0x90 Core/Src/stm32746g_discovery_lcd.o
                0x0000000008002dec                BSP_LCD_DrawPixel
 .text.BSP_LCD_FillRect
                0x0000000008002e7c       0xf4 Core/Src/stm32746g_discovery_lcd.o
                0x0000000008002e7c                BSP_LCD_FillRect
 .text.BSP_LCD_FillCircle
                0x0000000008002f70      0x140 Core/Src/stm32746g_discovery_lcd.o
                0x0000000008002f70                BSP_LCD_FillCircle
 .text.BSP_LCD_DisplayOn
                0x00000000080030b0       0x3c Core/Src/stm32746g_discovery_lcd.o
                0x00000000080030b0                BSP_LCD_DisplayOn
 .text.BSP_LCD_MspInit
                0x00000000080030ec      0x1b4 Core/Src/stm32746g_discovery_lcd.o
                0x00000000080030ec                BSP_LCD_MspInit
 .text.BSP_LCD_ClockConfig
                0x00000000080032a0       0x38 Core/Src/stm32746g_discovery_lcd.o
                0x00000000080032a0                BSP_LCD_ClockConfig
 .text.DrawChar
                0x00000000080032d8      0x170 Core/Src/stm32746g_discovery_lcd.o
 .text.LL_FillBuffer
                0x0000000008003448       0x98 Core/Src/stm32746g_discovery_lcd.o
 .text.BSP_SDRAM_Init
                0x00000000080034e0       0xbc Core/Src/stm32746g_discovery_sdram.o
                0x00000000080034e0                BSP_SDRAM_Init
 .text.BSP_SDRAM_Initialization_sequence
                0x000000000800359c       0xc0 Core/Src/stm32746g_discovery_sdram.o
                0x000000000800359c                BSP_SDRAM_Initialization_sequence
 .text.BSP_SDRAM_MspInit
                0x000000000800365c      0x1f0 Core/Src/stm32746g_discovery_sdram.o
                0x000000000800365c                BSP_SDRAM_MspInit
 .text.BSP_TS_Init
                0x000000000800384c       0x80 Core/Src/stm32746g_discovery_ts.o
                0x000000000800384c                BSP_TS_Init
 .text.BSP_TS_GetState
                0x00000000080038cc      0x3ac Core/Src/stm32746g_discovery_ts.o
                0x00000000080038cc                BSP_TS_GetState
 .text.BSP_TS_Get_GestureId
                0x0000000008003c78       0x94 Core/Src/stm32746g_discovery_ts.o
                0x0000000008003c78                BSP_TS_Get_GestureId
 .text.HAL_MspInit
                0x0000000008003d0c       0x50 Core/Src/stm32f7xx_hal_msp.o
                0x0000000008003d0c                HAL_MspInit
 .text.HAL_ADC_MspInit
                0x0000000008003d5c       0xdc Core/Src/stm32f7xx_hal_msp.o
                0x0000000008003d5c                HAL_ADC_MspInit
 .text.HAL_DAC_MspInit
                0x0000000008003e38       0x90 Core/Src/stm32f7xx_hal_msp.o
                0x0000000008003e38                HAL_DAC_MspInit
 .text.HAL_DMA2D_MspInit
                0x0000000008003ec8       0x40 Core/Src/stm32f7xx_hal_msp.o
                0x0000000008003ec8                HAL_DMA2D_MspInit
 .text.HAL_I2C_MspInit
                0x0000000008003f08       0xf0 Core/Src/stm32f7xx_hal_msp.o
                0x0000000008003f08                HAL_I2C_MspInit
 .text.HAL_I2C_MspDeInit
                0x0000000008003ff8       0x78 Core/Src/stm32f7xx_hal_msp.o
                0x0000000008003ff8                HAL_I2C_MspDeInit
 .text.HAL_LTDC_MspInit
                0x0000000008004070      0x190 Core/Src/stm32f7xx_hal_msp.o
                0x0000000008004070                HAL_LTDC_MspInit
 .text.HAL_RTC_MspInit
                0x0000000008004200       0x34 Core/Src/stm32f7xx_hal_msp.o
                0x0000000008004200                HAL_RTC_MspInit
 .text.HAL_SPI_MspInit
                0x0000000008004234       0xe4 Core/Src/stm32f7xx_hal_msp.o
                0x0000000008004234                HAL_SPI_MspInit
 .text.HAL_TIM_Base_MspInit
                0x0000000008004318       0xdc Core/Src/stm32f7xx_hal_msp.o
                0x0000000008004318                HAL_TIM_Base_MspInit
 .text.HAL_TIM_MspPostInit
                0x00000000080043f4       0xbc Core/Src/stm32f7xx_hal_msp.o
                0x00000000080043f4                HAL_TIM_MspPostInit
 .text.HAL_UART_MspInit
                0x00000000080044b0      0x19c Core/Src/stm32f7xx_hal_msp.o
                0x00000000080044b0                HAL_UART_MspInit
 .text.HAL_FMC_MspInit
                0x000000000800464c      0x120 Core/Src/stm32f7xx_hal_msp.o
 .text.HAL_SDRAM_MspInit
                0x000000000800476c       0x14 Core/Src/stm32f7xx_hal_msp.o
                0x000000000800476c                HAL_SDRAM_MspInit
 .text.HAL_InitTick
                0x0000000008004780       0xb0 Core/Src/stm32f7xx_hal_timebase_tim.o
                0x0000000008004780                HAL_InitTick
 .text.NMI_Handler
                0x0000000008004830        0x6 Core/Src/stm32f7xx_it.o
                0x0000000008004830                NMI_Handler
 .text.HardFault_Handler
                0x0000000008004836        0x6 Core/Src/stm32f7xx_it.o
                0x0000000008004836                HardFault_Handler
 .text.MemManage_Handler
                0x000000000800483c        0x6 Core/Src/stm32f7xx_it.o
                0x000000000800483c                MemManage_Handler
 .text.BusFault_Handler
                0x0000000008004842        0x6 Core/Src/stm32f7xx_it.o
                0x0000000008004842                BusFault_Handler
 .text.UsageFault_Handler
                0x0000000008004848        0x6 Core/Src/stm32f7xx_it.o
                0x0000000008004848                UsageFault_Handler
 .text.DebugMon_Handler
                0x000000000800484e        0xe Core/Src/stm32f7xx_it.o
                0x000000000800484e                DebugMon_Handler
 .text.USART1_IRQHandler
                0x000000000800485c       0x14 Core/Src/stm32f7xx_it.o
                0x000000000800485c                USART1_IRQHandler
 .text.TIM6_DAC_IRQHandler
                0x0000000008004870       0x1c Core/Src/stm32f7xx_it.o
                0x0000000008004870                TIM6_DAC_IRQHandler
 .text.LTDC_IRQHandler
                0x000000000800488c       0x14 Core/Src/stm32f7xx_it.o
                0x000000000800488c                LTDC_IRQHandler
 .text._sbrk    0x00000000080048a0       0x6c Core/Src/sysmem.o
                0x00000000080048a0                _sbrk
 .text.SystemInit
                0x000000000800490c       0x2c Core/Src/system_stm32f7xx.o
                0x000000000800490c                SystemInit
 .text.Reset_Handler
                0x0000000008004938       0x50 Core/Startup/startup_stm32f746nghx.o
                0x0000000008004938                Reset_Handler
 .text.Default_Handler
                0x0000000008004988        0x2 Core/Startup/startup_stm32f746nghx.o
                0x0000000008004988                RTC_Alarm_IRQHandler
                0x0000000008004988                EXTI2_IRQHandler
                0x0000000008004988                TIM8_CC_IRQHandler
                0x0000000008004988                UART8_IRQHandler
                0x0000000008004988                SPI4_IRQHandler
                0x0000000008004988                TIM1_CC_IRQHandler
                0x0000000008004988                DMA2_Stream5_IRQHandler
                0x0000000008004988                DMA1_Stream5_IRQHandler
                0x0000000008004988                PVD_IRQHandler
                0x0000000008004988                TAMP_STAMP_IRQHandler
                0x0000000008004988                CAN2_RX1_IRQHandler
                0x0000000008004988                EXTI3_IRQHandler
                0x0000000008004988                TIM8_TRG_COM_TIM14_IRQHandler
                0x0000000008004988                TIM1_UP_TIM10_IRQHandler
                0x0000000008004988                TIM8_UP_TIM13_IRQHandler
                0x0000000008004988                I2C3_ER_IRQHandler
                0x0000000008004988                EXTI0_IRQHandler
                0x0000000008004988                I2C2_EV_IRQHandler
                0x0000000008004988                DMA1_Stream2_IRQHandler
                0x0000000008004988                CAN1_RX0_IRQHandler
                0x0000000008004988                FPU_IRQHandler
                0x0000000008004988                OTG_HS_WKUP_IRQHandler
                0x0000000008004988                LTDC_ER_IRQHandler
                0x0000000008004988                CAN2_SCE_IRQHandler
                0x0000000008004988                DMA2_Stream2_IRQHandler
                0x0000000008004988                SPI1_IRQHandler
                0x0000000008004988                TIM1_BRK_TIM9_IRQHandler
                0x0000000008004988                DCMI_IRQHandler
                0x0000000008004988                CAN2_RX0_IRQHandler
                0x0000000008004988                DMA2_Stream3_IRQHandler
                0x0000000008004988                SAI2_IRQHandler
                0x0000000008004988                USART6_IRQHandler
                0x0000000008004988                USART3_IRQHandler
                0x0000000008004988                CAN1_RX1_IRQHandler
                0x0000000008004988                UART5_IRQHandler
                0x0000000008004988                DMA2_Stream0_IRQHandler
                0x0000000008004988                TIM4_IRQHandler
                0x0000000008004988                QUADSPI_IRQHandler
                0x0000000008004988                I2C1_EV_IRQHandler
                0x0000000008004988                DMA1_Stream6_IRQHandler
                0x0000000008004988                DMA1_Stream1_IRQHandler
                0x0000000008004988                UART4_IRQHandler
                0x0000000008004988                TIM3_IRQHandler
                0x0000000008004988                RCC_IRQHandler
                0x0000000008004988                TIM8_BRK_TIM12_IRQHandler
                0x0000000008004988                Default_Handler
                0x0000000008004988                CEC_IRQHandler
                0x0000000008004988                EXTI15_10_IRQHandler
                0x0000000008004988                ADC_IRQHandler
                0x0000000008004988                DMA1_Stream7_IRQHandler
                0x0000000008004988                SPI5_IRQHandler
                0x0000000008004988                TIM7_IRQHandler
                0x0000000008004988                SDMMC1_IRQHandler
                0x0000000008004988                CAN2_TX_IRQHandler
                0x0000000008004988                TIM5_IRQHandler
                0x0000000008004988                DMA2_Stream7_IRQHandler
                0x0000000008004988                I2C3_EV_IRQHandler
                0x0000000008004988                EXTI9_5_IRQHandler
                0x0000000008004988                RTC_WKUP_IRQHandler
                0x0000000008004988                ETH_WKUP_IRQHandler
                0x0000000008004988                SPDIF_RX_IRQHandler
                0x0000000008004988                SPI2_IRQHandler
                0x0000000008004988                OTG_HS_EP1_IN_IRQHandler
                0x0000000008004988                DMA1_Stream0_IRQHandler
                0x0000000008004988                CAN1_TX_IRQHandler
                0x0000000008004988                EXTI4_IRQHandler
                0x0000000008004988                RNG_IRQHandler
                0x0000000008004988                ETH_IRQHandler
                0x0000000008004988                OTG_HS_EP1_OUT_IRQHandler
                0x0000000008004988                WWDG_IRQHandler
                0x0000000008004988                SPI6_IRQHandler
                0x0000000008004988                I2C4_EV_IRQHandler
                0x0000000008004988                TIM2_IRQHandler
                0x0000000008004988                OTG_FS_WKUP_IRQHandler
                0x0000000008004988                TIM1_TRG_COM_TIM11_IRQHandler
                0x0000000008004988                OTG_HS_IRQHandler
                0x0000000008004988                DMA2D_IRQHandler
                0x0000000008004988                EXTI1_IRQHandler
                0x0000000008004988                UART7_IRQHandler
                0x0000000008004988                USART2_IRQHandler
                0x0000000008004988                I2C2_ER_IRQHandler
                0x0000000008004988                DMA2_Stream1_IRQHandler
                0x0000000008004988                CAN1_SCE_IRQHandler
                0x0000000008004988                FLASH_IRQHandler
                0x0000000008004988                DMA2_Stream4_IRQHandler
                0x0000000008004988                OTG_FS_IRQHandler
                0x0000000008004988                SPI3_IRQHandler
                0x0000000008004988                DMA1_Stream4_IRQHandler
                0x0000000008004988                I2C1_ER_IRQHandler
                0x0000000008004988                FMC_IRQHandler
                0x0000000008004988                LPTIM1_IRQHandler
                0x0000000008004988                I2C4_ER_IRQHandler
                0x0000000008004988                DMA2_Stream6_IRQHandler
                0x0000000008004988                SAI1_IRQHandler
                0x0000000008004988                DMA1_Stream3_IRQHandler
 .text.HAL_Init
                0x000000000800498a       0x1a Drivers/STM32F7xx_HAL_Driver/Src/stm32f7xx_hal.o
                0x000000000800498a                HAL_Init
 .text.HAL_IncTick
                0x00000000080049a4       0x28 Drivers/STM32F7xx_HAL_Driver/Src/stm32f7xx_hal.o
                0x00000000080049a4                HAL_IncTick
 .text.HAL_GetTick
                0x00000000080049cc       0x18 Drivers/STM32F7xx_HAL_Driver/Src/stm32f7xx_hal.o
                0x00000000080049cc                HAL_GetTick
 .text.HAL_Delay
                0x00000000080049e4       0x44 Drivers/STM32F7xx_HAL_Driver/Src/stm32f7xx_hal.o
                0x00000000080049e4                HAL_Delay
 .text.HAL_ADC_Init
                0x0000000008004a28       0x88 Drivers/STM32F7xx_HAL_Driver/Src/stm32f7xx_hal_adc.o
                0x0000000008004a28                HAL_ADC_Init
 .text.HAL_ADC_Start
                0x0000000008004ab0      0x180 Drivers/STM32F7xx_HAL_Driver/Src/stm32f7xx_hal_adc.o
                0x0000000008004ab0                HAL_ADC_Start
 .text.HAL_ADC_PollForConversion
                0x0000000008004c30      0x108 Drivers/STM32F7xx_HAL_Driver/Src/stm32f7xx_hal_adc.o
                0x0000000008004c30                HAL_ADC_PollForConversion
 .text.HAL_ADC_GetValue
                0x0000000008004d38       0x1a Drivers/STM32F7xx_HAL_Driver/Src/stm32f7xx_hal_adc.o
                0x0000000008004d38                HAL_ADC_GetValue
 *fill*         0x0000000008004d52        0x2 
 .text.HAL_ADC_ConfigChannel
                0x0000000008004d54      0x294 Drivers/STM32F7xx_HAL_Driver/Src/stm32f7xx_hal_adc.o
                0x0000000008004d54                HAL_ADC_ConfigChannel
 .text.ADC_Init
                0x0000000008004fe8      0x1f4 Drivers/STM32F7xx_HAL_Driver/Src/stm32f7xx_hal_adc.o
 .text.__NVIC_SetPriorityGrouping
                0x00000000080051dc       0x48 Drivers/STM32F7xx_HAL_Driver/Src/stm32f7xx_hal_cortex.o
 .text.__NVIC_GetPriorityGrouping
                0x0000000008005224       0x1c Drivers/STM32F7xx_HAL_Driver/Src/stm32f7xx_hal_cortex.o
 .text.__NVIC_EnableIRQ
                0x0000000008005240       0x3c Drivers/STM32F7xx_HAL_Driver/Src/stm32f7xx_hal_cortex.o
 .text.__NVIC_SetPriority
                0x000000000800527c       0x54 Drivers/STM32F7xx_HAL_Driver/Src/stm32f7xx_hal_cortex.o
 .text.NVIC_EncodePriority
                0x00000000080052d0       0x66 Drivers/STM32F7xx_HAL_Driver/Src/stm32f7xx_hal_cortex.o
 .text.HAL_NVIC_SetPriorityGrouping
                0x0000000008005336       0x16 Drivers/STM32F7xx_HAL_Driver/Src/stm32f7xx_hal_cortex.o
                0x0000000008005336                HAL_NVIC_SetPriorityGrouping
 .text.HAL_NVIC_SetPriority
                0x000000000800534c       0x38 Drivers/STM32F7xx_HAL_Driver/Src/stm32f7xx_hal_cortex.o
                0x000000000800534c                HAL_NVIC_SetPriority
 .text.HAL_NVIC_EnableIRQ
                0x0000000008005384       0x1c Drivers/STM32F7xx_HAL_Driver/Src/stm32f7xx_hal_cortex.o
                0x0000000008005384                HAL_NVIC_EnableIRQ
 .text.HAL_DAC_Init
                0x00000000080053a0       0x44 Drivers/STM32F7xx_HAL_Driver/Src/stm32f7xx_hal_dac.o
                0x00000000080053a0                HAL_DAC_Init
 .text.HAL_DAC_IRQHandler
                0x00000000080053e4       0x94 Drivers/STM32F7xx_HAL_Driver/Src/stm32f7xx_hal_dac.o
                0x00000000080053e4                HAL_DAC_IRQHandler
 .text.HAL_DAC_DMAUnderrunCallbackCh1
                0x0000000008005478       0x14 Drivers/STM32F7xx_HAL_Driver/Src/stm32f7xx_hal_dac.o
                0x0000000008005478                HAL_DAC_DMAUnderrunCallbackCh1
 .text.HAL_DAC_ConfigChannel
                0x000000000800548c       0x9a Drivers/STM32F7xx_HAL_Driver/Src/stm32f7xx_hal_dac.o
                0x000000000800548c                HAL_DAC_ConfigChannel
 .text.HAL_DACEx_DMAUnderrunCallbackCh2
                0x0000000008005526       0x14 Drivers/STM32F7xx_HAL_Driver/Src/stm32f7xx_hal_dac_ex.o
                0x0000000008005526                HAL_DACEx_DMAUnderrunCallbackCh2
 *fill*         0x000000000800553a        0x2 
 .text.HAL_DMA_Init
                0x000000000800553c      0x15c Drivers/STM32F7xx_HAL_Driver/Src/stm32f7xx_hal_dma.o
                0x000000000800553c                HAL_DMA_Init
 .text.HAL_DMA_DeInit
                0x0000000008005698       0xbc Drivers/STM32F7xx_HAL_Driver/Src/stm32f7xx_hal_dma.o
                0x0000000008005698                HAL_DMA_DeInit
 .text.HAL_DMA_Abort_IT
                0x0000000008005754       0x44 Drivers/STM32F7xx_HAL_Driver/Src/stm32f7xx_hal_dma.o
                0x0000000008005754                HAL_DMA_Abort_IT
 .text.DMA_CalcBaseAndBitshift
                0x0000000008005798       0x6c Drivers/STM32F7xx_HAL_Driver/Src/stm32f7xx_hal_dma.o
 .text.DMA_CheckFifoParam
                0x0000000008005804       0xf4 Drivers/STM32F7xx_HAL_Driver/Src/stm32f7xx_hal_dma.o
 .text.HAL_DMA2D_Init
                0x00000000080058f8       0x94 Drivers/STM32F7xx_HAL_Driver/Src/stm32f7xx_hal_dma2d.o
                0x00000000080058f8                HAL_DMA2D_Init
 .text.HAL_DMA2D_Start
                0x000000000800598c       0x56 Drivers/STM32F7xx_HAL_Driver/Src/stm32f7xx_hal_dma2d.o
                0x000000000800598c                HAL_DMA2D_Start
 .text.HAL_DMA2D_PollForTransfer
                0x00000000080059e2      0x1d2 Drivers/STM32F7xx_HAL_Driver/Src/stm32f7xx_hal_dma2d.o
                0x00000000080059e2                HAL_DMA2D_PollForTransfer
 .text.HAL_DMA2D_ConfigLayer
                0x0000000008005bb4      0x124 Drivers/STM32F7xx_HAL_Driver/Src/stm32f7xx_hal_dma2d.o
                0x0000000008005bb4                HAL_DMA2D_ConfigLayer
 .text.DMA2D_SetConfig
                0x0000000008005cd8      0x138 Drivers/STM32F7xx_HAL_Driver/Src/stm32f7xx_hal_dma2d.o
 .text.HAL_GPIO_Init
                0x0000000008005e10      0x354 Drivers/STM32F7xx_HAL_Driver/Src/stm32f7xx_hal_gpio.o
                0x0000000008005e10                HAL_GPIO_Init
 .text.HAL_GPIO_DeInit
                0x0000000008006164      0x214 Drivers/STM32F7xx_HAL_Driver/Src/stm32f7xx_hal_gpio.o
                0x0000000008006164                HAL_GPIO_DeInit
 .text.HAL_GPIO_ReadPin
                0x0000000008006378       0x30 Drivers/STM32F7xx_HAL_Driver/Src/stm32f7xx_hal_gpio.o
                0x0000000008006378                HAL_GPIO_ReadPin
 .text.HAL_GPIO_WritePin
                0x00000000080063a8       0x32 Drivers/STM32F7xx_HAL_Driver/Src/stm32f7xx_hal_gpio.o
                0x00000000080063a8                HAL_GPIO_WritePin
 *fill*         0x00000000080063da        0x2 
 .text.HAL_I2C_Init
                0x00000000080063dc      0x120 Drivers/STM32F7xx_HAL_Driver/Src/stm32f7xx_hal_i2c.o
                0x00000000080063dc                HAL_I2C_Init
 .text.HAL_I2C_DeInit
                0x00000000080064fc       0x5e Drivers/STM32F7xx_HAL_Driver/Src/stm32f7xx_hal_i2c.o
                0x00000000080064fc                HAL_I2C_DeInit
 *fill*         0x000000000800655a        0x2 
 .text.HAL_I2C_Mem_Write
                0x000000000800655c      0x228 Drivers/STM32F7xx_HAL_Driver/Src/stm32f7xx_hal_i2c.o
                0x000000000800655c                HAL_I2C_Mem_Write
 .text.HAL_I2C_Mem_Read
                0x0000000008006784      0x234 Drivers/STM32F7xx_HAL_Driver/Src/stm32f7xx_hal_i2c.o
                0x0000000008006784                HAL_I2C_Mem_Read
 .text.HAL_I2C_GetState
                0x00000000080069b8       0x1c Drivers/STM32F7xx_HAL_Driver/Src/stm32f7xx_hal_i2c.o
                0x00000000080069b8                HAL_I2C_GetState
 .text.I2C_RequestMemoryWrite
                0x00000000080069d4       0xa8 Drivers/STM32F7xx_HAL_Driver/Src/stm32f7xx_hal_i2c.o
 .text.I2C_RequestMemoryRead
                0x0000000008006a7c       0xa8 Drivers/STM32F7xx_HAL_Driver/Src/stm32f7xx_hal_i2c.o
 .text.I2C_Flush_TXDR
                0x0000000008006b24       0x48 Drivers/STM32F7xx_HAL_Driver/Src/stm32f7xx_hal_i2c.o
 .text.I2C_WaitOnFlagUntilTimeout
                0x0000000008006b6c       0x80 Drivers/STM32F7xx_HAL_Driver/Src/stm32f7xx_hal_i2c.o
 .text.I2C_WaitOnTXISFlagUntilTimeout
                0x0000000008006bec       0x80 Drivers/STM32F7xx_HAL_Driver/Src/stm32f7xx_hal_i2c.o
 .text.I2C_WaitOnSTOPFlagUntilTimeout
                0x0000000008006c6c       0x78 Drivers/STM32F7xx_HAL_Driver/Src/stm32f7xx_hal_i2c.o
 .text.I2C_IsAcknowledgeFailed
                0x0000000008006ce4       0xcc Drivers/STM32F7xx_HAL_Driver/Src/stm32f7xx_hal_i2c.o
 .text.I2C_TransferConfig
                0x0000000008006db0       0x5c Drivers/STM32F7xx_HAL_Driver/Src/stm32f7xx_hal_i2c.o
 .text.HAL_I2CEx_ConfigAnalogFilter
                0x0000000008006e0c       0x96 Drivers/STM32F7xx_HAL_Driver/Src/stm32f7xx_hal_i2c_ex.o
                0x0000000008006e0c                HAL_I2CEx_ConfigAnalogFilter
 .text.HAL_I2CEx_ConfigDigitalFilter
                0x0000000008006ea2       0x98 Drivers/STM32F7xx_HAL_Driver/Src/stm32f7xx_hal_i2c_ex.o
                0x0000000008006ea2                HAL_I2CEx_ConfigDigitalFilter
 *fill*         0x0000000008006f3a        0x2 
 .text.HAL_LTDC_Init
                0x0000000008006f3c      0x1a0 Drivers/STM32F7xx_HAL_Driver/Src/stm32f7xx_hal_ltdc.o
                0x0000000008006f3c                HAL_LTDC_Init
 .text.HAL_LTDC_IRQHandler
                0x00000000080070dc      0x148 Drivers/STM32F7xx_HAL_Driver/Src/stm32f7xx_hal_ltdc.o
                0x00000000080070dc                HAL_LTDC_IRQHandler
 .text.HAL_LTDC_ErrorCallback
                0x0000000008007224       0x14 Drivers/STM32F7xx_HAL_Driver/Src/stm32f7xx_hal_ltdc.o
                0x0000000008007224                HAL_LTDC_ErrorCallback
 .text.HAL_LTDC_LineEventCallback
                0x0000000008007238       0x14 Drivers/STM32F7xx_HAL_Driver/Src/stm32f7xx_hal_ltdc.o
                0x0000000008007238                HAL_LTDC_LineEventCallback
 .text.HAL_LTDC_ReloadEventCallback
                0x000000000800724c       0x14 Drivers/STM32F7xx_HAL_Driver/Src/stm32f7xx_hal_ltdc.o
                0x000000000800724c                HAL_LTDC_ReloadEventCallback
 .text.HAL_LTDC_ConfigLayer
                0x0000000008007260       0x7c Drivers/STM32F7xx_HAL_Driver/Src/stm32f7xx_hal_ltdc.o
                0x0000000008007260                HAL_LTDC_ConfigLayer
 .text.HAL_LTDC_GetState
                0x00000000080072dc       0x1c Drivers/STM32F7xx_HAL_Driver/Src/stm32f7xx_hal_ltdc.o
                0x00000000080072dc                HAL_LTDC_GetState
 .text.LTDC_SetConfig
                0x00000000080072f8      0x334 Drivers/STM32F7xx_HAL_Driver/Src/stm32f7xx_hal_ltdc.o
 .text.HAL_PWR_EnableBkUpAccess
                0x000000000800762c       0x20 Drivers/STM32F7xx_HAL_Driver/Src/stm32f7xx_hal_pwr.o
                0x000000000800762c                HAL_PWR_EnableBkUpAccess
 .text.HAL_PWREx_EnableOverDrive
                0x000000000800764c       0xa0 Drivers/STM32F7xx_HAL_Driver/Src/stm32f7xx_hal_pwr_ex.o
                0x000000000800764c                HAL_PWREx_EnableOverDrive
 .text.HAL_RCC_OscConfig
                0x00000000080076ec      0x548 Drivers/STM32F7xx_HAL_Driver/Src/stm32f7xx_hal_rcc.o
                0x00000000080076ec                HAL_RCC_OscConfig
 .text.HAL_RCC_ClockConfig
                0x0000000008007c34      0x1d8 Drivers/STM32F7xx_HAL_Driver/Src/stm32f7xx_hal_rcc.o
                0x0000000008007c34                HAL_RCC_ClockConfig
 .text.HAL_RCC_GetSysClockFreq
                0x0000000008007e0c      0x164 Drivers/STM32F7xx_HAL_Driver/Src/stm32f7xx_hal_rcc.o
                0x0000000008007e0c                HAL_RCC_GetSysClockFreq
 .text.HAL_RCC_GetHCLKFreq
                0x0000000008007f70       0x18 Drivers/STM32F7xx_HAL_Driver/Src/stm32f7xx_hal_rcc.o
                0x0000000008007f70                HAL_RCC_GetHCLKFreq
 .text.HAL_RCC_GetPCLK1Freq
                0x0000000008007f88       0x28 Drivers/STM32F7xx_HAL_Driver/Src/stm32f7xx_hal_rcc.o
                0x0000000008007f88                HAL_RCC_GetPCLK1Freq
 .text.HAL_RCC_GetPCLK2Freq
                0x0000000008007fb0       0x28 Drivers/STM32F7xx_HAL_Driver/Src/stm32f7xx_hal_rcc.o
                0x0000000008007fb0                HAL_RCC_GetPCLK2Freq
 .text.HAL_RCC_GetClockConfig
                0x0000000008007fd8       0x64 Drivers/STM32F7xx_HAL_Driver/Src/stm32f7xx_hal_rcc.o
                0x0000000008007fd8                HAL_RCC_GetClockConfig
 .text.HAL_RCCEx_PeriphCLKConfig
                0x000000000800803c      0x7dc Drivers/STM32F7xx_HAL_Driver/Src/stm32f7xx_hal_rcc_ex.o
                0x000000000800803c                HAL_RCCEx_PeriphCLKConfig
 .text.HAL_RTC_Init
                0x0000000008008818       0xf8 Drivers/STM32F7xx_HAL_Driver/Src/stm32f7xx_hal_rtc.o
                0x0000000008008818                HAL_RTC_Init
 .text.HAL_RTC_SetTime
                0x0000000008008910      0x17c Drivers/STM32F7xx_HAL_Driver/Src/stm32f7xx_hal_rtc.o
                0x0000000008008910                HAL_RTC_SetTime
 .text.HAL_RTC_SetDate
                0x0000000008008a8c      0x150 Drivers/STM32F7xx_HAL_Driver/Src/stm32f7xx_hal_rtc.o
                0x0000000008008a8c                HAL_RTC_SetDate
 .text.HAL_RTC_SetAlarm
                0x0000000008008bdc      0x230 Drivers/STM32F7xx_HAL_Driver/Src/stm32f7xx_hal_rtc.o
                0x0000000008008bdc                HAL_RTC_SetAlarm
 .text.HAL_RTC_WaitForSynchro
                0x0000000008008e0c       0x50 Drivers/STM32F7xx_HAL_Driver/Src/stm32f7xx_hal_rtc.o
                0x0000000008008e0c                HAL_RTC_WaitForSynchro
 .text.RTC_EnterInitMode
                0x0000000008008e5c       0x58 Drivers/STM32F7xx_HAL_Driver/Src/stm32f7xx_hal_rtc.o
                0x0000000008008e5c                RTC_EnterInitMode
 .text.RTC_ByteToBcd2
                0x0000000008008eb4       0x3c Drivers/STM32F7xx_HAL_Driver/Src/stm32f7xx_hal_rtc.o
                0x0000000008008eb4                RTC_ByteToBcd2
 .text.HAL_RTCEx_SetTimeStamp
                0x0000000008008ef0       0xac Drivers/STM32F7xx_HAL_Driver/Src/stm32f7xx_hal_rtc_ex.o
                0x0000000008008ef0                HAL_RTCEx_SetTimeStamp
 .text.HAL_SDRAM_Init
                0x0000000008008f9c       0x68 Drivers/STM32F7xx_HAL_Driver/Src/stm32f7xx_hal_sdram.o
                0x0000000008008f9c                HAL_SDRAM_Init
 .text.HAL_SDRAM_SendCommand
                0x0000000008009004       0x56 Drivers/STM32F7xx_HAL_Driver/Src/stm32f7xx_hal_sdram.o
                0x0000000008009004                HAL_SDRAM_SendCommand
 .text.HAL_SDRAM_ProgramRefreshRate
                0x000000000800905a       0x40 Drivers/STM32F7xx_HAL_Driver/Src/stm32f7xx_hal_sdram.o
                0x000000000800905a                HAL_SDRAM_ProgramRefreshRate
 .text.HAL_SPI_Init
                0x000000000800909a      0x124 Drivers/STM32F7xx_HAL_Driver/Src/stm32f7xx_hal_spi.o
                0x000000000800909a                HAL_SPI_Init
 .text.HAL_TIM_Base_Init
                0x00000000080091be       0x56 Drivers/STM32F7xx_HAL_Driver/Src/stm32f7xx_hal_tim.o
                0x00000000080091be                HAL_TIM_Base_Init
 .text.HAL_TIM_Base_Start_IT
                0x0000000008009214       0x54 Drivers/STM32F7xx_HAL_Driver/Src/stm32f7xx_hal_tim.o
                0x0000000008009214                HAL_TIM_Base_Start_IT
 .text.HAL_TIM_PWM_Init
                0x0000000008009268       0x56 Drivers/STM32F7xx_HAL_Driver/Src/stm32f7xx_hal_tim.o
                0x0000000008009268                HAL_TIM_PWM_Init
 .text.HAL_TIM_PWM_MspInit
                0x00000000080092be       0x14 Drivers/STM32F7xx_HAL_Driver/Src/stm32f7xx_hal_tim.o
                0x00000000080092be                HAL_TIM_PWM_MspInit
 .text.HAL_TIM_IRQHandler
                0x00000000080092d2      0x23e Drivers/STM32F7xx_HAL_Driver/Src/stm32f7xx_hal_tim.o
                0x00000000080092d2                HAL_TIM_IRQHandler
 .text.HAL_TIM_PWM_ConfigChannel
                0x0000000008009510      0x230 Drivers/STM32F7xx_HAL_Driver/Src/stm32f7xx_hal_tim.o
                0x0000000008009510                HAL_TIM_PWM_ConfigChannel
 .text.HAL_TIM_ConfigClockSource
                0x0000000008009740      0x174 Drivers/STM32F7xx_HAL_Driver/Src/stm32f7xx_hal_tim.o
                0x0000000008009740                HAL_TIM_ConfigClockSource
 .text.HAL_TIM_SlaveConfigSynchro
                0x00000000080098b4       0x84 Drivers/STM32F7xx_HAL_Driver/Src/stm32f7xx_hal_tim.o
                0x00000000080098b4                HAL_TIM_SlaveConfigSynchro
 .text.HAL_TIM_OC_DelayElapsedCallback
                0x0000000008009938       0x14 Drivers/STM32F7xx_HAL_Driver/Src/stm32f7xx_hal_tim.o
                0x0000000008009938                HAL_TIM_OC_DelayElapsedCallback
 .text.HAL_TIM_IC_CaptureCallback
                0x000000000800994c       0x14 Drivers/STM32F7xx_HAL_Driver/Src/stm32f7xx_hal_tim.o
                0x000000000800994c                HAL_TIM_IC_CaptureCallback
 .text.HAL_TIM_PWM_PulseFinishedCallback
                0x0000000008009960       0x14 Drivers/STM32F7xx_HAL_Driver/Src/stm32f7xx_hal_tim.o
                0x0000000008009960                HAL_TIM_PWM_PulseFinishedCallback
 .text.HAL_TIM_TriggerCallback
                0x0000000008009974       0x14 Drivers/STM32F7xx_HAL_Driver/Src/stm32f7xx_hal_tim.o
                0x0000000008009974                HAL_TIM_TriggerCallback
 .text.TIM_Base_SetConfig
                0x0000000008009988      0x140 Drivers/STM32F7xx_HAL_Driver/Src/stm32f7xx_hal_tim.o
                0x0000000008009988                TIM_Base_SetConfig
 .text.TIM_OC1_SetConfig
                0x0000000008009ac8       0xe4 Drivers/STM32F7xx_HAL_Driver/Src/stm32f7xx_hal_tim.o
 .text.TIM_OC2_SetConfig
                0x0000000008009bac       0xf0 Drivers/STM32F7xx_HAL_Driver/Src/stm32f7xx_hal_tim.o
                0x0000000008009bac                TIM_OC2_SetConfig
 .text.TIM_OC3_SetConfig
                0x0000000008009c9c       0xec Drivers/STM32F7xx_HAL_Driver/Src/stm32f7xx_hal_tim.o
 .text.TIM_OC4_SetConfig
                0x0000000008009d88       0xb0 Drivers/STM32F7xx_HAL_Driver/Src/stm32f7xx_hal_tim.o
 .text.TIM_OC5_SetConfig
                0x0000000008009e38       0xa4 Drivers/STM32F7xx_HAL_Driver/Src/stm32f7xx_hal_tim.o
 .text.TIM_OC6_SetConfig
                0x0000000008009edc       0xa8 Drivers/STM32F7xx_HAL_Driver/Src/stm32f7xx_hal_tim.o
 .text.TIM_SlaveTimer_SetConfig
                0x0000000008009f84      0x110 Drivers/STM32F7xx_HAL_Driver/Src/stm32f7xx_hal_tim.o
 .text.TIM_TI1_ConfigInputStage
                0x000000000800a094       0x5e Drivers/STM32F7xx_HAL_Driver/Src/stm32f7xx_hal_tim.o
 .text.TIM_TI2_ConfigInputStage
                0x000000000800a0f2       0x60 Drivers/STM32F7xx_HAL_Driver/Src/stm32f7xx_hal_tim.o
 .text.TIM_ITRx_SetConfig
                0x000000000800a152       0x36 Drivers/STM32F7xx_HAL_Driver/Src/stm32f7xx_hal_tim.o
 .text.TIM_ETR_SetConfig
                0x000000000800a188       0x40 Drivers/STM32F7xx_HAL_Driver/Src/stm32f7xx_hal_tim.o
                0x000000000800a188                TIM_ETR_SetConfig
 .text.HAL_TIMEx_MasterConfigSynchronization
                0x000000000800a1c8      0x11c Drivers/STM32F7xx_HAL_Driver/Src/stm32f7xx_hal_tim_ex.o
                0x000000000800a1c8                HAL_TIMEx_MasterConfigSynchronization
 .text.HAL_TIMEx_ConfigBreakDeadTime
                0x000000000800a2e4       0xfc Drivers/STM32F7xx_HAL_Driver/Src/stm32f7xx_hal_tim_ex.o
                0x000000000800a2e4                HAL_TIMEx_ConfigBreakDeadTime
 .text.HAL_TIMEx_CommutCallback
                0x000000000800a3e0       0x14 Drivers/STM32F7xx_HAL_Driver/Src/stm32f7xx_hal_tim_ex.o
                0x000000000800a3e0                HAL_TIMEx_CommutCallback
 .text.HAL_TIMEx_BreakCallback
                0x000000000800a3f4       0x14 Drivers/STM32F7xx_HAL_Driver/Src/stm32f7xx_hal_tim_ex.o
                0x000000000800a3f4                HAL_TIMEx_BreakCallback
 .text.HAL_TIMEx_Break2Callback
                0x000000000800a408       0x14 Drivers/STM32F7xx_HAL_Driver/Src/stm32f7xx_hal_tim_ex.o
                0x000000000800a408                HAL_TIMEx_Break2Callback
 .text.HAL_UART_Init
                0x000000000800a41c       0x9c Drivers/STM32F7xx_HAL_Driver/Src/stm32f7xx_hal_uart.o
                0x000000000800a41c                HAL_UART_Init
 .text.HAL_UART_Transmit
                0x000000000800a4b8      0x122 Drivers/STM32F7xx_HAL_Driver/Src/stm32f7xx_hal_uart.o
                0x000000000800a4b8                HAL_UART_Transmit
 *fill*         0x000000000800a5da        0x2 
 .text.HAL_UART_Receive_IT
                0x000000000800a5dc      0x144 Drivers/STM32F7xx_HAL_Driver/Src/stm32f7xx_hal_uart.o
                0x000000000800a5dc                HAL_UART_Receive_IT
 .text.HAL_UART_IRQHandler
                0x000000000800a720      0x264 Drivers/STM32F7xx_HAL_Driver/Src/stm32f7xx_hal_uart.o
                0x000000000800a720                HAL_UART_IRQHandler
 .text.HAL_UART_TxCpltCallback
                0x000000000800a984       0x14 Drivers/STM32F7xx_HAL_Driver/Src/stm32f7xx_hal_uart.o
                0x000000000800a984                HAL_UART_TxCpltCallback
 .text.HAL_UART_ErrorCallback
                0x000000000800a998       0x14 Drivers/STM32F7xx_HAL_Driver/Src/stm32f7xx_hal_uart.o
                0x000000000800a998                HAL_UART_ErrorCallback
 .text.UART_SetConfig
                0x000000000800a9ac      0x554 Drivers/STM32F7xx_HAL_Driver/Src/stm32f7xx_hal_uart.o
                0x000000000800a9ac                UART_SetConfig
 .text.UART_AdvFeatureConfig
                0x000000000800af00      0x144 Drivers/STM32F7xx_HAL_Driver/Src/stm32f7xx_hal_uart.o
                0x000000000800af00                UART_AdvFeatureConfig
 .text.UART_CheckIdleState
                0x000000000800b044       0x5e Drivers/STM32F7xx_HAL_Driver/Src/stm32f7xx_hal_uart.o
                0x000000000800b044                UART_CheckIdleState
 .text.UART_WaitOnFlagUntilTimeout
                0x000000000800b0a2       0xf6 Drivers/STM32F7xx_HAL_Driver/Src/stm32f7xx_hal_uart.o
                0x000000000800b0a2                UART_WaitOnFlagUntilTimeout
 .text.UART_EndRxTransfer
                0x000000000800b198       0x40 Drivers/STM32F7xx_HAL_Driver/Src/stm32f7xx_hal_uart.o
 .text.UART_DMAAbortOnError
                0x000000000800b1d8       0x2c Drivers/STM32F7xx_HAL_Driver/Src/stm32f7xx_hal_uart.o
 .text.UART_EndTransmit_IT
                0x000000000800b204       0x32 Drivers/STM32F7xx_HAL_Driver/Src/stm32f7xx_hal_uart.o
 .text.UART_RxISR_8BIT
                0x000000000800b236       0xa6 Drivers/STM32F7xx_HAL_Driver/Src/stm32f7xx_hal_uart.o
 .text.UART_RxISR_16BIT
                0x000000000800b2dc       0xa6 Drivers/STM32F7xx_HAL_Driver/Src/stm32f7xx_hal_uart.o
 *fill*         0x000000000800b382        0x2 
 .text.FMC_SDRAM_Init
                0x000000000800b384       0xe4 Drivers/STM32F7xx_HAL_Driver/Src/stm32f7xx_ll_fmc.o
                0x000000000800b384                FMC_SDRAM_Init
 .text.FMC_SDRAM_Timing_Init
                0x000000000800b468      0x100 Drivers/STM32F7xx_HAL_Driver/Src/stm32f7xx_ll_fmc.o
                0x000000000800b468                FMC_SDRAM_Timing_Init
 .text.FMC_SDRAM_SendCommand
                0x000000000800b568       0x42 Drivers/STM32F7xx_HAL_Driver/Src/stm32f7xx_ll_fmc.o
                0x000000000800b568                FMC_SDRAM_SendCommand
 .text.FMC_SDRAM_ProgramRefreshRate
                0x000000000800b5aa       0x26 Drivers/STM32F7xx_HAL_Driver/Src/stm32f7xx_ll_fmc.o
                0x000000000800b5aa                FMC_SDRAM_ProgramRefreshRate
 .text.makeFreeRtosPriority
                0x000000000800b5d0       0x30 Middlewares/Third_Party/FreeRTOS/Source/CMSIS_RTOS/cmsis_os.o
 .text.osKernelStart
                0x000000000800b600        0xe Middlewares/Third_Party/FreeRTOS/Source/CMSIS_RTOS/cmsis_os.o
                0x000000000800b600                osKernelStart
 .text.osThreadCreate
                0x000000000800b60e       0x98 Middlewares/Third_Party/FreeRTOS/Source/CMSIS_RTOS/cmsis_os.o
                0x000000000800b60e                osThreadCreate
 .text.osDelay  0x000000000800b6a6       0x28 Middlewares/Third_Party/FreeRTOS/Source/CMSIS_RTOS/cmsis_os.o
                0x000000000800b6a6                osDelay
 .text.osMutexCreate
                0x000000000800b6ce       0x30 Middlewares/Third_Party/FreeRTOS/Source/CMSIS_RTOS/cmsis_os.o
                0x000000000800b6ce                osMutexCreate
 .text.osMessageCreate
                0x000000000800b6fe       0x52 Middlewares/Third_Party/FreeRTOS/Source/CMSIS_RTOS/cmsis_os.o
                0x000000000800b6fe                osMessageCreate
 .text.vListInitialise
                0x000000000800b750       0x40 Middlewares/Third_Party/FreeRTOS/Source/list.o
                0x000000000800b750                vListInitialise
 .text.vListInitialiseItem
                0x000000000800b790       0x1a Middlewares/Third_Party/FreeRTOS/Source/list.o
                0x000000000800b790                vListInitialiseItem
 .text.vListInsertEnd
                0x000000000800b7aa       0x48 Middlewares/Third_Party/FreeRTOS/Source/list.o
                0x000000000800b7aa                vListInsertEnd
 .text.vListInsert
                0x000000000800b7f2       0x72 Middlewares/Third_Party/FreeRTOS/Source/list.o
                0x000000000800b7f2                vListInsert
 .text.uxListRemove
                0x000000000800b864       0x54 Middlewares/Third_Party/FreeRTOS/Source/list.o
                0x000000000800b864                uxListRemove
 .text.xQueueGenericReset
                0x000000000800b8b8       0xd4 Middlewares/Third_Party/FreeRTOS/Source/queue.o
                0x000000000800b8b8                xQueueGenericReset
 .text.xQueueGenericCreateStatic
                0x000000000800b98c       0xfa Middlewares/Third_Party/FreeRTOS/Source/queue.o
                0x000000000800b98c                xQueueGenericCreateStatic
 .text.xQueueGenericCreate
                0x000000000800ba86       0x82 Middlewares/Third_Party/FreeRTOS/Source/queue.o
                0x000000000800ba86                xQueueGenericCreate
 .text.prvInitialiseNewQueue
                0x000000000800bb08       0x3e Middlewares/Third_Party/FreeRTOS/Source/queue.o
 .text.prvInitialiseMutex
                0x000000000800bb46       0x34 Middlewares/Third_Party/FreeRTOS/Source/queue.o
 .text.xQueueCreateMutex
                0x000000000800bb7a       0x30 Middlewares/Third_Party/FreeRTOS/Source/queue.o
                0x000000000800bb7a                xQueueCreateMutex
 .text.xQueueCreateMutexStatic
                0x000000000800bbaa       0x36 Middlewares/Third_Party/FreeRTOS/Source/queue.o
                0x000000000800bbaa                xQueueCreateMutexStatic
 .text.xQueueGenericSend
                0x000000000800bbe0      0x204 Middlewares/Third_Party/FreeRTOS/Source/queue.o
                0x000000000800bbe0                xQueueGenericSend
 .text.xQueueGenericSendFromISR
                0x000000000800bde4      0x138 Middlewares/Third_Party/FreeRTOS/Source/queue.o
                0x000000000800bde4                xQueueGenericSendFromISR
 .text.xQueueReceive
                0x000000000800bf1c      0x1c4 Middlewares/Third_Party/FreeRTOS/Source/queue.o
                0x000000000800bf1c                xQueueReceive
 .text.xQueueSemaphoreTake
                0x000000000800c0e0      0x220 Middlewares/Third_Party/FreeRTOS/Source/queue.o
                0x000000000800c0e0                xQueueSemaphoreTake
 .text.prvGetDisinheritPriorityAfterTimeout
                0x000000000800c300       0x30 Middlewares/Third_Party/FreeRTOS/Source/queue.o
 .text.prvCopyDataToQueue
                0x000000000800c330       0xd4 Middlewares/Third_Party/FreeRTOS/Source/queue.o
 .text.prvCopyDataFromQueue
                0x000000000800c404       0x4c Middlewares/Third_Party/FreeRTOS/Source/queue.o
 .text.prvUnlockQueue
                0x000000000800c450       0xa4 Middlewares/Third_Party/FreeRTOS/Source/queue.o
 .text.prvIsQueueEmpty
                0x000000000800c4f4       0x2c Middlewares/Third_Party/FreeRTOS/Source/queue.o
 .text.prvIsQueueFull
                0x000000000800c520       0x30 Middlewares/Third_Party/FreeRTOS/Source/queue.o
 .text.xTaskCreateStatic
                0x000000000800c550       0xc0 Middlewares/Third_Party/FreeRTOS/Source/tasks.o
                0x000000000800c550                xTaskCreateStatic
 .text.xTaskCreate
                0x000000000800c610       0x8a Middlewares/Third_Party/FreeRTOS/Source/tasks.o
                0x000000000800c610                xTaskCreate
 .text.prvInitialiseNewTask
                0x000000000800c69a      0x126 Middlewares/Third_Party/FreeRTOS/Source/tasks.o
 .text.prvAddNewTaskToReadyList
                0x000000000800c7c0       0xd4 Middlewares/Third_Party/FreeRTOS/Source/tasks.o
 .text.vTaskDelayUntil
                0x000000000800c894      0x100 Middlewares/Third_Party/FreeRTOS/Source/tasks.o
                0x000000000800c894                vTaskDelayUntil
 .text.vTaskDelay
                0x000000000800c994       0x6c Middlewares/Third_Party/FreeRTOS/Source/tasks.o
                0x000000000800c994                vTaskDelay
 .text.vTaskStartScheduler
                0x000000000800ca00       0xc4 Middlewares/Third_Party/FreeRTOS/Source/tasks.o
                0x000000000800ca00                vTaskStartScheduler
 .text.vTaskSuspendAll
                0x000000000800cac4       0x1c Middlewares/Third_Party/FreeRTOS/Source/tasks.o
                0x000000000800cac4                vTaskSuspendAll
 .text.xTaskResumeAll
                0x000000000800cae0      0x13c Middlewares/Third_Party/FreeRTOS/Source/tasks.o
                0x000000000800cae0                xTaskResumeAll
 .text.xTaskGetTickCount
                0x000000000800cc1c       0x20 Middlewares/Third_Party/FreeRTOS/Source/tasks.o
                0x000000000800cc1c                xTaskGetTickCount
 .text.xTaskIncrementTick
                0x000000000800cc3c      0x174 Middlewares/Third_Party/FreeRTOS/Source/tasks.o
                0x000000000800cc3c                xTaskIncrementTick
 .text.vTaskSwitchContext
                0x000000000800cdb0      0x104 Middlewares/Third_Party/FreeRTOS/Source/tasks.o
                0x000000000800cdb0                vTaskSwitchContext
 .text.vTaskPlaceOnEventList
                0x000000000800ceb4       0x4c Middlewares/Third_Party/FreeRTOS/Source/tasks.o
                0x000000000800ceb4                vTaskPlaceOnEventList
 .text.xTaskRemoveFromEventList
                0x000000000800cf00       0xc8 Middlewares/Third_Party/FreeRTOS/Source/tasks.o
                0x000000000800cf00                xTaskRemoveFromEventList
 .text.vTaskInternalSetTimeOutState
                0x000000000800cfc8       0x2c Middlewares/Third_Party/FreeRTOS/Source/tasks.o
                0x000000000800cfc8                vTaskInternalSetTimeOutState
 .text.xTaskCheckForTimeOut
                0x000000000800cff4       0xc8 Middlewares/Third_Party/FreeRTOS/Source/tasks.o
                0x000000000800cff4                xTaskCheckForTimeOut
 .text.vTaskMissedYield
                0x000000000800d0bc       0x18 Middlewares/Third_Party/FreeRTOS/Source/tasks.o
                0x000000000800d0bc                vTaskMissedYield
 .text.prvIdleTask
                0x000000000800d0d4       0x34 Middlewares/Third_Party/FreeRTOS/Source/tasks.o
 .text.prvInitialiseTaskLists
                0x000000000800d108       0x80 Middlewares/Third_Party/FreeRTOS/Source/tasks.o
 .text.prvCheckTasksWaitingTermination
                0x000000000800d188       0x58 Middlewares/Third_Party/FreeRTOS/Source/tasks.o
 .text.prvDeleteTCB
                0x000000000800d1e0       0x60 Middlewares/Third_Party/FreeRTOS/Source/tasks.o
 .text.prvResetNextTaskUnblockTime
                0x000000000800d240       0x40 Middlewares/Third_Party/FreeRTOS/Source/tasks.o
 .text.xTaskGetSchedulerState
                0x000000000800d280       0x3c Middlewares/Third_Party/FreeRTOS/Source/tasks.o
                0x000000000800d280                xTaskGetSchedulerState
 .text.xTaskPriorityInherit
                0x000000000800d2bc      0x100 Middlewares/Third_Party/FreeRTOS/Source/tasks.o
                0x000000000800d2bc                xTaskPriorityInherit
 .text.xTaskPriorityDisinherit
                0x000000000800d3bc      0x110 Middlewares/Third_Party/FreeRTOS/Source/tasks.o
                0x000000000800d3bc                xTaskPriorityDisinherit
 .text.vTaskPriorityDisinheritAfterTimeout
                0x000000000800d4cc      0x138 Middlewares/Third_Party/FreeRTOS/Source/tasks.o
                0x000000000800d4cc                vTaskPriorityDisinheritAfterTimeout
 .text.pvTaskIncrementMutexHeldCount
                0x000000000800d604       0x28 Middlewares/Third_Party/FreeRTOS/Source/tasks.o
                0x000000000800d604                pvTaskIncrementMutexHeldCount
 .text.prvAddCurrentTaskToDelayedList
                0x000000000800d62c       0xcc Middlewares/Third_Party/FreeRTOS/Source/tasks.o
 .text.pxPortInitialiseStack
                0x000000000800d6f8       0x68 Middlewares/Third_Party/FreeRTOS/Source/portable/GCC/ARM_CM7/r0p1/port.o
                0x000000000800d6f8                pxPortInitialiseStack
 .text.prvTaskExitError
                0x000000000800d760       0x5c Middlewares/Third_Party/FreeRTOS/Source/portable/GCC/ARM_CM7/r0p1/port.o
 *fill*         0x000000000800d7bc        0x4 
 .text.SVC_Handler
                0x000000000800d7c0       0x28 Middlewares/Third_Party/FreeRTOS/Source/portable/GCC/ARM_CM7/r0p1/port.o
                0x000000000800d7c0                SVC_Handler
 .text.prvPortStartFirstTask
                0x000000000800d7e8       0x28 Middlewares/Third_Party/FreeRTOS/Source/portable/GCC/ARM_CM7/r0p1/port.o
 .text.xPortStartScheduler
                0x000000000800d810       0xf8 Middlewares/Third_Party/FreeRTOS/Source/portable/GCC/ARM_CM7/r0p1/port.o
                0x000000000800d810                xPortStartScheduler
 .text.vPortEnterCritical
                0x000000000800d908       0x64 Middlewares/Third_Party/FreeRTOS/Source/portable/GCC/ARM_CM7/r0p1/port.o
                0x000000000800d908                vPortEnterCritical
 .text.vPortExitCritical
                0x000000000800d96c       0x54 Middlewares/Third_Party/FreeRTOS/Source/portable/GCC/ARM_CM7/r0p1/port.o
                0x000000000800d96c                vPortExitCritical
 .text.PendSV_Handler
                0x000000000800d9c0       0x68 Middlewares/Third_Party/FreeRTOS/Source/portable/GCC/ARM_CM7/r0p1/port.o
                0x000000000800d9c0                PendSV_Handler
 .text.SysTick_Handler
                0x000000000800da28       0x44 Middlewares/Third_Party/FreeRTOS/Source/portable/GCC/ARM_CM7/r0p1/port.o
                0x000000000800da28                SysTick_Handler
 .text.vPortSetupTimerInterrupt
                0x000000000800da6c       0x48 Middlewares/Third_Party/FreeRTOS/Source/portable/GCC/ARM_CM7/r0p1/port.o
                0x000000000800da6c                vPortSetupTimerInterrupt
 .text.vPortEnableVFP
                0x000000000800dab4       0x14 Middlewares/Third_Party/FreeRTOS/Source/portable/GCC/ARM_CM7/r0p1/port.o
 .text.vPortValidateInterruptPriority
                0x000000000800dac8       0x84 Middlewares/Third_Party/FreeRTOS/Source/portable/GCC/ARM_CM7/r0p1/port.o
                0x000000000800dac8                vPortValidateInterruptPriority
 .text.pvPortMalloc
                0x000000000800db4c      0x198 Middlewares/Third_Party/FreeRTOS/Source/portable/MemMang/heap_4.o
                0x000000000800db4c                pvPortMalloc
 .text.vPortFree
                0x000000000800dce4       0xb8 Middlewares/Third_Party/FreeRTOS/Source/portable/MemMang/heap_4.o
                0x000000000800dce4                vPortFree
 .text.prvHeapInit
                0x000000000800dd9c       0xc4 Middlewares/Third_Party/FreeRTOS/Source/portable/MemMang/heap_4.o
 .text.prvInsertBlockIntoFreeList
                0x000000000800de60       0xb4 Middlewares/Third_Party/FreeRTOS/Source/portable/MemMang/heap_4.o
 .text.__errno  0x000000000800df14        0xc c:/st/stm32cubeide_1.5.1/stm32cubeide/plugins/com.st.stm32cube.ide.mcu.externaltools.gnu-tools-for-stm32.7-2018-q2-update.win32_1.5.0.202011040924/tools/bin/../lib/gcc/arm-none-eabi/7.3.1/../../../../arm-none-eabi/lib/thumb/v7e-m/fpv4-sp/hard\libc_nano.a(lib_a-errno.o)
                0x000000000800df14                __errno
 .text.__libc_init_array
                0x000000000800df20       0x48 c:/st/stm32cubeide_1.5.1/stm32cubeide/plugins/com.st.stm32cube.ide.mcu.externaltools.gnu-tools-for-stm32.7-2018-q2-update.win32_1.5.0.202011040924/tools/bin/../lib/gcc/arm-none-eabi/7.3.1/../../../../arm-none-eabi/lib/thumb/v7e-m/fpv4-sp/hard\libc_nano.a(lib_a-init.o)
                0x000000000800df20                __libc_init_array
 .text.memcpy   0x000000000800df68       0x16 c:/st/stm32cubeide_1.5.1/stm32cubeide/plugins/com.st.stm32cube.ide.mcu.externaltools.gnu-tools-for-stm32.7-2018-q2-update.win32_1.5.0.202011040924/tools/bin/../lib/gcc/arm-none-eabi/7.3.1/../../../../arm-none-eabi/lib/thumb/v7e-m/fpv4-sp/hard\libc_nano.a(lib_a-memcpy-stub.o)
                0x000000000800df68                memcpy
 .text.memset   0x000000000800df7e       0x10 c:/st/stm32cubeide_1.5.1/stm32cubeide/plugins/com.st.stm32cube.ide.mcu.externaltools.gnu-tools-for-stm32.7-2018-q2-update.win32_1.5.0.202011040924/tools/bin/../lib/gcc/arm-none-eabi/7.3.1/../../../../arm-none-eabi/lib/thumb/v7e-m/fpv4-sp/hard\libc_nano.a(lib_a-memset.o)
                0x000000000800df7e                memset
 *fill*         0x000000000800df8e        0x2 
 .text.sprintf  0x000000000800df90       0x40 c:/st/stm32cubeide_1.5.1/stm32cubeide/plugins/com.st.stm32cube.ide.mcu.externaltools.gnu-tools-for-stm32.7-2018-q2-update.win32_1.5.0.202011040924/tools/bin/../lib/gcc/arm-none-eabi/7.3.1/../../../../arm-none-eabi/lib/thumb/v7e-m/fpv4-sp/hard\libc_nano.a(lib_a-sprintf.o)
                0x000000000800df90                siprintf
                0x000000000800df90                sprintf
 .text.__ssputs_r
                0x000000000800dfd0       0xb4 c:/st/stm32cubeide_1.5.1/stm32cubeide/plugins/com.st.stm32cube.ide.mcu.externaltools.gnu-tools-for-stm32.7-2018-q2-update.win32_1.5.0.202011040924/tools/bin/../lib/gcc/arm-none-eabi/7.3.1/../../../../arm-none-eabi/lib/thumb/v7e-m/fpv4-sp/hard\libc_nano.a(lib_a-nano-svfprintf.o)
                0x000000000800dfd0                __ssputs_r
 .text._svfprintf_r
                0x000000000800e084      0x1f0 c:/st/stm32cubeide_1.5.1/stm32cubeide/plugins/com.st.stm32cube.ide.mcu.externaltools.gnu-tools-for-stm32.7-2018-q2-update.win32_1.5.0.202011040924/tools/bin/../lib/gcc/arm-none-eabi/7.3.1/../../../../arm-none-eabi/lib/thumb/v7e-m/fpv4-sp/hard\libc_nano.a(lib_a-nano-svfprintf.o)
                0x000000000800e084                _svfiprintf_r
                0x000000000800e084                _svfprintf_r
 .text._printf_common
                0x000000000800e274       0xea c:/st/stm32cubeide_1.5.1/stm32cubeide/plugins/com.st.stm32cube.ide.mcu.externaltools.gnu-tools-for-stm32.7-2018-q2-update.win32_1.5.0.202011040924/tools/bin/../lib/gcc/arm-none-eabi/7.3.1/../../../../arm-none-eabi/lib/thumb/v7e-m/fpv4-sp/hard\libc_nano.a(lib_a-nano-vfprintf_i.o)
                0x000000000800e274                _printf_common
 *fill*         0x000000000800e35e        0x2 
 .text._printf_i
                0x000000000800e360      0x224 c:/st/stm32cubeide_1.5.1/stm32cubeide/plugins/com.st.stm32cube.ide.mcu.externaltools.gnu-tools-for-stm32.7-2018-q2-update.win32_1.5.0.202011040924/tools/bin/../lib/gcc/arm-none-eabi/7.3.1/../../../../arm-none-eabi/lib/thumb/v7e-m/fpv4-sp/hard\libc_nano.a(lib_a-nano-vfprintf_i.o)
                0x000000000800e360                _printf_i
 .text.memmove  0x000000000800e584       0x32 c:/st/stm32cubeide_1.5.1/stm32cubeide/plugins/com.st.stm32cube.ide.mcu.externaltools.gnu-tools-for-stm32.7-2018-q2-update.win32_1.5.0.202011040924/tools/bin/../lib/gcc/arm-none-eabi/7.3.1/../../../../arm-none-eabi/lib/thumb/v7e-m/fpv4-sp/hard\libc_nano.a(lib_a-memmove.o)
                0x000000000800e584                memmove
 *fill*         0x000000000800e5b6        0x2 
 .text._free_r  0x000000000800e5b8       0x9c c:/st/stm32cubeide_1.5.1/stm32cubeide/plugins/com.st.stm32cube.ide.mcu.externaltools.gnu-tools-for-stm32.7-2018-q2-update.win32_1.5.0.202011040924/tools/bin/../lib/gcc/arm-none-eabi/7.3.1/../../../../arm-none-eabi/lib/thumb/v7e-m/fpv4-sp/hard\libc_nano.a(lib_a-nano-freer.o)
                0x000000000800e5b8                _free_r
 .text._malloc_r
                0x000000000800e654       0xb4 c:/st/stm32cubeide_1.5.1/stm32cubeide/plugins/com.st.stm32cube.ide.mcu.externaltools.gnu-tools-for-stm32.7-2018-q2-update.win32_1.5.0.202011040924/tools/bin/../lib/gcc/arm-none-eabi/7.3.1/../../../../arm-none-eabi/lib/thumb/v7e-m/fpv4-sp/hard\libc_nano.a(lib_a-nano-mallocr.o)
                0x000000000800e654                _malloc_r
 .text._realloc_r
                0x000000000800e708       0x4c c:/st/stm32cubeide_1.5.1/stm32cubeide/plugins/com.st.stm32cube.ide.mcu.externaltools.gnu-tools-for-stm32.7-2018-q2-update.win32_1.5.0.202011040924/tools/bin/../lib/gcc/arm-none-eabi/7.3.1/../../../../arm-none-eabi/lib/thumb/v7e-m/fpv4-sp/hard\libc_nano.a(lib_a-nano-reallocr.o)
                0x000000000800e708                _realloc_r
 .text._sbrk_r  0x000000000800e754       0x20 c:/st/stm32cubeide_1.5.1/stm32cubeide/plugins/com.st.stm32cube.ide.mcu.externaltools.gnu-tools-for-stm32.7-2018-q2-update.win32_1.5.0.202011040924/tools/bin/../lib/gcc/arm-none-eabi/7.3.1/../../../../arm-none-eabi/lib/thumb/v7e-m/fpv4-sp/hard\libc_nano.a(lib_a-sbrkr.o)
                0x000000000800e754                _sbrk_r
 .text.__malloc_lock
                0x000000000800e774        0x2 c:/st/stm32cubeide_1.5.1/stm32cubeide/plugins/com.st.stm32cube.ide.mcu.externaltools.gnu-tools-for-stm32.7-2018-q2-update.win32_1.5.0.202011040924/tools/bin/../lib/gcc/arm-none-eabi/7.3.1/../../../../arm-none-eabi/lib/thumb/v7e-m/fpv4-sp/hard\libc_nano.a(lib_a-mlock.o)
                0x000000000800e774                __malloc_lock
 .text.__malloc_unlock
                0x000000000800e776        0x2 c:/st/stm32cubeide_1.5.1/stm32cubeide/plugins/com.st.stm32cube.ide.mcu.externaltools.gnu-tools-for-stm32.7-2018-q2-update.win32_1.5.0.202011040924/tools/bin/../lib/gcc/arm-none-eabi/7.3.1/../../../../arm-none-eabi/lib/thumb/v7e-m/fpv4-sp/hard\libc_nano.a(lib_a-mlock.o)
                0x000000000800e776                __malloc_unlock
 .text._malloc_usable_size_r
                0x000000000800e778       0x10 c:/st/stm32cubeide_1.5.1/stm32cubeide/plugins/com.st.stm32cube.ide.mcu.externaltools.gnu-tools-for-stm32.7-2018-q2-update.win32_1.5.0.202011040924/tools/bin/../lib/gcc/arm-none-eabi/7.3.1/../../../../arm-none-eabi/lib/thumb/v7e-m/fpv4-sp/hard\libc_nano.a(lib_a-nano-msizer.o)
                0x000000000800e778                _malloc_usable_size_r
 *(.glue_7)
 .glue_7        0x000000000800e788        0x0 linker stubs
 *(.glue_7t)
 .glue_7t       0x000000000800e788        0x0 linker stubs
 *(.eh_frame)
 .eh_frame      0x000000000800e788        0x0 c:/st/stm32cubeide_1.5.1/stm32cubeide/plugins/com.st.stm32cube.ide.mcu.externaltools.gnu-tools-for-stm32.7-2018-q2-update.win32_1.5.0.202011040924/tools/bin/../lib/gcc/arm-none-eabi/7.3.1/thumb/v7e-m/fpv4-sp/hard/crtbegin.o
 *(.init)
 .init          0x000000000800e788        0x4 c:/st/stm32cubeide_1.5.1/stm32cubeide/plugins/com.st.stm32cube.ide.mcu.externaltools.gnu-tools-for-stm32.7-2018-q2-update.win32_1.5.0.202011040924/tools/bin/../lib/gcc/arm-none-eabi/7.3.1/thumb/v7e-m/fpv4-sp/hard/crti.o
                0x000000000800e788                _init
 .init          0x000000000800e78c        0x8 c:/st/stm32cubeide_1.5.1/stm32cubeide/plugins/com.st.stm32cube.ide.mcu.externaltools.gnu-tools-for-stm32.7-2018-q2-update.win32_1.5.0.202011040924/tools/bin/../lib/gcc/arm-none-eabi/7.3.1/thumb/v7e-m/fpv4-sp/hard/crtn.o
 *(.fini)
 .fini          0x000000000800e794        0x4 c:/st/stm32cubeide_1.5.1/stm32cubeide/plugins/com.st.stm32cube.ide.mcu.externaltools.gnu-tools-for-stm32.7-2018-q2-update.win32_1.5.0.202011040924/tools/bin/../lib/gcc/arm-none-eabi/7.3.1/thumb/v7e-m/fpv4-sp/hard/crti.o
                0x000000000800e794                _fini
 .fini          0x000000000800e798        0x8 c:/st/stm32cubeide_1.5.1/stm32cubeide/plugins/com.st.stm32cube.ide.mcu.externaltools.gnu-tools-for-stm32.7-2018-q2-update.win32_1.5.0.202011040924/tools/bin/../lib/gcc/arm-none-eabi/7.3.1/thumb/v7e-m/fpv4-sp/hard/crtn.o
                0x000000000800e7a0                . = ALIGN (0x4)
                0x000000000800e7a0                _etext = .

.vfp11_veneer   0x000000000800e7a0        0x0
 .vfp11_veneer  0x000000000800e7a0        0x0 linker stubs

.v4_bx          0x000000000800e7a0        0x0
 .v4_bx         0x000000000800e7a0        0x0 linker stubs

.iplt           0x000000000800e7a0        0x0
 .iplt          0x000000000800e7a0        0x0 c:/st/stm32cubeide_1.5.1/stm32cubeide/plugins/com.st.stm32cube.ide.mcu.externaltools.gnu-tools-for-stm32.7-2018-q2-update.win32_1.5.0.202011040924/tools/bin/../lib/gcc/arm-none-eabi/7.3.1/thumb/v7e-m/fpv4-sp/hard/crtbegin.o

.rodata         0x000000000800e7a0     0x20b4
                0x000000000800e7a0                . = ALIGN (0x4)
 *(.rodata)
 .rodata        0x000000000800e7a0      0x12b Core/Src/main.o
 *fill*         0x000000000800e8cb        0x1 
 .rodata        0x000000000800e8cc        0x5 Middlewares/Third_Party/FreeRTOS/Source/tasks.o
 *(.rodata*)
 *fill*         0x000000000800e8d1        0x3 
 .rodata.Font24_Table
                0x000000000800e8d4     0x1ab8 Core/Src/stm32746g_discovery_lcd.o
                0x000000000800e8d4                Font24_Table
 .rodata.Font12_Table
                0x000000000801038c      0x474 Core/Src/stm32746g_discovery_lcd.o
                0x000000000801038c                Font12_Table
 .rodata.AHBPrescTable
                0x0000000008010800       0x10 Core/Src/system_stm32f7xx.o
                0x0000000008010800                AHBPrescTable
 .rodata.APBPrescTable
                0x0000000008010810        0x8 Core/Src/system_stm32f7xx.o
                0x0000000008010810                APBPrescTable
 .rodata.flagBitshiftOffset.9876
                0x0000000008010818        0x8 Drivers/STM32F7xx_HAL_Driver/Src/stm32f7xx_hal_dma.o
 .rodata._svfprintf_r.str1.1
                0x0000000008010820       0x11 c:/st/stm32cubeide_1.5.1/stm32cubeide/plugins/com.st.stm32cube.ide.mcu.externaltools.gnu-tools-for-stm32.7-2018-q2-update.win32_1.5.0.202011040924/tools/bin/../lib/gcc/arm-none-eabi/7.3.1/../../../../arm-none-eabi/lib/thumb/v7e-m/fpv4-sp/hard\libc_nano.a(lib_a-nano-svfprintf.o)
 .rodata._printf_i.str1.1
                0x0000000008010831       0x22 c:/st/stm32cubeide_1.5.1/stm32cubeide/plugins/com.st.stm32cube.ide.mcu.externaltools.gnu-tools-for-stm32.7-2018-q2-update.win32_1.5.0.202011040924/tools/bin/../lib/gcc/arm-none-eabi/7.3.1/../../../../arm-none-eabi/lib/thumb/v7e-m/fpv4-sp/hard\libc_nano.a(lib_a-nano-vfprintf_i.o)
                0x0000000008010854                . = ALIGN (0x4)
 *fill*         0x0000000008010853        0x1 

.ARM.extab      0x0000000008010854        0x0
                0x0000000008010854                . = ALIGN (0x4)
 *(.ARM.extab* .gnu.linkonce.armextab.*)
                0x0000000008010854                . = ALIGN (0x4)

.ARM            0x0000000008010854        0x8
                0x0000000008010854                . = ALIGN (0x4)
                0x0000000008010854                __exidx_start = .
 *(.ARM.exidx*)
 .ARM.exidx     0x0000000008010854        0x8 c:/st/stm32cubeide_1.5.1/stm32cubeide/plugins/com.st.stm32cube.ide.mcu.externaltools.gnu-tools-for-stm32.7-2018-q2-update.win32_1.5.0.202011040924/tools/bin/../lib/gcc/arm-none-eabi/7.3.1/thumb/v7e-m/fpv4-sp/hard\libgcc.a(_udivmoddi4.o)
                0x000000000801085c                __exidx_end = .
                0x000000000801085c                . = ALIGN (0x4)

.rel.dyn        0x000000000801085c        0x0
 .rel.iplt      0x000000000801085c        0x0 c:/st/stm32cubeide_1.5.1/stm32cubeide/plugins/com.st.stm32cube.ide.mcu.externaltools.gnu-tools-for-stm32.7-2018-q2-update.win32_1.5.0.202011040924/tools/bin/../lib/gcc/arm-none-eabi/7.3.1/thumb/v7e-m/fpv4-sp/hard/crtbegin.o

.preinit_array  0x000000000801085c        0x0
                0x000000000801085c                . = ALIGN (0x4)
                0x000000000801085c                PROVIDE (__preinit_array_start = .)
 *(.preinit_array*)
                0x000000000801085c                PROVIDE (__preinit_array_end = .)
                0x000000000801085c                . = ALIGN (0x4)

.init_array     0x000000000801085c        0x4
                0x000000000801085c                . = ALIGN (0x4)
                0x000000000801085c                PROVIDE (__init_array_start = .)
 *(SORT_BY_NAME(.init_array.*))
 *(.init_array*)
 .init_array    0x000000000801085c        0x4 c:/st/stm32cubeide_1.5.1/stm32cubeide/plugins/com.st.stm32cube.ide.mcu.externaltools.gnu-tools-for-stm32.7-2018-q2-update.win32_1.5.0.202011040924/tools/bin/../lib/gcc/arm-none-eabi/7.3.1/thumb/v7e-m/fpv4-sp/hard/crtbegin.o
                0x0000000008010860                PROVIDE (__init_array_end = .)
                0x0000000008010860                . = ALIGN (0x4)

.fini_array     0x0000000008010860        0x4
                0x0000000008010860                . = ALIGN (0x4)
                [!provide]                        PROVIDE (__fini_array_start = .)
 *(SORT_BY_NAME(.fini_array.*))
 *(.fini_array*)
 .fini_array    0x0000000008010860        0x4 c:/st/stm32cubeide_1.5.1/stm32cubeide/plugins/com.st.stm32cube.ide.mcu.externaltools.gnu-tools-for-stm32.7-2018-q2-update.win32_1.5.0.202011040924/tools/bin/../lib/gcc/arm-none-eabi/7.3.1/thumb/v7e-m/fpv4-sp/hard/crtbegin.o
                [!provide]                        PROVIDE (__fini_array_end = .)
                0x0000000008010864                . = ALIGN (0x4)
                0x0000000008010864                _sidata = LOADADDR (.data)

.data           0x0000000020000000       0xb8 load address 0x0000000008010864
                0x0000000020000000                . = ALIGN (0x4)
                0x0000000020000000                _sdata = .
 *(.data)
 *(.data*)
 .data.ft5336_ts_drv
                0x0000000020000000       0x28 Core/Src/ft5336.o
                0x0000000020000000                ft5336_ts_drv
 .data.radius   0x0000000020000028        0x1 Core/Src/main.o
                0x0000000020000028                radius
 *fill*         0x0000000020000029        0x3 
 .data.couleur  0x000000002000002c        0x4 Core/Src/main.o
                0x000000002000002c                couleur
 .data.Font24   0x0000000020000030        0x8 Core/Src/stm32746g_discovery_lcd.o
                0x0000000020000030                Font24
 .data.Font12   0x0000000020000038        0x8 Core/Src/stm32746g_discovery_lcd.o
                0x0000000020000038                Font12
 .data.sdramstatus.9792
                0x0000000020000040        0x1 Core/Src/stm32746g_discovery_sdram.o
 *fill*         0x0000000020000041        0x3 
 .data.SystemCoreClock
                0x0000000020000044        0x4 Core/Src/system_stm32f7xx.o
                0x0000000020000044                SystemCoreClock
 .data.uwTickPrio
                0x0000000020000048        0x4 Drivers/STM32F7xx_HAL_Driver/Src/stm32f7xx_hal.o
                0x0000000020000048                uwTickPrio
 .data.uwTickFreq
                0x000000002000004c        0x1 Drivers/STM32F7xx_HAL_Driver/Src/stm32f7xx_hal.o
                0x000000002000004c                uwTickFreq
 *fill*         0x000000002000004d        0x3 
 .data.uxCriticalNesting
                0x0000000020000050        0x4 Middlewares/Third_Party/FreeRTOS/Source/portable/GCC/ARM_CM7/r0p1/port.o
 .data._impure_ptr
                0x0000000020000054        0x4 c:/st/stm32cubeide_1.5.1/stm32cubeide/plugins/com.st.stm32cube.ide.mcu.externaltools.gnu-tools-for-stm32.7-2018-q2-update.win32_1.5.0.202011040924/tools/bin/../lib/gcc/arm-none-eabi/7.3.1/../../../../arm-none-eabi/lib/thumb/v7e-m/fpv4-sp/hard\libc_nano.a(lib_a-impure.o)
                0x0000000020000054                _impure_ptr
 .data.impure_data
                0x0000000020000058       0x60 c:/st/stm32cubeide_1.5.1/stm32cubeide/plugins/com.st.stm32cube.ide.mcu.externaltools.gnu-tools-for-stm32.7-2018-q2-update.win32_1.5.0.202011040924/tools/bin/../lib/gcc/arm-none-eabi/7.3.1/../../../../arm-none-eabi/lib/thumb/v7e-m/fpv4-sp/hard\libc_nano.a(lib_a-impure.o)
 *(.RamFunc)
 *(.RamFunc*)
                0x00000000200000b8                . = ALIGN (0x4)
                0x00000000200000b8                _edata = .

.igot.plt       0x00000000200000b8        0x0 load address 0x000000000801091c
 .igot.plt      0x00000000200000b8        0x0 c:/st/stm32cubeide_1.5.1/stm32cubeide/plugins/com.st.stm32cube.ide.mcu.externaltools.gnu-tools-for-stm32.7-2018-q2-update.win32_1.5.0.202011040924/tools/bin/../lib/gcc/arm-none-eabi/7.3.1/thumb/v7e-m/fpv4-sp/hard/crtbegin.o
                0x00000000200000b8                . = ALIGN (0x4)

.bss            0x00000000200000b8     0x8cfc load address 0x000000000801091c
                0x00000000200000b8                _sbss = .
                0x00000000200000b8                __bss_start__ = _sbss
 *(.bss)
 .bss           0x00000000200000b8       0x1c c:/st/stm32cubeide_1.5.1/stm32cubeide/plugins/com.st.stm32cube.ide.mcu.externaltools.gnu-tools-for-stm32.7-2018-q2-update.win32_1.5.0.202011040924/tools/bin/../lib/gcc/arm-none-eabi/7.3.1/thumb/v7e-m/fpv4-sp/hard/crtbegin.o
 *(.bss*)
 .bss.xIdleTaskTCBBuffer
                0x00000000200000d4       0x58 Core/Src/freertos.o
 .bss.xIdleStack
                0x000000002000012c      0x200 Core/Src/freertos.o
 .bss.ft5336_handle
                0x000000002000032c        0x3 Core/Src/ft5336.o
 *fill*         0x000000002000032f        0x1 
 .bss.coord.5529
                0x0000000020000330        0x2 Core/Src/ft5336.o
 *fill*         0x0000000020000332        0x2 
 .bss.TS_State.12458
                0x0000000020000334       0x2c Core/Src/main.o
 .bss.TS_State.12612
                0x0000000020000360       0x2c Core/Src/main.o
 .bss.hI2cAudioHandler
                0x000000002000038c       0x4c Core/Src/stm32746g_discovery.o
 .bss.hDma2dHandler
                0x00000000200003d8       0x40 Core/Src/stm32746g_discovery_lcd.o
 .bss.ActiveLayer
                0x0000000020000418        0x4 Core/Src/stm32746g_discovery_lcd.o
 .bss.DrawProp  0x000000002000041c       0x18 Core/Src/stm32746g_discovery_lcd.o
 .bss.periph_clk_init_struct.10379
                0x0000000020000434       0x84 Core/Src/stm32746g_discovery_lcd.o
 .bss.Timing    0x00000000200004b8       0x1c Core/Src/stm32746g_discovery_sdram.o
 .bss.Command   0x00000000200004d4       0x10 Core/Src/stm32746g_discovery_sdram.o
 .bss.dma_handle.9828
                0x00000000200004e4       0x60 Core/Src/stm32746g_discovery_sdram.o
 .bss.tsDriver  0x0000000020000544        0x4 Core/Src/stm32746g_discovery_ts.o
 .bss.tsXBoundary
                0x0000000020000548        0x2 Core/Src/stm32746g_discovery_ts.o
 .bss.tsYBoundary
                0x000000002000054a        0x2 Core/Src/stm32746g_discovery_ts.o
 .bss.tsOrientation
                0x000000002000054c        0x1 Core/Src/stm32746g_discovery_ts.o
 .bss.I2cAddress
                0x000000002000054d        0x1 Core/Src/stm32746g_discovery_ts.o
 *fill*         0x000000002000054e        0x2 
 .bss._x.9944   0x0000000020000550       0x14 Core/Src/stm32746g_discovery_ts.o
 .bss._y.9945   0x0000000020000564       0x14 Core/Src/stm32746g_discovery_ts.o
 .bss.FMC_Initialized
                0x0000000020000578        0x4 Core/Src/stm32f7xx_hal_msp.o
 .bss.__sbrk_heap_end
                0x000000002000057c        0x4 Core/Src/sysmem.o
 .bss.pxCurrentTCB
                0x0000000020000580        0x4 Middlewares/Third_Party/FreeRTOS/Source/tasks.o
                0x0000000020000580                pxCurrentTCB
 .bss.pxReadyTasksLists
                0x0000000020000584       0x8c Middlewares/Third_Party/FreeRTOS/Source/tasks.o
 .bss.xDelayedTaskList1
                0x0000000020000610       0x14 Middlewares/Third_Party/FreeRTOS/Source/tasks.o
 .bss.xDelayedTaskList2
                0x0000000020000624       0x14 Middlewares/Third_Party/FreeRTOS/Source/tasks.o
 .bss.pxDelayedTaskList
                0x0000000020000638        0x4 Middlewares/Third_Party/FreeRTOS/Source/tasks.o
 .bss.pxOverflowDelayedTaskList
                0x000000002000063c        0x4 Middlewares/Third_Party/FreeRTOS/Source/tasks.o
 .bss.xPendingReadyList
                0x0000000020000640       0x14 Middlewares/Third_Party/FreeRTOS/Source/tasks.o
 .bss.xTasksWaitingTermination
                0x0000000020000654       0x14 Middlewares/Third_Party/FreeRTOS/Source/tasks.o
 .bss.uxDeletedTasksWaitingCleanUp
                0x0000000020000668        0x4 Middlewares/Third_Party/FreeRTOS/Source/tasks.o
 .bss.xSuspendedTaskList
                0x000000002000066c       0x14 Middlewares/Third_Party/FreeRTOS/Source/tasks.o
 .bss.uxCurrentNumberOfTasks
                0x0000000020000680        0x4 Middlewares/Third_Party/FreeRTOS/Source/tasks.o
 .bss.xTickCount
                0x0000000020000684        0x4 Middlewares/Third_Party/FreeRTOS/Source/tasks.o
 .bss.uxTopReadyPriority
                0x0000000020000688        0x4 Middlewares/Third_Party/FreeRTOS/Source/tasks.o
 .bss.xSchedulerRunning
                0x000000002000068c        0x4 Middlewares/Third_Party/FreeRTOS/Source/tasks.o
 .bss.uxPendedTicks
                0x0000000020000690        0x4 Middlewares/Third_Party/FreeRTOS/Source/tasks.o
 .bss.xYieldPending
                0x0000000020000694        0x4 Middlewares/Third_Party/FreeRTOS/Source/tasks.o
 .bss.xNumOfOverflows
                0x0000000020000698        0x4 Middlewares/Third_Party/FreeRTOS/Source/tasks.o
 .bss.uxTaskNumber
                0x000000002000069c        0x4 Middlewares/Third_Party/FreeRTOS/Source/tasks.o
 .bss.xNextTaskUnblockTime
                0x00000000200006a0        0x4 Middlewares/Third_Party/FreeRTOS/Source/tasks.o
 .bss.xIdleTaskHandle
                0x00000000200006a4        0x4 Middlewares/Third_Party/FreeRTOS/Source/tasks.o
 .bss.uxSchedulerSuspended
                0x00000000200006a8        0x4 Middlewares/Third_Party/FreeRTOS/Source/tasks.o
 .bss.ucMaxSysCallPriority
                0x00000000200006ac        0x1 Middlewares/Third_Party/FreeRTOS/Source/portable/GCC/ARM_CM7/r0p1/port.o
 *fill*         0x00000000200006ad        0x3 
 .bss.ulMaxPRIGROUPValue
                0x00000000200006b0        0x4 Middlewares/Third_Party/FreeRTOS/Source/portable/GCC/ARM_CM7/r0p1/port.o
 .bss.ucHeap    0x00000000200006b4     0x8000 Middlewares/Third_Party/FreeRTOS/Source/portable/MemMang/heap_4.o
 .bss.xStart    0x00000000200086b4        0x8 Middlewares/Third_Party/FreeRTOS/Source/portable/MemMang/heap_4.o
 .bss.pxEnd     0x00000000200086bc        0x4 Middlewares/Third_Party/FreeRTOS/Source/portable/MemMang/heap_4.o
 .bss.xFreeBytesRemaining
                0x00000000200086c0        0x4 Middlewares/Third_Party/FreeRTOS/Source/portable/MemMang/heap_4.o
 .bss.xMinimumEverFreeBytesRemaining
                0x00000000200086c4        0x4 Middlewares/Third_Party/FreeRTOS/Source/portable/MemMang/heap_4.o
 .bss.xBlockAllocatedBit
                0x00000000200086c8        0x4 Middlewares/Third_Party/FreeRTOS/Source/portable/MemMang/heap_4.o
 .bss.__malloc_free_list
                0x00000000200086cc        0x4 c:/st/stm32cubeide_1.5.1/stm32cubeide/plugins/com.st.stm32cube.ide.mcu.externaltools.gnu-tools-for-stm32.7-2018-q2-update.win32_1.5.0.202011040924/tools/bin/../lib/gcc/arm-none-eabi/7.3.1/../../../../arm-none-eabi/lib/thumb/v7e-m/fpv4-sp/hard\libc_nano.a(lib_a-nano-mallocr.o)
                0x00000000200086cc                __malloc_free_list
 .bss.__malloc_sbrk_start
                0x00000000200086d0        0x4 c:/st/stm32cubeide_1.5.1/stm32cubeide/plugins/com.st.stm32cube.ide.mcu.externaltools.gnu-tools-for-stm32.7-2018-q2-update.win32_1.5.0.202011040924/tools/bin/../lib/gcc/arm-none-eabi/7.3.1/../../../../arm-none-eabi/lib/thumb/v7e-m/fpv4-sp/hard\libc_nano.a(lib_a-nano-mallocr.o)
                0x00000000200086d0                __malloc_sbrk_start
 *(COMMON)
 COMMON         0x00000000200086d4      0x5ba Core/Src/main.o
                0x00000000200086d4                defaultTaskHandle
                0x00000000200086d8                hi2c3
                0x0000000020008724                hspi2
                0x0000000020008788                huart7
                0x0000000020008808                PeindreHandle
                0x000000002000880c                htim8
                0x000000002000884c                hi2c1
                0x0000000020008898                myMutexLCDHandle
                0x000000002000889c                htim5
                0x00000000200088dc                htim3
                0x000000002000891c                myQueueUARTHandle
                0x0000000020008920                hltdc
                0x00000000200089c8                hadc1
                0x0000000020008a10                hadc3
                0x0000000020008a58                huart1
                0x0000000020008ad8                hdac
                0x0000000020008aec                hrtc
                0x0000000020008b0c                htim1
                0x0000000020008b4c                huart6
                0x0000000020008bcc                hdma2d
                0x0000000020008c0c                htim2
                0x0000000020008c4c                hsdram1
                0x0000000020008c80                ModeHandle
                0x0000000020008c84                rxbuffer
 *fill*         0x0000000020008c8e        0x2 