main.c:148:5:main	248	static
main.c:316:6:SystemClock_Config	216	static
main.c:391:13:MX_ADC1_Init	24	static
main.c:441:13:MX_ADC3_Init	24	static
main.c:491:13:MX_DAC_Init	16	static
main.c:529:13:MX_DMA2D_Init	8	static
main.c:566:13:MX_I2C1_Init	8	static
main.c:612:13:MX_I2C3_Init	8	static
main.c:658:13:MX_LTDC_Init	64	static
main.c:720:13:MX_RTC_Init	80	static
main.c:812:13:MX_SPI2_Init	8	static
main.c:852:13:MX_TIM1_Init	40	static
main.c:899:13:MX_TIM2_Init	40	static
main.c:944:13:MX_TIM3_Init	88	static
main.c:1010:13:MX_TIM5_Init	40	static
main.c:1055:13:MX_TIM8_Init	112	static
main.c:1134:13:MX_UART7_Init	8	static
main.c:1169:13:MX_USART1_UART_Init	8	static
main.c:1204:13:MX_USART6_UART_Init	8	static
main.c:1235:13:MX_FMC_Init	40	static
main.c:1286:13:MX_GPIO_Init	72	static
main.c:1473:6:HAL_UART_RxCpltCallback	24	static
main.c:1483:6:HAL_GPIO_EXTI_Callback	16	static
main.c:1494:6:TestConditionBord	24	static
main.c:1504:6:LCD_PAINTBRUSH	16	static
main.c:1520:6:StartDefaultTask	16	static
main.c:1538:6:StartMode	176	static
main.c:1720:6:StartPeindre	24	static
main.c:1754:6:StartTaskEtat	40	static
main.c:1824:6:HAL_TIM_PeriodElapsedCallback	16	static
main.c:1841:6:Error_Handler	4	static,ignoring_inline_asm
