main.c:130:5:main	216	static
main.c:294:6:SystemClock_Config	216	static
main.c:369:13:MX_ADC1_Init	24	static
main.c:419:13:MX_ADC3_Init	24	static
main.c:469:13:MX_DAC_Init	16	static
main.c:507:13:MX_DMA2D_Init	8	static
main.c:544:13:MX_I2C1_Init	8	static
main.c:590:13:MX_I2C3_Init	8	static
main.c:636:13:MX_LTDC_Init	64	static
main.c:698:13:MX_RTC_Init	80	static
main.c:790:13:MX_SPI2_Init	8	static
main.c:830:13:MX_TIM1_Init	40	static
main.c:877:13:MX_TIM2_Init	40	static
main.c:922:13:MX_TIM3_Init	88	static
main.c:988:13:MX_TIM5_Init	40	static
main.c:1033:13:MX_TIM8_Init	112	static
main.c:1112:13:MX_UART7_Init	8	static
main.c:1147:13:MX_USART1_UART_Init	8	static
main.c:1182:13:MX_USART6_UART_Init	8	static
main.c:1213:13:MX_FMC_Init	40	static
main.c:1264:13:MX_GPIO_Init	72	static
main.c:1441:6:HAL_UART_RxCpltCallback	24	static
main.c:1455:6:TestConditionBord	24	static
main.c:1465:6:LCD_PAINTBRUSH	16	static
main.c:1482:6:StartDefaultTask	16	static
main.c:1500:6:StartMode	152	static
main.c:1560:6:StartPeindre	24	static
main.c:1595:6:HAL_TIM_PeriodElapsedCallback	16	static
main.c:1612:6:Error_Handler	4	static,ignoring_inline_asm
