main.c:156:5:main	248	static
main.c:324:6:SystemClock_Config	216	static
main.c:399:13:MX_ADC1_Init	24	static
main.c:449:13:MX_ADC3_Init	24	static
main.c:499:13:MX_DAC_Init	16	static
main.c:537:13:MX_DMA2D_Init	8	static
main.c:574:13:MX_I2C1_Init	8	static
main.c:620:13:MX_I2C3_Init	8	static
main.c:666:13:MX_LTDC_Init	64	static
main.c:728:13:MX_RTC_Init	80	static
main.c:820:13:MX_SPI2_Init	8	static
main.c:860:13:MX_TIM1_Init	40	static
main.c:907:13:MX_TIM2_Init	40	static
main.c:952:13:MX_TIM3_Init	88	static
main.c:1018:13:MX_TIM5_Init	40	static
main.c:1063:13:MX_TIM8_Init	112	static
main.c:1142:13:MX_UART7_Init	8	static
main.c:1177:13:MX_USART1_UART_Init	8	static
main.c:1212:13:MX_USART6_UART_Init	8	static
main.c:1243:13:MX_FMC_Init	40	static
main.c:1294:13:MX_GPIO_Init	72	static
main.c:1481:6:HAL_UART_RxCpltCallback	24	static
main.c:1493:6:HAL_GPIO_EXTI_Callback	16	static
main.c:1504:6:TestConditionBord	24	static
main.c:1514:6:LCD_PAINTBRUSH	16	static
main.c:1527:6:AfficheTonalite	64	static
main.c:1594:6:AfficheLuminosite	32	static
main.c:1616:6:AfficheSaturation	32	static
main.c:1639:10:FindCouleur	64	static
main.c:1696:7:FindTonalite	24	static
main.c:1707:7:FindLuminosite	16	static
main.c:1715:7:FindSaturation	16	static
main.c:1720:7:modulo	24	static
main.c:1727:7:absolu	16	static
main.c:1741:6:StartDefaultTask	16	static
main.c:1759:6:StartMode	240	static
main.c:2080:6:StartPeindre	24	static
main.c:2114:6:StartTaskEtat	40	static
main.c:2184:6:HAL_TIM_PeriodElapsedCallback	16	static
main.c:2201:6:Error_Handler	4	static,ignoring_inline_asm
