main.c:128:5:main	216	static
main.c:292:6:SystemClock_Config	216	static
main.c:367:13:MX_ADC1_Init	24	static
main.c:417:13:MX_ADC3_Init	24	static
main.c:467:13:MX_DAC_Init	16	static
main.c:505:13:MX_DMA2D_Init	8	static
main.c:542:13:MX_I2C1_Init	8	static
main.c:588:13:MX_I2C3_Init	8	static
main.c:634:13:MX_LTDC_Init	64	static
main.c:696:13:MX_RTC_Init	80	static
main.c:788:13:MX_SPI2_Init	8	static
main.c:828:13:MX_TIM1_Init	40	static
main.c:875:13:MX_TIM2_Init	40	static
main.c:920:13:MX_TIM3_Init	88	static
main.c:986:13:MX_TIM5_Init	40	static
main.c:1031:13:MX_TIM8_Init	112	static
main.c:1110:13:MX_UART7_Init	8	static
main.c:1145:13:MX_USART1_UART_Init	8	static
main.c:1180:13:MX_USART6_UART_Init	8	static
main.c:1211:13:MX_FMC_Init	40	static
main.c:1262:13:MX_GPIO_Init	72	static
main.c:1439:6:HAL_UART_RxCpltCallback	24	static
main.c:1453:6:TestConditionBord	24	static
main.c:1471:6:StartDefaultTask	16	static
main.c:1489:6:StartMode	152	static
main.c:1548:6:StartPeindre	24	static
main.c:1583:6:HAL_TIM_PeriodElapsedCallback	16	static
main.c:1600:6:Error_Handler	4	static,ignoring_inline_asm
