main.c:127:5:main	192	static
main.c:282:6:SystemClock_Config	216	static
main.c:357:13:MX_ADC1_Init	24	static
main.c:407:13:MX_ADC3_Init	24	static
main.c:457:13:MX_DAC_Init	16	static
main.c:495:13:MX_DMA2D_Init	8	static
main.c:532:13:MX_I2C1_Init	8	static
main.c:578:13:MX_I2C3_Init	8	static
main.c:624:13:MX_LTDC_Init	64	static
main.c:686:13:MX_RTC_Init	80	static
main.c:778:13:MX_SPI2_Init	8	static
main.c:818:13:MX_TIM1_Init	40	static
main.c:865:13:MX_TIM2_Init	40	static
main.c:910:13:MX_TIM3_Init	88	static
main.c:976:13:MX_TIM5_Init	40	static
main.c:1021:13:MX_TIM8_Init	112	static
main.c:1100:13:MX_UART7_Init	8	static
main.c:1135:13:MX_USART1_UART_Init	8	static
main.c:1170:13:MX_USART6_UART_Init	8	static
main.c:1201:13:MX_FMC_Init	40	static
main.c:1252:13:MX_GPIO_Init	72	static
main.c:1429:6:HAL_UART_RxCpltCallback	24	static
main.c:1448:6:StartDefaultTask	16	static
main.c:1466:6:StartMode	64	static
main.c:1521:6:HAL_TIM_PeriodElapsedCallback	16	static
main.c:1538:6:Error_Handler	4	static,ignoring_inline_asm
